12-05 18:59:06.107   646   683 I RILC-MTK: set request 2502 to protocal 1, proxyId=3
12-05 18:59:06.109   646   674 I RILC-MTK: proxy id:3, proxyName: RIL_CMD_PROXY_1, QUERY_MODEM_THERMAL pRI=0xa93b90a0 p=0xa93b2230 execute on RIL_CMD_PROXY_1 using channel 3
12-05 18:59:06.109   646   674 D RIL     : onRequest: QUERY_MODEM_THERMAL, datalen = 4, radioState:10
12-05 18:59:06.109   646   674 D RIL-OEM : requestQueryThermal Enter,-1
12-05 18:59:06.110   646   674 I AT      : AT> AT+ETHERMAL (RIL_CMD_READER_3, tid:2864867616)
12-05 18:59:06.125   646   689 I AT      : AT< +ETHERMAL: 3, 34, -127, -1, 32767, 18 (RIL_CMD_READER_3, tid:2864867616)
12-05 18:59:06.128   646   689 I AT      : AT< OK (RIL_CMD_READER_3, tid:2864867616)
12-05 18:59:06.128   646   674 D RIL-OEM : requestQueryThermal success
12-05 18:59:08.320   646   686 I AT      : AT< +ECSQ: 20,19,1,1,1,-40,-487,7,9 (RIL_URC_READER, tid:0)
12-05 18:59:08.320   646   686 I RILC    : RIL_SOCKET_1 UNSOLICITED: UNSOL_SIGNAL_STRENGTH length:72
12-05 18:59:08.322   746   788 D RilMalClient: command Fd not ready here
12-05 18:59:08.324  1227  1227 D SST     : [GsmSST0] handle EVENT_SIGNAL_STRENGTH_UPDATE
12-05 18:59:08.324  1227  1227 W SignalStrength: Signal before validate=SignalStrength: 0 19 -1 -1 -1 -1 -1 99 121 10 22 2147483647 2147483647 gsm|lte 2147483647 2147483647 2147483647
12-05 18:59:08.325  1227  1227 W SignalStrength: Signal after validate=SignalStrength: 0 19 -120 -160 -120 -1 -1 99 -121 -10 22 2147483647 2147483647 gsm|lte 2147483647 2147483647 2147483647
12-05 18:59:08.329  1227  1227 D SubscriptionController: [getPhoneId] asked for default subId=-1
12-05 18:59:08.332   728  1513 I use-Rlog/RLOG-GSM: getLTELevel - rsrp:-121 snr:22 rsrpIconLevel:0 snrIconLevel:2
12-05 18:59:08.332   728  1513 W SignalStrength: getTdScdmaLevel = 0
12-05 18:59:08.332   728  1513 W SignalStrength: getLevel=0
12-05 18:59:13.439   646   686 I AT      : AT< +ECSQ: 20,19,1,1,1,-39,-486,7,12 (RIL_URC_READER, tid:0)
12-05 18:59:13.440   646   686 I RILC    : RIL_SOCKET_1 UNSOLICITED: UNSOL_SIGNAL_STRENGTH length:72
12-05 18:59:13.442   746   788 D RilMalClient: command Fd not ready here
12-05 18:59:13.444  1227  1227 D SST     : [GsmSST0] handle EVENT_SIGNAL_STRENGTH_UPDATE
12-05 18:59:13.444  1227  1227 W SignalStrength: Signal before validate=SignalStrength: 0 19 -1 -1 -1 -1 -1 99 121 9 30 2147483647 2147483647 gsm|lte 2147483647 2147483647 2147483647
12-05 18:59:13.445  1227  1227 W SignalStrength: Signal after validate=SignalStrength: 0 19 -120 -160 -120 -1 -1 99 -121 -9 30 2147483647 2147483647 gsm|lte 2147483647 2147483647 2147483647
12-05 18:59:13.448  1227  1227 D SubscriptionController: [getPhoneId] asked for default subId=-1
12-05 18:59:13.451   728  1103 I use-Rlog/RLOG-GSM: getLTELevel - rsrp:-121 snr:30 rsrpIconLevel:0 snrIconLevel:2
12-05 18:59:13.451   728  1103 W SignalStrength: getTdScdmaLevel = 0
12-05 18:59:13.452   728  1103 W SignalStrength: getLevel=0
12-05 18:59:16.133   646   683 I RILC    : NUMBER:1
12-05 18:59:16.134   646   683 I RILC    : arg len:14
12-05 18:59:16.134   646   683 I RILC    : ARGS[0]:THERMAL,0,-1
12-05 18:59:16.134   646   683 I RILC-MTK: set request 2502 to protocal 1, proxyId=3
12-05 18:59:16.135   646   674 I RILC-MTK: proxy id:3, proxyName: RIL_CMD_PROXY_1, QUERY_MODEM_THERMAL pRI=0xa93b9160 p=0xa93b2498 execute on RIL_CMD_PROXY_1 using channel 3
12-05 18:59:16.135   646   674 D RIL     : onRequest: QUERY_MODEM_THERMAL, datalen = 4, radioState:10
12-05 18:59:16.136   646   674 D RIL-OEM : requestQueryThermal Enter,-1
12-05 18:59:16.136   646   674 I AT      : AT> AT+ETHERMAL (RIL_CMD_READER_3, tid:2864867616)
12-05 18:59:16.153   646   689 I AT      : AT< +ETHERMAL: 3, 34, -127, -1, 32767, 18 (RIL_CMD_READER_3, tid:2864867616)
12-05 18:59:16.153   646   689 I AT      : AT< OK (RIL_CMD_READER_3, tid:2864867616)
12-05 18:59:16.154   646   674 D RIL-OEM : requestQueryThermal success
12-05 18:59:18.256  1227  1227 D FdManager: [GDCT][phoneId0]onReceive: action=android.intent.action.BATTERY_CHANGED
12-05 18:59:18.256  1227  1227 D FdManager: [GDCT][phoneId1]onReceive: action=android.intent.action.BATTERY_CHANGED
12-05 18:59:18.261   728   728 I notification_cancel: [10017,994,com.android.systemui,2131886132,low_battery,-1,0,1088,8,NULL]
12-05 18:59:18.559   646   686 I AT      : AT< +ECSQ: 21,19,1,1,1,-38,-485,7,13 (RIL_URC_READER, tid:0)
12-05 18:59:18.559   646   686 I RILC    : RIL_SOCKET_1 UNSOLICITED: UNSOL_SIGNAL_STRENGTH length:72
12-05 18:59:18.562   746   788 D RilMalClient: command Fd not ready here
12-05 18:59:18.564  1227  1227 D SST     : [GsmSST0] handle EVENT_SIGNAL_STRENGTH_UPDATE
12-05 18:59:18.564  1227  1227 W SignalStrength: Signal before validate=SignalStrength: 0 19 -1 -1 -1 -1 -1 99 121 9 32 2147483647 2147483647 gsm|lte 2147483647 2147483647 2147483647
12-05 18:59:18.564  1227  1227 W SignalStrength: Signal after validate=SignalStrength: 0 19 -120 -160 -120 -1 -1 99 -121 -9 32 2147483647 2147483647 gsm|lte 2147483647 2147483647 2147483647
12-05 18:59:18.568  1227  1227 D SubscriptionController: [getPhoneId] asked for default subId=-1
12-05 18:59:18.572   728  1514 I use-Rlog/RLOG-GSM: getLTELevel - rsrp:-121 snr:32 rsrpIconLevel:0 snrIconLevel:2
12-05 18:59:18.572   728  1514 W SignalStrength: getTdScdmaLevel = 0
12-05 18:59:18.573   728  1514 W SignalStrength: getLevel=0
12-05 18:59:23.679   646   686 I AT      : AT< +ECSQ: 22,20,1,1,1,-35,-484,7,14 (RIL_URC_READER, tid:0)
12-05 18:59:23.680   646   686 I RILC    : RIL_SOCKET_1 UNSOLICITED: UNSOL_SIGNAL_STRENGTH length:72
12-05 18:59:23.682   746   788 D RilMalClient: command Fd not ready here
12-05 18:59:23.684  1227  1227 D SST     : [GsmSST0] handle EVENT_SIGNAL_STRENGTH_UPDATE
12-05 18:59:23.685  1227  1227 W SignalStrength: Signal before validate=SignalStrength: 0 20 -1 -1 -1 -1 -1 99 121 8 35 2147483647 2147483647 gsm|lte 2147483647 2147483647 2147483647
12-05 18:59:23.685  1227  1227 W SignalStrength: Signal after validate=SignalStrength: 0 20 -120 -160 -120 -1 -1 99 -121 -8 35 2147483647 2147483647 gsm|lte 2147483647 2147483647 2147483647
12-05 18:59:23.691  1227  1227 D SubscriptionController: [getPhoneId] asked for default subId=-1
12-05 18:59:23.693   728  1100 I use-Rlog/RLOG-GSM: getLTELevel - rsrp:-121 snr:35 rsrpIconLevel:0 snrIconLevel:2
12-05 18:59:23.694   728  1100 W SignalStrength: getTdScdmaLevel = 0
12-05 18:59:23.694   728  1100 W SignalStrength: getLevel=0
12-05 18:59:26.160   646   683 I RILC    : NUMBER:1
12-05 18:59:26.161   646   683 I RILC    : arg len:14
12-05 18:59:26.161   646   683 I RILC    : ARGS[0]:THERMAL,0,-1
12-05 18:59:26.161   646   683 I RILC-MTK: set request 2502 to protocal 1, proxyId=3
12-05 18:59:26.163   646   674 I RILC-MTK: proxy id:3, proxyName: RIL_CMD_PROXY_1, QUERY_MODEM_THERMAL pRI=0xa93b9180 p=0xa93b2508 execute on RIL_CMD_PROXY_1 using channel 3
12-05 18:59:26.164   646   674 D RIL     : onRequest: QUERY_MODEM_THERMAL, datalen = 4, radioState:10
12-05 18:59:26.164   646   674 D RIL-OEM : requestQueryThermal Enter,-1
12-05 18:59:26.164   646   674 I AT      : AT> AT+ETHERMAL (RIL_CMD_READER_3, tid:2864867616)
12-05 18:59:26.179   646   689 I AT      : AT< +ETHERMAL: 3, 34, -127, -1, 32767, 18 (RIL_CMD_READER_3, tid:2864867616)
12-05 18:59:26.180   646   689 I AT      : AT< OK (RIL_CMD_READER_3, tid:2864867616)
12-05 18:59:26.180   646   674 D RIL-OEM : requestQueryThermal success
12-05 18:59:28.799   646   686 I AT      : AT< +ECSQ: 22,21,1,1,1,-35,-479,7,19 (RIL_URC_READER, tid:0)
12-05 18:59:28.800   646   686 I RILC    : RIL_SOCKET_1 UNSOLICITED: UNSOL_SIGNAL_STRENGTH length:72
12-05 18:59:28.802   746   788 D RilMalClient: command Fd not ready here
12-05 18:59:28.804  1227  1227 D SST     : [GsmSST0] handle EVENT_SIGNAL_STRENGTH_UPDATE
12-05 18:59:28.805  1227  1227 W SignalStrength: Signal before validate=SignalStrength: 0 21 -1 -1 -1 -1 -1 99 119 8 47 2147483647 2147483647 gsm|lte 2147483647 2147483647 2147483647
12-05 18:59:28.805  1227  1227 W SignalStrength: Signal after validate=SignalStrength: 0 21 -120 -160 -120 -1 -1 99 -119 -8 47 2147483647 2147483647 gsm|lte 2147483647 2147483647 2147483647
12-05 18:59:28.808  1227  1227 D SubscriptionController: [getPhoneId] asked for default subId=-1
12-05 18:59:28.811   728  1387 I use-Rlog/RLOG-GSM: getLTELevel - rsrp:-119 snr:47 rsrpIconLevel:0 snrIconLevel:3
12-05 18:59:28.811   728  1387 W SignalStrength: getTdScdmaLevel = 0
12-05 18:59:28.812   728  1387 W SignalStrength: getLevel=0
12-05 18:59:33.919   646   686 I AT      : AT< +ECSQ: 21,20,1,1,1,-38,-481,7,20 (RIL_URC_READER, tid:0)
12-05 18:59:33.920   646   686 I RILC    : RIL_SOCKET_1 UNSOLICITED: UNSOL_SIGNAL_STRENGTH length:72
12-05 18:59:33.922   746   788 D RilMalClient: command Fd not ready here
12-05 18:59:33.924  1227  1227 D SST     : [GsmSST0] handle EVENT_SIGNAL_STRENGTH_UPDATE
12-05 18:59:33.925  1227  1227 W SignalStrength: Signal before validate=SignalStrength: 0 20 -1 -1 -1 -1 -1 99 120 9 50 2147483647 2147483647 gsm|lte 2147483647 2147483647 2147483647
12-05 18:59:33.925  1227  1227 W SignalStrength: Signal after validate=SignalStrength: 0 20 -120 -160 -120 -1 -1 99 -120 -9 50 2147483647 2147483647 gsm|lte 2147483647 2147483647 2147483647
12-05 18:59:33.929  1227  1227 D SubscriptionController: [getPhoneId] asked for default subId=-1
12-05 18:59:33.931   728   741 I use-Rlog/RLOG-GSM: getLTELevel - rsrp:-120 snr:50 rsrpIconLevel:0 snrIconLevel:3
12-05 18:59:33.932   728   741 W SignalStrength: getTdScdmaLevel = 0
12-05 18:59:33.932   728   741 W SignalStrength: getLevel=0
12-05 18:59:36.187   646   683 I RILC    : NUMBER:1
12-05 18:59:36.187   646   683 I RILC    : arg len:14
12-05 18:59:36.187   646   683 I RILC    : ARGS[0]:THERMAL,0,-1
12-05 18:59:36.187   646   683 I RILC-MTK: set request 2502 to protocal 1, proxyId=3
12-05 18:59:36.188   646   674 I RILC-MTK: proxy id:3, proxyName: RIL_CMD_PROXY_1, QUERY_MODEM_THERMAL pRI=0xa93b9000 p=0xa93b21f8 execute on RIL_CMD_PROXY_1 using channel 3
12-05 18:59:36.189   646   674 D RIL     : onRequest: QUERY_MODEM_THERMAL, datalen = 4, radioState:10
12-05 18:59:36.189   646   674 D RIL-OEM : requestQueryThermal Enter,-1
12-05 18:59:36.189   646   674 I AT      : AT> AT+ETHERMAL (RIL_CMD_READER_3, tid:2864867616)
12-05 18:59:36.207   646   689 I AT      : AT< +ETHERMAL: 3, 33, -127, -1, 32767, 18 (RIL_CMD_READER_3, tid:2864867616)
12-05 18:59:36.207   646   689 I AT      : AT< OK (RIL_CMD_READER_3, tid:2864867616)
12-05 18:59:36.208   646   674 D RIL-OEM : requestQueryThermal success
12-05 18:59:39.039   646   686 I AT      : AT< +ECSQ: 21,20,1,1,1,-37,-482,7,20 (RIL_URC_READER, tid:0)
12-05 18:59:39.039   646   686 I RILC    : RIL_SOCKET_1 UNSOLICITED: UNSOL_SIGNAL_STRENGTH length:72
12-05 18:59:39.042   746   788 D RilMalClient: command Fd not ready here
12-05 18:59:39.044  1227  1227 D SST     : [GsmSST0] handle EVENT_SIGNAL_STRENGTH_UPDATE
12-05 18:59:39.045  1227  1227 W SignalStrength: Signal before validate=SignalStrength: 0 20 -1 -1 -1 -1 -1 99 120 9 50 2147483647 2147483647 gsm|lte 2147483647 2147483647 2147483647
12-05 18:59:39.046  1227  1227 W SignalStrength: Signal after validate=SignalStrength: 0 20 -120 -160 -120 -1 -1 99 -120 -9 50 2147483647 2147483647 gsm|lte 2147483647 2147483647 2147483647
12-05 18:59:44.159   646   686 I AT      : AT< +ECSQ: 19,20,1,1,1,-42,-483,7,17 (RIL_URC_READER, tid:0)
12-05 18:59:44.160   646   686 I RILC    : RIL_SOCKET_1 UNSOLICITED: UNSOL_SIGNAL_STRENGTH length:72
12-05 18:59:44.162   746   788 D RilMalClient: command Fd not ready here
12-05 18:59:44.164  1227  1227 D SST     : [GsmSST0] handle EVENT_SIGNAL_STRENGTH_UPDATE
12-05 18:59:44.164  1227  1227 W SignalStrength: Signal before validate=SignalStrength: 0 20 -1 -1 -1 -1 -1 99 120 10 42 2147483647 2147483647 gsm|lte 2147483647 2147483647 2147483647
12-05 18:59:44.164  1227  1227 W SignalStrength: Signal after validate=SignalStrength: 0 20 -120 -160 -120 -1 -1 99 -120 -10 42 2147483647 2147483647 gsm|lte 2147483647 2147483647 2147483647
12-05 18:59:44.168  1227  1227 D SubscriptionController: [getPhoneId] asked for default subId=-1
12-05 18:59:44.171   728  1387 I use-Rlog/RLOG-GSM: getLTELevel - rsrp:-120 snr:42 rsrpIconLevel:0 snrIconLevel:2
12-05 18:59:44.171   728  1387 W SignalStrength: getTdScdmaLevel = 0
12-05 18:59:44.171   728  1387 W SignalStrength: getLevel=0
12-05 18:59:46.214   646   683 I RILC    : NUMBER:1
12-05 18:59:46.214   646   683 I RILC    : arg len:14
12-05 18:59:46.214   646   683 I RILC    : ARGS[0]:THERMAL,0,-1
12-05 18:59:46.215   646   683 I RILC-MTK: set request 2502 to protocal 1, proxyId=3
12-05 18:59:46.216   646   674 I RILC-MTK: proxy id:3, proxyName: RIL_CMD_PROXY_1, QUERY_MODEM_THERMAL pRI=0xa93b9020 p=0xa93b2268 execute on RIL_CMD_PROXY_1 using channel 3
12-05 18:59:46.216   646   674 D RIL     : onRequest: QUERY_MODEM_THERMAL, datalen = 4, radioState:10
12-05 18:59:46.216   646   674 D RIL-OEM : requestQueryThermal Enter,-1
12-05 18:59:46.217   646   674 I AT      : AT> AT+ETHERMAL (RIL_CMD_READER_3, tid:2864867616)
12-05 18:59:46.234   646   689 I AT      : AT< +ETHERMAL: 3, 33, -127, -1, 32767, 18 (RIL_CMD_READER_3, tid:2864867616)
12-05 18:59:46.234   646   689 I AT      : AT< OK (RIL_CMD_READER_3, tid:2864867616)
12-05 18:59:46.235   646   674 D RIL-OEM : requestQueryThermal success
12-05 18:59:46.687  1227  1227 D RILJ    : [3761]> RIL_REQUEST_GET_ACTIVITY_INFO [SUB0]
12-05 18:59:46.691   746   785 D RIL-RP  : [RilProxy] onRequest: request = 135, datalen = 0, radioState:10, slotId = 0
12-05 18:59:46.692   646   674 I RILC-MTK: proxy id:3, proxyName: RIL_CMD_PROXY_1, RIL_REQUEST_GET_ACTIVITY_INFO pRI=0xa93b9100 p=0xa93b22d8 execute on RIL_CMD_PROXY_1 using channel 3
12-05 18:59:46.692   646   674 D RIL     : onRequest: RIL_REQUEST_GET_ACTIVITY_INFO, datalen = 0, radioState:10
12-05 18:59:46.692   646   674 I AT      : AT> AT+ERFTX=9 (RIL_CMD_READER_3, tid:2864867616)
12-05 18:59:46.700   646   689 I AT      : AT< +CME ERROR: 100 (RIL_CMD_READER_3, tid:2864867616)
12-05 18:59:46.701   646   674 E RIL-OEM : requestGetActivityInfo error
12-05 18:59:46.702  1227  1348 D RILJ    : [3761]< RIL_REQUEST_GET_ACTIVITY_INFO ModemActivityInfo{ mTimestamp=0 mSleepTimeMs=0 mIdleTimeMs=0 mTxTimeMs[]=[0, 0, 0, 0, 0] mRxTimeMs=0 mEnergyUsed=0} [SUB0]
12-05 18:59:49.279   646   686 I AT      : AT< +ECSQ: 20,20,1,1,1,-40,-483,7,16 (RIL_URC_READER, tid:0)
12-05 18:59:49.280   646   686 I RILC    : RIL_SOCKET_1 UNSOLICITED: UNSOL_SIGNAL_STRENGTH length:72
12-05 18:59:49.283   746   788 D RilMalClient: command Fd not ready here
12-05 18:59:49.285  1227  1227 D SST     : [GsmSST0] handle EVENT_SIGNAL_STRENGTH_UPDATE
12-05 18:59:49.286  1227  1227 W SignalStrength: Signal before validate=SignalStrength: 0 20 -1 -1 -1 -1 -1 99 120 10 40 2147483647 2147483647 gsm|lte 2147483647 2147483647 2147483647
12-05 18:59:49.286  1227  1227 W SignalStrength: Signal after validate=SignalStrength: 0 20 -120 -160 -120 -1 -1 99 -120 -10 40 2147483647 2147483647 gsm|lte 2147483647 2147483647 2147483647
12-05 18:59:49.290  1227  1227 D SubscriptionController: [getPhoneId] asked for default subId=-1
12-05 18:59:49.293   728  1100 I use-Rlog/RLOG-GSM: getLTELevel - rsrp:-120 snr:40 rsrpIconLevel:0 snrIconLevel:2
12-05 18:59:49.293   728  1100 W SignalStrength: getTdScdmaLevel = 0
12-05 18:59:49.293   728  1100 W SignalStrength: getLevel=0
12-05 18:59:54.399   646   686 I AT      : AT< +ECSQ: 21,20,1,1,1,-38,-482,7,18 (RIL_URC_READER, tid:0)
12-05 18:59:54.399   646   686 I RILC    : RIL_SOCKET_1 UNSOLICITED: UNSOL_SIGNAL_STRENGTH length:72
12-05 18:59:54.402   746   788 D RilMalClient: command Fd not ready here
12-05 18:59:54.404  1227  1227 D SST     : [GsmSST0] handle EVENT_SIGNAL_STRENGTH_UPDATE
12-05 18:59:54.404  1227  1227 W SignalStrength: Signal before validate=SignalStrength: 0 20 -1 -1 -1 -1 -1 99 120 9 45 2147483647 2147483647 gsm|lte 2147483647 2147483647 2147483647
12-05 18:59:54.404  1227  1227 W SignalStrength: Signal after validate=SignalStrength: 0 20 -120 -160 -120 -1 -1 99 -120 -9 45 2147483647 2147483647 gsm|lte 2147483647 2147483647 2147483647
12-05 18:59:54.408  1227  1227 D SubscriptionController: [getPhoneId] asked for default subId=-1
12-05 18:59:54.410   728  1387 I use-Rlog/RLOG-GSM: getLTELevel - rsrp:-120 snr:45 rsrpIconLevel:0 snrIconLevel:3
12-05 18:59:54.411   728  1387 W SignalStrength: getTdScdmaLevel = 0
12-05 18:59:54.411   728  1387 W SignalStrength: getLevel=0
12-05 18:59:56.245   646   683 I RILC    : NUMBER:1
12-05 18:59:56.245   646   683 I RILC    : arg len:14
12-05 18:59:56.245   646   683 I RILC    : ARGS[0]:THERMAL,0,-1
12-05 18:59:56.246   646   683 I RILC-MTK: set request 2502 to protocal 1, proxyId=3
12-05 18:59:56.247   646   674 I RILC-MTK: proxy id:3, proxyName: RIL_CMD_PROXY_1, QUERY_MODEM_THERMAL pRI=0xa93b91e0 p=0xa93b26c8 execute on RIL_CMD_PROXY_1 using channel 3
12-05 18:59:56.247   646   674 D RIL     : onRequest: QUERY_MODEM_THERMAL, datalen = 4, radioState:10
12-05 18:59:56.248   646   674 D RIL-OEM : requestQueryThermal Enter,-1
12-05 18:59:56.248   646   674 I AT      : AT> AT+ETHERMAL (RIL_CMD_READER_3, tid:2864867616)
12-05 18:59:56.262   646   689 I AT      : AT< +ETHERMAL: 3, 34, -127, -1, 32767, 18 (RIL_CMD_READER_3, tid:2864867616)
12-05 18:59:56.264   646   689 I AT      : AT< OK (RIL_CMD_READER_3, tid:2864867616)
12-05 18:59:56.265   646   674 D RIL-OEM : requestQueryThermal success
12-05 18:59:58.275   728   728 I notification_cancel: [10017,994,com.android.systemui,2131886132,low_battery,-1,0,1088,8,NULL]
12-05 18:59:58.282  1227  1227 D FdManager: [GDCT][phoneId0]onReceive: action=android.intent.action.BATTERY_CHANGED
12-05 18:59:58.284  1227  1227 D FdManager: [GDCT][phoneId1]onReceive: action=android.intent.action.BATTERY_CHANGED
12-05 18:59:59.517   646   686 I AT      : AT< +ECSQ: 22,22,1,1,1,-35,-476,7,21 (RIL_URC_READER, tid:0)
12-05 18:59:59.517   646   686 I RILC    : RIL_SOCKET_1 UNSOLICITED: UNSOL_SIGNAL_STRENGTH length:72
12-05 18:59:59.518   746   788 D RilMalClient: command Fd not ready here
12-05 18:59:59.519  1227  1227 D SST     : [GsmSST0] handle EVENT_SIGNAL_STRENGTH_UPDATE
12-05 18:59:59.519  1227  1227 W SignalStrength: Signal before validate=SignalStrength: 0 22 -1 -1 -1 -1 -1 99 119 8 52 2147483647 2147483647 gsm|lte 2147483647 2147483647 2147483647
12-05 18:59:59.519  1227  1227 W SignalStrength: Signal after validate=SignalStrength: 0 22 -120 -160 -120 -1 -1 99 -119 -8 52 2147483647 2147483647 gsm|lte 2147483647 2147483647 2147483647
12-05 18:59:59.520  1227  1227 D SubscriptionController: [getPhoneId] asked for default subId=-1
12-05 18:59:59.521   728   740 I use-Rlog/RLOG-GSM: getLTELevel - rsrp:-119 snr:52 rsrpIconLevel:0 snrIconLevel:3
12-05 18:59:59.521   728   740 W SignalStrength: getTdScdmaLevel = 0
12-05 18:59:59.521   728   740 W SignalStrength: getLevel=0
12-05 19:00:00.174   728   753 I am_pss  : [1515,10010,com.android.launcher3,42485760,36167680,0]
12-05 19:00:04.639   646   686 I AT      : AT< +ECSQ: 21,22,1,1,1,-37,-475,7,24 (RIL_URC_READER, tid:0)
12-05 19:00:04.640   646   686 I RILC    : RIL_SOCKET_1 UNSOLICITED: UNSOL_SIGNAL_STRENGTH length:72
12-05 19:00:04.643   746   788 D RilMalClient: command Fd not ready here
12-05 19:00:04.645  1227  1227 D SST     : [GsmSST0] handle EVENT_SIGNAL_STRENGTH_UPDATE
12-05 19:00:04.645  1227  1227 W SignalStrength: Signal before validate=SignalStrength: 0 22 -1 -1 -1 -1 -1 99 118 9 60 2147483647 2147483647 gsm|lte 2147483647 2147483647 2147483647
12-05 19:00:04.646  1227  1227 W SignalStrength: Signal after validate=SignalStrength: 0 22 -120 -160 -120 -1 -1 99 -118 -9 60 2147483647 2147483647 gsm|lte 2147483647 2147483647 2147483647
12-05 19:00:04.649  1227  1227 D SubscriptionController: [getPhoneId] asked for default subId=-1
12-05 19:00:04.652   728  1514 I use-Rlog/RLOG-GSM: getLTELevel - rsrp:-118 snr:60 rsrpIconLevel:0 snrIconLevel:3
12-05 19:00:04.652   728  1514 W SignalStrength: getTdScdmaLevel = 0
12-05 19:00:04.652   728  1514 W SignalStrength: getLevel=0
12-05 19:00:06.275   646   683 I RILC    : NUMBER:1
12-05 19:00:06.275   646   683 I RILC    : arg len:14
12-05 19:00:06.275   646   683 I RILC    : ARGS[0]:THERMAL,0,-1
12-05 19:00:06.275   646   683 I RILC-MTK: set request 2502 to protocal 1, proxyId=3
12-05 19:00:06.276   646   674 I RILC-MTK: proxy id:3, proxyName: RIL_CMD_PROXY_1, QUERY_MODEM_THERMAL pRI=0xa93b9080 p=0xa93b21c0 execute on RIL_CMD_PROXY_1 using channel 3
12-05 19:00:06.277   646   674 D RIL     : onRequest: QUERY_MODEM_THERMAL, datalen = 4, radioState:10
12-05 19:00:06.277   646   674 D RIL-OEM : requestQueryThermal Enter,-1
12-05 19:00:06.277   646   674 I AT      : AT> AT+ETHERMAL (RIL_CMD_READER_3, tid:2864867616)
12-05 19:00:06.293   646   689 I AT      : AT< +ETHERMAL: 3, 34, -127, -1, 32767, 18 (RIL_CMD_READER_3, tid:2864867616)
12-05 19:00:06.295   646   689 I AT      : AT< OK (RIL_CMD_READER_3, tid:2864867616)
12-05 19:00:06.296   646   674 D RIL-OEM : requestQueryThermal success
12-05 19:00:09.759   646   686 I AT      : AT< +ECSQ: 24,22,1,1,1,-32,-475,7,26 (RIL_URC_READER, tid:0)
12-05 19:00:09.759   646   686 I RILC    : RIL_SOCKET_1 UNSOLICITED: UNSOL_SIGNAL_STRENGTH length:72
12-05 19:00:09.762   746   788 D RilMalClient: command Fd not ready here
12-05 19:00:09.765  1227  1227 D SST     : [GsmSST0] handle EVENT_SIGNAL_STRENGTH_UPDATE
12-05 19:00:09.765  1227  1227 W SignalStrength: Signal before validate=SignalStrength: 0 22 -1 -1 -1 -1 -1 99 118 8 65 2147483647 2147483647 gsm|lte 2147483647 2147483647 2147483647
12-05 19:00:09.765  1227  1227 W SignalStrength: Signal after validate=SignalStrength: 0 22 -120 -160 -120 -1 -1 99 -118 -8 65 2147483647 2147483647 gsm|lte 2147483647 2147483647 2147483647
12-05 19:00:09.768  1227  1227 D SubscriptionController: [getPhoneId] asked for default subId=-1
12-05 19:00:09.771   728   741 I use-Rlog/RLOG-GSM: getLTELevel - rsrp:-118 snr:65 rsrpIconLevel:0 snrIconLevel:3
12-05 19:00:09.771   728   741 W SignalStrength: getTdScdmaLevel = 0
12-05 19:00:09.771   728   741 W SignalStrength: getLevel=0
12-05 19:00:14.879   646   686 I AT      : AT< +ECSQ: 22,22,1,1,1,-35,-476,7,24 (RIL_URC_READER, tid:0)
12-05 19:00:14.880   646   686 I RILC    : RIL_SOCKET_1 UNSOLICITED: UNSOL_SIGNAL_STRENGTH length:72
12-05 19:00:14.882   746   788 D RilMalClient: command Fd not ready here
12-05 19:00:14.884  1227  1227 D SST     : [GsmSST0] handle EVENT_SIGNAL_STRENGTH_UPDATE
12-05 19:00:14.884  1227  1227 W SignalStrength: Signal before validate=SignalStrength: 0 22 -1 -1 -1 -1 -1 99 119 8 60 2147483647 2147483647 gsm|lte 2147483647 2147483647 2147483647
12-05 19:00:14.886  1227  1227 W SignalStrength: Signal after validate=SignalStrength: 0 22 -120 -160 -120 -1 -1 99 -119 -8 60 2147483647 2147483647 gsm|lte 2147483647 2147483647 2147483647
12-05 19:00:14.889  1227  1227 D SubscriptionController: [getPhoneId] asked for default subId=-1
12-05 19:00:14.892   728   741 I use-Rlog/RLOG-GSM: getLTELevel - rsrp:-119 snr:60 rsrpIconLevel:0 snrIconLevel:3
12-05 19:00:14.892   728   741 W SignalStrength: getTdScdmaLevel = 0
12-05 19:00:14.892   728   741 W SignalStrength: getLevel=0
12-05 19:00:14.938   728   944 I netstats_mobile_sample: [0,0,0,0,0,0,0,0,0,0,0,0,-1]
12-05 19:00:14.938   728   944 I netstats_wifi_sample: [1199145,4480,1104,914,1079053,2431,740,11,1337,8,740,11,-1]
12-05 19:00:16.305   646   683 I RILC    : NUMBER:1
12-05 19:00:16.305   646   683 I RILC    : arg len:14
12-05 19:00:16.306   646   683 I RILC    : ARGS[0]:THERMAL,0,-1
12-05 19:00:16.306   646   683 I RILC-MTK: set request 2502 to protocal 1, proxyId=3
12-05 19:00:16.307   646   674 I RILC-MTK: proxy id:3, proxyName: RIL_CMD_PROXY_1, QUERY_MODEM_THERMAL pRI=0xa93b90a0 p=0xa93b2230 execute on RIL_CMD_PROXY_1 using channel 3
12-05 19:00:16.307   646   674 D RIL     : onRequest: QUERY_MODEM_THERMAL, datalen = 4, radioState:10
12-05 19:00:16.308   646   674 D RIL-OEM : requestQueryThermal Enter,-1
12-05 19:00:16.308   646   674 I AT      : AT> AT+ETHERMAL (RIL_CMD_READER_3, tid:2864867616)
12-05 19:00:16.323   646   689 I AT      : AT< +ETHERMAL: 3, 34, -127, -1, 32767, 18 (RIL_CMD_READER_3, tid:2864867616)
12-05 19:00:16.326   646   689 I AT      : AT< OK (RIL_CMD_READER_3, tid:2864867616)
12-05 19:00:16.326   646   674 D RIL-OEM : requestQueryThermal success
12-05 19:00:19.999   646   686 I AT      : AT< +ECSQ: 25,22,1,1,1,-29,-476,7,24 (RIL_URC_READER, tid:0)
12-05 19:00:20.000   646   686 I RILC    : RIL_SOCKET_1 UNSOLICITED: UNSOL_SIGNAL_STRENGTH length:72
12-05 19:00:20.002   746   788 D RilMalClient: command Fd not ready here
12-05 19:00:20.004  1227  1227 D SST     : [GsmSST0] handle EVENT_SIGNAL_STRENGTH_UPDATE
12-05 19:00:20.004  1227  1227 W SignalStrength: Signal before validate=SignalStrength: 0 22 -1 -1 -1 -1 -1 99 119 7 60 2147483647 2147483647 gsm|lte 2147483647 2147483647 2147483647
12-05 19:00:20.005  1227  1227 W SignalStrength: Signal after validate=SignalStrength: 0 22 -120 -160 -120 -1 -1 99 -119 -7 60 2147483647 2147483647 gsm|lte 2147483647 2147483647 2147483647
12-05 19:00:20.008  1227  1227 D SubscriptionController: [getPhoneId] asked for default subId=-1
12-05 19:00:20.012   728  1510 I use-Rlog/RLOG-GSM: getLTELevel - rsrp:-119 snr:60 rsrpIconLevel:0 snrIconLevel:3
12-05 19:00:20.012   728  1510 W SignalStrength: getTdScdmaLevel = 0
12-05 19:00:20.012   728  1510 W SignalStrength: getLevel=0
12-05 19:00:25.119   646   686 I AT      : AT< +ECSQ: 24,22,1,1,1,-31,-475,7,25 (RIL_URC_READER, tid:0)
12-05 19:00:25.119   646   686 I RILC    : RIL_SOCKET_1 UNSOLICITED: UNSOL_SIGNAL_STRENGTH length:72
12-05 19:00:25.122   746   788 D RilMalClient: command Fd not ready here
12-05 19:00:25.124  1227  1227 D SST     : [GsmSST0] handle EVENT_SIGNAL_STRENGTH_UPDATE
12-05 19:00:25.124  1227  1227 W SignalStrength: Signal before validate=SignalStrength: 0 22 -1 -1 -1 -1 -1 99 118 7 62 2147483647 2147483647 gsm|lte 2147483647 2147483647 2147483647
12-05 19:00:25.124  1227  1227 W SignalStrength: Signal after validate=SignalStrength: 0 22 -120 -160 -120 -1 -1 99 -118 -7 62 2147483647 2147483647 gsm|lte 2147483647 2147483647 2147483647
12-05 19:00:25.128  1227  1227 D SubscriptionController: [getPhoneId] asked for default subId=-1
12-05 19:00:25.131   728  1100 I use-Rlog/RLOG-GSM: getLTELevel - rsrp:-118 snr:62 rsrpIconLevel:0 snrIconLevel:3
12-05 19:00:25.131   728  1100 W SignalStrength: getTdScdmaLevel = 0
12-05 19:00:25.131   728  1100 W SignalStrength: getLevel=0
12-05 19:00:26.333   646   683 I RILC    : NUMBER:1
12-05 19:00:26.334   646   683 I RILC    : arg len:14
12-05 19:00:26.334   646   683 I RILC    : ARGS[0]:THERMAL,0,-1
12-05 19:00:26.334   646   683 I RILC-MTK: set request 2502 to protocal 1, proxyId=3
12-05 19:00:26.335   646   674 I RILC-MTK: proxy id:3, proxyName: RIL_CMD_PROXY_1, QUERY_MODEM_THERMAL pRI=0xa93b90c0 p=0xa93b2498 execute on RIL_CMD_PROXY_1 using channel 3
12-05 19:00:26.335   646   674 D RIL     : onRequest: QUERY_MODEM_THERMAL, datalen = 4, radioState:10
12-05 19:00:26.336   646   674 D RIL-OEM : requestQueryThermal Enter,-1
12-05 19:00:26.336   646   674 I AT      : AT> AT+ETHERMAL (RIL_CMD_READER_3, tid:2864867616)
12-05 19:00:26.351   646   689 I AT      : AT< +ETHERMAL: 3, 34, -127, -1, 32767, 18 (RIL_CMD_READER_3, tid:2864867616)
12-05 19:00:26.354   646   689 I AT      : AT< OK (RIL_CMD_READER_3, tid:2864867616)
12-05 19:00:26.354   646   674 D RIL-OEM : requestQueryThermal success
12-05 19:00:27.517   728   819 I power_sleep_requested: 0
12-05 19:00:27.551   728   728 I am_pause_activity: [0,71456279,com.android.launcher3/.Launcher]
12-05 19:00:27.564  1515  1515 I am_on_paused_called: [0,com.android.launcher3.Launcher,handlePauseActivity]
12-05 19:00:27.595   728   755 I am_stop_activity: [0,71456279,com.android.launcher3/.Launcher]
12-05 19:00:27.615   728   755 I sysui_count: [window_time_0,3604]
12-05 19:00:27.619  1515  1515 I am_on_stop_called: [0,com.android.launcher3.Launcher,sleeping]
12-05 19:00:28.147   728   753 I am_meminfo: [196124672,227819520,4096,89264128,123141120]
12-05 19:00:28.193   728   753 I am_pss  : [1482,10006,android.process.media,10870784,7471104,0]
12-05 19:00:28.238   728   753 I am_pss  : [1253,1000,com.android.settings,10674176,7634944,0]
12-05 19:00:28.279   728   753 I am_pss  : [1561,10031,com.android.printspooler,4021248,2363392,0]
12-05 19:00:28.321   728   753 I am_pss  : [987,10027,com.android.inputmethod.latin,10011648,7516160,0]
12-05 19:00:28.362   728   753 I am_pss  : [1665,10001,com.android.providers.calendar,4983808,3059712,0]
12-05 19:00:28.403   728   753 I am_pss  : [1780,1000,com.mediatek.schpwronoff,4116480,2383872,0]
12-05 19:00:28.444   728   753 I am_pss  : [1763,1000,com.mediatek.providers.drm,3866624,2162688,0]
12-05 19:00:28.485   728   753 I am_pss  : [1833,1000,com.roco.autogen,3356672,1888256,0]
12-05 19:00:28.526   728   753 I am_pss  : [1816,1000,com.mediatek.thermalmanager,3436544,1961984,0]
12-05 19:00:28.567   728   753 I am_pss  : [1797,10002,com.mediatek.simprocessor,3524608,2007040,0]
12-05 19:00:28.589  1227  1227 D RILJ    : onDisplayChanged: displayId = 0 [SUB0]
12-05 19:00:28.591  1227  1227 D RILJ    : defaultDisplayState: 1, isDevicePlugged: false [SUB0]
12-05 19:00:28.591  1227  1227 D RILJ    : [3762]> SCREEN_STATE: false [SUB0]
12-05 19:00:28.593  1227  1227 D RILJ    : onDisplayChanged: displayId = 0 [SUB1]
12-05 19:00:28.593   746   785 D RIL-RP  : [RilProxy] onRequest: request = 61, datalen = 4, radioState:10, slotId = 0
12-05 19:00:28.594  1227  1227 D RILJ    : defaultDisplayState: 1, isDevicePlugged: false [SUB1]
12-05 19:00:28.594  1227  1227 D RILJ    : [3763]> SCREEN_STATE: false [SUB1]
12-05 19:00:28.595   646   672 I RILC-MTK: proxy id:1, proxyName: RIL_CMD_PROXY_3, SCREEN_STATE pRI=0xa93b90e0 p=0xa93b2658 execute on RIL_CMD_PROXY_3 using channel 1
12-05 19:00:28.595   646   672 D RIL     : onRequest: SCREEN_STATE, datalen = 4, radioState:10
12-05 19:00:28.595   646   672 I AT      : AT> AT+CREG=1 (RIL_CMD_READER_1, tid:2866956576)
12-05 19:00:28.597   746   785 D RIL-RP  : [RilProxy] onRequest: request = 61, datalen = 4, radioState:0, slotId = 1
12-05 19:00:28.598   646   678 I RILC-MTK: proxy id:7, proxyName: RIL_CMD2_PROXY_3, SCREEN_STATE pRI=0xa93b9000 p=0xa93b2700 execute on RIL_CMD2_PROXY_3 using channel 7
12-05 19:00:28.598   646   678 D RIL     : onRequest: SCREEN_STATE, datalen = 4, radioState:0
12-05 19:00:28.598   646   678 I AT      : AT> AT+CREG=1 (RIL_CMD2_READER_1, tid:2860689696)
12-05 19:00:28.603   646   687 I AT      : AT< OK (RIL_CMD_READER_1, tid:2866956576)
12-05 19:00:28.604   646   672 I AT      : AT> AT+ECGREG=1 (RIL_CMD_READER_1, tid:2866956576)
12-05 19:00:28.604   646   693 I AT      : AT< OK (RIL_CMD2_READER_1, tid:2860689696)
12-05 19:00:28.604   646   678 I AT      : AT> AT+ECGREG=1 (RIL_CMD2_READER_1, tid:2860689696)
12-05 19:00:28.605   646   687 I AT      : AT< OK (RIL_CMD_READER_1, tid:2866956576)
12-05 19:00:28.606   646   672 I AT      : AT> AT+ECSQ=0 (RIL_CMD_READER_1, tid:2866956576)
12-05 19:00:28.606   646   693 I AT      : AT< OK (RIL_CMD2_READER_1, tid:2860689696)
12-05 19:00:28.607   646   678 I AT      : AT> AT+ECSQ=0 (RIL_CMD2_READER_1, tid:2860689696)
12-05 19:00:28.607   646   687 I AT      : AT< OK (RIL_CMD_READER_1, tid:2866956576)
12-05 19:00:28.607   646   672 I AT      : AT> AT+PSBEARER=0 (RIL_CMD_READER_1, tid:2866956576)
12-05 19:00:28.608   646   693 I AT      : AT< OK (RIL_CMD2_READER_1, tid:2860689696)
12-05 19:00:28.608   646   678 I AT      : AT> AT+PSBEARER=0 (RIL_CMD2_READER_1, tid:2860689696)
12-05 19:00:28.609   646   687 I AT      : AT< OK (RIL_CMD_READER_1, tid:2866956576)
12-05 19:00:28.609   646   672 I AT      : AT> AT+ECEREG=1 (RIL_CMD_READER_1, tid:2866956576)
12-05 19:00:28.610   646   693 I AT      : AT< OK (RIL_CMD2_READER_1, tid:2860689696)
12-05 19:00:28.610   646   678 I AT      : AT> AT+ECEREG=1 (RIL_CMD2_READER_1, tid:2860689696)
12-05 19:00:28.610   728   753 I am_pss  : [1580,10034,com.baidu.map.location,4264960,2564096,0]
12-05 19:00:28.611   646   687 I AT      : AT< OK (RIL_CMD_READER_1, tid:2866956576)
12-05 19:00:28.611   646   672 I AT      : AT> AT+EREGINFO=0 (RIL_CMD_READER_1, tid:2866956576)
12-05 19:00:28.612   646   693 I AT      : AT< OK (RIL_CMD2_READER_1, tid:2860689696)
12-05 19:00:28.612   646   678 I AT      : AT> AT+EREGINFO=0 (RIL_CMD2_READER_1, tid:2860689696)
12-05 19:00:28.614   646   687 I AT      : AT< OK (RIL_CMD_READER_1, tid:2866956576)
12-05 19:00:28.614   646   672 D RIL-OEM : net.handover.thlte is empty
12-05 19:00:28.615  1227  1348 D RILJ    : [3762]< SCREEN_STATE  [SUB0]
12-05 19:00:28.615   646   693 I AT      : AT< OK (RIL_CMD2_READER_1, tid:2860689696)
12-05 19:00:28.615   646   678 D RIL-OEM : net.handover.thlte is empty
12-05 19:00:28.616  1227  1352 D RILJ    : [3763]< SCREEN_STATE  [SUB1]
12-05 19:00:28.658   728   753 I am_pss  : [1515,10010,com.android.launcher3,34367488,28278784,0]
12-05 19:00:28.701   728   753 I am_pss  : [1455,1000,com.vanstone.system.sdk,6033408,3944448,0]
12-05 19:00:28.740   728   753 I am_pss  : [1424,10008,android.ext.services,3820544,2224128,0]
12-05 19:00:28.791   728   753 I am_pss  : [1227,1001,com.android.phone,20514816,16936960,0]
12-05 19:00:28.843   728   753 I am_pss  : [994,10017,com.android.systemui,45240320,38133760,0]
12-05 19:00:28.871   728   728 I power_screen_state: [0,3,0,0]
12-05 19:00:28.871   728   728 I screen_toggled: 0
12-05 19:00:28.871   728   728 I sysui_histogram: [screen_timeout,1800]
12-05 19:00:28.871   728   728 I power_screen_broadcast_send: 1
12-05 19:00:28.946   728   753 I am_pss  : [728,1000,system,69104640,61620224,0]
12-05 19:00:28.956  1227  1227 D DCT     : [0]screen on
12-05 19:00:28.956  1227  1227 D DCT     : [0]stopNetStatPoll
12-05 19:00:28.958  1227  1227 D SubscriptionController: [getPhoneId] asked for default subId=-1
12-05 19:00:28.960  1227  1227 D SubscriptionController: [getPhoneId] asked for default subId=-1
12-05 19:00:28.962  1227  1227 D FdManager: [GDCT][phoneId0]onReceive: action=android.intent.action.SCREEN_ON
12-05 19:00:28.962  1227  1227 D FdManager: [GDCT][phoneId0]fdMdEnableMode=1, 3gSimID=0, when switching to SCREEN_ON
12-05 19:00:28.962  1227  1227 D RILJ    : [3764]> RIL_REQUEST_SET_FD_MODE [SUB0]
12-05 19:00:28.964   746   785 D RIL-RP  : [RilProxy] onRequest: request = 2048, datalen = 16, radioState:10, slotId = 0
12-05 19:00:28.965   746   788 D RP_DC[0]: Handle request SET_FD_MODE
12-05 19:00:28.965   746   788 D RP_DC[0]: request send to Gsm.
12-05 19:00:28.966   646   672 I RILC-MTK: proxy id:1, proxyName: RIL_CMD_PROXY_3, RIL_REQUEST_SET_FD_MODE pRI=0xa93b9020 p=0xa93b2738 execute on RIL_CMD_PROXY_3 using channel 1
12-05 19:00:28.966   646   672 D RIL     : onRequest: RIL_REQUEST_SET_FD_MODE, datalen = 16, radioState:10
12-05 19:00:28.966   646   672 I AT      : AT> AT+EFD=3,1 (RIL_CMD_READER_1, tid:2866956576)
12-05 19:00:28.967  1227  1227 D DCT     : [1]screen on
12-05 19:00:28.967  1227  1227 D DCT     : [1]stopNetStatPoll
12-05 19:00:28.968   646   687 I AT      : AT< OK (RIL_CMD_READER_1, tid:2866956576)
12-05 19:00:28.968  1227  1227 D SubscriptionController: [getPhoneId] asked for default subId=-1
12-05 19:00:28.969   746   788 D RP_DC[0]: Handle response SET_FD_MODE.
12-05 19:00:28.970  1227  1348 D RILJ    : [3764]< RIL_REQUEST_SET_FD_MODE  [SUB0]
12-05 19:00:28.971  1227  1227 D SubscriptionController: [getPhoneId] asked for default subId=-1
12-05 19:00:28.973  1227  1227 D FdManager: [GDCT][phoneId1]onReceive: action=android.intent.action.SCREEN_ON
12-05 19:00:28.973  1227  1227 D FdManager: [GDCT][phoneId1]fdMdEnableMode=1, 3gSimID=0, when switching to SCREEN_ON
12-05 19:00:29.091   728   728 I power_screen_broadcast_done: [1,219,1]
12-05 19:00:29.091   728   728 I power_screen_broadcast_send: 1
12-05 19:00:29.110  1227  1388 D use-Rlog/RLOG-GSM: [RadioCapSwitchUtil] getMainCapabilityPhoneId 0
12-05 19:00:29.112  1227  1388 D use-Rlog/RLOG-GSM: [RadioCapSwitchUtil] getMainCapabilityPhoneId 0
12-05 19:00:29.118  1227  1227 D DCT     : [0]screen off
12-05 19:00:29.119  1227  1227 D DCT     : [0]stopNetStatPoll
12-05 19:00:29.120  1227  1227 D SubscriptionController: [getPhoneId] asked for default subId=-1
12-05 19:00:29.122  1227  1227 D SubscriptionController: [getPhoneId] asked for default subId=-1
12-05 19:00:29.123  1227  1227 D FdManager: [GDCT][phoneId0]onReceive: action=android.intent.action.SCREEN_OFF
12-05 19:00:29.124  1227  1227 D FdManager: [GDCT][phoneId0]fdMdEnableMode=1, 3gSimID=0, when switching to SCREEN_OFF
12-05 19:00:29.124  1227  1227 D RILJ    : [3765]> RIL_REQUEST_SET_FD_MODE [SUB0]
12-05 19:00:29.126   746   785 D RIL-RP  : [RilProxy] onRequest: request = 2048, datalen = 16, radioState:10, slotId = 0
12-05 19:00:29.126   746   788 D RP_DC[0]: Handle request SET_FD_MODE
12-05 19:00:29.126   746   788 D RP_DC[0]: request send to Gsm.
12-05 19:00:29.127   646   672 I RILC-MTK: proxy id:1, proxyName: RIL_CMD_PROXY_3, RIL_REQUEST_SET_FD_MODE pRI=0xa93b9160 p=0xa93b2770 execute on RIL_CMD_PROXY_3 using channel 1
12-05 19:00:29.127   646   672 D RIL     : onRequest: RIL_REQUEST_SET_FD_MODE, datalen = 16, radioState:10
12-05 19:00:29.127   646   672 I AT      : AT> AT+EFD=3,0 (RIL_CMD_READER_1, tid:2866956576)
12-05 19:00:29.129  1227  1227 D DCT     : [1]screen off
12-05 19:00:29.129  1227  1227 D DCT     : [1]stopNetStatPoll
12-05 19:00:29.130  1227  1227 D SubscriptionController: [getPhoneId] asked for default subId=-1
12-05 19:00:29.132  1227  1227 D SubscriptionController: [getPhoneId] asked for default subId=-1
12-05 19:00:29.134  1227  1227 D FdManager: [GDCT][phoneId1]onReceive: action=android.intent.action.SCREEN_OFF
12-05 19:00:29.134  1227  1227 D FdManager: [GDCT][phoneId1]fdMdEnableMode=1, 3gSimID=0, when switching to SCREEN_OFF
12-05 19:00:29.136   646   687 I AT      : AT< OK (RIL_CMD_READER_1, tid:2866956576)
12-05 19:00:29.138   746   788 D RP_DC[0]: Handle response SET_FD_MODE.
12-05 19:00:29.139  1227  1348 D RILJ    : [3765]< RIL_REQUEST_SET_FD_MODE  [SUB0]
12-05 19:00:29.146   728   728 I power_screen_broadcast_done: [0,55,1]
12-05 19:00:36.362   646   683 I RILC    : NUMBER:1
12-05 19:00:36.362   646   683 I RILC    : arg len:14
12-05 19:00:36.362   646   683 I RILC    : ARGS[0]:THERMAL,0,-1
12-05 19:00:36.362   646   683 I RILC-MTK: set request 2502 to protocal 1, proxyId=3
12-05 19:00:36.363   646   674 I RILC-MTK: proxy id:3, proxyName: RIL_CMD_PROXY_1, QUERY_MODEM_THERMAL pRI=0xa93b9180 p=0xa93b27a8 execute on RIL_CMD_PROXY_1 using channel 3
12-05 19:00:36.363   646   674 D RIL     : onRequest: QUERY_MODEM_THERMAL, datalen = 4, radioState:10
12-05 19:00:36.363   646   674 D RIL-OEM : requestQueryThermal Enter,-1
12-05 19:00:36.363   646   674 I AT      : AT> AT+ETHERMAL (RIL_CMD_READER_3, tid:2864867616)
12-05 19:00:36.374   646   689 I AT      : AT< +ETHERMAL: 3, 34, -127, -1, 32767, 18 (RIL_CMD_READER_3, tid:2864867616)
12-05 19:00:36.374   646   689 I AT      : AT< OK (RIL_CMD_READER_3, tid:2864867616)
12-05 19:00:36.374   646   674 D RIL-OEM : requestQueryThermal success
12-05 19:00:38.269  1227  1227 D FdManager: [GDCT][phoneId0]onReceive: action=android.intent.action.BATTERY_CHANGED
12-05 19:00:38.270  1227  1227 D FdManager: [GDCT][phoneId1]onReceive: action=android.intent.action.BATTERY_CHANGED
12-05 19:00:38.273   728   728 I notification_cancel: [10017,994,com.android.systemui,2131886132,low_battery,-1,0,1088,8,NULL]
12-05 19:00:46.379   646   683 I RILC    : NUMBER:1
12-05 19:00:46.379   646   683 I RILC    : arg len:14
12-05 19:00:46.379   646   683 I RILC    : ARGS[0]:THERMAL,0,-1
12-05 19:00:46.379   646   683 I RILC-MTK: set request 2502 to protocal 1, proxyId=3
12-05 19:00:46.379   646   674 I RILC-MTK: proxy id:3, proxyName: RIL_CMD_PROXY_1, QUERY_MODEM_THERMAL pRI=0xa93b9240 p=0xa93b21f8 execute on RIL_CMD_PROXY_1 using channel 3
12-05 19:00:46.379   646   674 D RIL     : onRequest: QUERY_MODEM_THERMAL, datalen = 4, radioState:10
12-05 19:00:46.379   646   674 D RIL-OEM : requestQueryThermal Enter,-1
12-05 19:00:46.379   646   674 I AT      : AT> AT+ETHERMAL (RIL_CMD_READER_3, tid:2864867616)
12-05 19:00:46.390   646   689 I AT      : AT< +ETHERMAL: 3, 34, -127, -1, 32767, 18 (RIL_CMD_READER_3, tid:2864867616)
12-05 19:00:46.391   646   689 I AT      : AT< OK (RIL_CMD_READER_3, tid:2864867616)
12-05 19:00:46.392   646   674 D RIL-OEM : requestQueryThermal success
12-05 19:00:56.398   646   683 I RILC    : NUMBER:1
12-05 19:00:56.398   646   683 I RILC    : arg len:14
12-05 19:00:56.398   646   683 I RILC    : ARGS[0]:THERMAL,0,-1
12-05 19:00:56.398   646   683 I RILC-MTK: set request 2502 to protocal 1, proxyId=3
12-05 19:00:56.399   646   674 I RILC-MTK: proxy id:3, proxyName: RIL_CMD_PROXY_1, QUERY_MODEM_THERMAL pRI=0xa93b9280 p=0xa93b2268 execute on RIL_CMD_PROXY_1 using channel 3
12-05 19:00:56.399   646   674 D RIL     : onRequest: QUERY_MODEM_THERMAL, datalen = 4, radioState:10
12-05 19:00:56.399   646   674 D RIL-OEM : requestQueryThermal Enter,-1
12-05 19:00:56.399   646   674 I AT      : AT> AT+ETHERMAL (RIL_CMD_READER_3, tid:2864867616)
12-05 19:00:56.409   646   689 I AT      : AT< +ETHERMAL: 3, 33, -127, -1, 32767, 18 (RIL_CMD_READER_3, tid:2864867616)
12-05 19:00:56.410   646   689 I AT      : AT< OK (RIL_CMD_READER_3, tid:2864867616)
12-05 19:00:56.410   646   674 D RIL-OEM : requestQueryThermal success
12-05 19:01:00.110   728   753 I am_pss  : [1482,10006,android.process.media,10867712,7471104,0]
12-05 19:01:00.159   728   753 I am_pss  : [1253,1000,com.android.settings,10673152,7634944,0]
12-05 19:01:00.204   728   753 I am_pss  : [1561,10031,com.android.printspooler,4020224,2363392,0]
12-05 19:01:00.249   728   753 I am_pss  : [987,10027,com.android.inputmethod.latin,10009600,7512064,0]
12-05 19:01:00.293   728   753 I am_pss  : [1665,10001,com.android.providers.calendar,4982784,3059712,0]
12-05 19:01:00.337   728   753 I am_pss  : [1780,1000,com.mediatek.schpwronoff,4116480,2383872,0]
12-05 19:01:00.381   728   753 I am_pss  : [1763,1000,com.mediatek.providers.drm,3867648,2162688,0]
12-05 19:01:00.424   728   753 I am_pss  : [1833,1000,com.roco.autogen,3356672,1888256,0]
12-05 19:01:00.468   728   753 I am_pss  : [1816,1000,com.mediatek.thermalmanager,3436544,1961984,0]
12-05 19:01:00.511   728   753 I am_pss  : [1797,10002,com.mediatek.simprocessor,3524608,2007040,0]
12-05 19:01:00.555   728   753 I am_pss  : [1580,10034,com.baidu.map.location,4264960,2564096,0]
12-05 19:01:00.607   728   753 I am_pss  : [1515,10010,com.android.launcher3,34422784,28323840,0]
12-05 19:01:00.650   728   753 I am_pss  : [1424,10008,android.ext.services,3819520,2224128,0]
12-05 19:01:06.417   646   683 I RILC    : NUMBER:1
12-05 19:01:06.417   646   683 I RILC    : arg len:14
12-05 19:01:06.417   646   683 I RILC    : ARGS[0]:THERMAL,0,-1
12-05 19:01:06.417   646   683 I RILC-MTK: set request 2502 to protocal 1, proxyId=3
12-05 19:01:06.418   646   674 I RILC-MTK: proxy id:3, proxyName: RIL_CMD_PROXY_1, QUERY_MODEM_THERMAL pRI=0xa93b92c0 p=0xa93b22d8 execute on RIL_CMD_PROXY_1 using channel 3
12-05 19:01:06.418   646   674 D RIL     : onRequest: QUERY_MODEM_THERMAL, datalen = 4, radioState:10
12-05 19:01:06.418   646   674 D RIL-OEM : requestQueryThermal Enter,-1
12-05 19:01:06.418   646   674 I AT      : AT> AT+ETHERMAL (RIL_CMD_READER_3, tid:2864867616)
12-05 19:01:06.428   646   689 I AT      : AT< +ETHERMAL: 3, 34, -127, -1, 32767, 18 (RIL_CMD_READER_3, tid:2864867616)
12-05 19:01:06.429   646   689 I AT      : AT< OK (RIL_CMD_READER_3, tid:2864867616)
12-05 19:01:06.429   646   674 D RIL-OEM : requestQueryThermal success
12-05 19:01:16.436   646   683 I RILC    : NUMBER:1
12-05 19:01:16.436   646   683 I RILC    : arg len:14
12-05 19:01:16.436   646   683 I RILC    : ARGS[0]:THERMAL,0,-1
12-05 19:01:16.436   646   683 I RILC-MTK: set request 2502 to protocal 1, proxyId=3
12-05 19:01:16.437   646   674 I RILC-MTK: proxy id:3, proxyName: RIL_CMD_PROXY_1, QUERY_MODEM_THERMAL pRI=0xa93b93e0 p=0xa93b2508 execute on RIL_CMD_PROXY_1 using channel 3
12-05 19:01:16.437   646   674 D RIL     : onRequest: QUERY_MODEM_THERMAL, datalen = 4, radioState:10
12-05 19:01:16.437   646   674 D RIL-OEM : requestQueryThermal Enter,-1
12-05 19:01:16.437   646   674 I AT      : AT> AT+ETHERMAL (RIL_CMD_READER_3, tid:2864867616)
12-05 19:01:16.447   646   689 I AT      : AT< +ETHERMAL: 3, 33, -127, -1, 32767, 18 (RIL_CMD_READER_3, tid:2864867616)
12-05 19:01:16.448   646   689 I AT      : AT< OK (RIL_CMD_READER_3, tid:2864867616)
12-05 19:01:16.448   646   674 D RIL-OEM : requestQueryThermal success
12-05 19:01:18.270  1227  1227 D FdManager: [GDCT][phoneId0]onReceive: action=android.intent.action.BATTERY_CHANGED
12-05 19:01:18.270  1227  1227 D FdManager: [GDCT][phoneId1]onReceive: action=android.intent.action.BATTERY_CHANGED
12-05 19:01:18.274   728   728 I notification_cancel: [10017,994,com.android.systemui,2131886132,low_battery,-1,0,1088,8,NULL]
12-05 19:01:26.452   646   683 I RILC    : NUMBER:1
12-05 19:01:26.452   646   683 I RILC    : arg len:14
12-05 19:01:26.452   646   683 I RILC    : ARGS[0]:THERMAL,0,-1
12-05 19:01:26.452   646   683 I RILC-MTK: set request 2502 to protocal 1, proxyId=3
12-05 19:01:26.453   646   674 I RILC-MTK: proxy id:3, proxyName: RIL_CMD_PROXY_1, QUERY_MODEM_THERMAL pRI=0xa93b9080 p=0xa93b21c0 execute on RIL_CMD_PROXY_1 using channel 3
12-05 19:01:26.453   646   674 D RIL     : onRequest: QUERY_MODEM_THERMAL, datalen = 4, radioState:10
12-05 19:01:26.453   646   674 D RIL-OEM : requestQueryThermal Enter,-1
12-05 19:01:26.453   646   674 I AT      : AT> AT+ETHERMAL (RIL_CMD_READER_3, tid:2864867616)
12-05 19:01:26.463   646   689 I AT      : AT< +ETHERMAL: 3, 34, -127, -1, 32767, 18 (RIL_CMD_READER_3, tid:2864867616)
12-05 19:01:26.464   646   689 I AT      : AT< OK (RIL_CMD_READER_3, tid:2864867616)
12-05 19:01:26.464   646   674 D RIL-OEM : requestQueryThermal success
12-05 19:01:36.471   646   683 I RILC    : NUMBER:1
12-05 19:01:36.471   646   683 I RILC    : arg len:14
12-05 19:01:36.471   646   683 I RILC    : ARGS[0]:THERMAL,0,-1
12-05 19:01:36.471   646   683 I RILC-MTK: set request 2502 to protocal 1, proxyId=3
12-05 19:01:36.472   646   674 I RILC-MTK: proxy id:3, proxyName: RIL_CMD_PROXY_1, QUERY_MODEM_THERMAL pRI=0xa93b90a0 p=0xa93b2230 execute on RIL_CMD_PROXY_1 using channel 3
12-05 19:01:36.472   646   674 D RIL     : onRequest: QUERY_MODEM_THERMAL, datalen = 4, radioState:10
12-05 19:01:36.472   646   674 D RIL-OEM : requestQueryThermal Enter,-1
12-05 19:01:36.472   646   674 I AT      : AT> AT+ETHERMAL (RIL_CMD_READER_3, tid:2864867616)
12-05 19:01:36.482   646   689 I AT      : AT< +ETHERMAL: 3, 33, -127, -1, 32767, 18 (RIL_CMD_READER_3, tid:2864867616)
12-05 19:01:36.483   646   689 I AT      : AT< OK (RIL_CMD_READER_3, tid:2864867616)
12-05 19:01:36.483   646   674 D RIL-OEM : requestQueryThermal success
12-05 19:01:40.795   728   907 I sysui_histogram: [power_double_tap_interval,3714150]
12-05 19:01:40.800   728   728 I power_screen_state: [1,0,0,0]
12-05 19:01:40.800   728   728 I screen_toggled: 1
12-05 19:01:40.801   728   728 I power_screen_broadcast_send: 1
12-05 19:01:40.824   728   819 I am_resume_activity: [0,71456279,53,com.android.launcher3/.Launcher]
12-05 19:01:40.844  1515  1515 I am_on_resume_called: [0,com.android.launcher3.Launcher,RESUME_ACTIVITY]
12-05 19:01:40.854  1227  1227 D RILJ    : onDisplayChanged: displayId = 0 [SUB0]
12-05 19:01:40.854  1227  1227 D RILJ    : onDisplayChanged: displayId = 0 [SUB1]
12-05 19:01:40.925  1227  1227 D RILJ    : onDisplayChanged: displayId = 0 [SUB0]
12-05 19:01:40.926  1227  1227 D RILJ    : defaultDisplayState: 2, isDevicePlugged: false [SUB0]
12-05 19:01:40.926  1227  1227 D RILJ    : [3766]> SCREEN_STATE: true [SUB0]
12-05 19:01:40.928  1227  1227 D RILJ    : onDisplayChanged: displayId = 0 [SUB1]
12-05 19:01:40.928   746   785 D RIL-RP  : [RilProxy] onRequest: request = 61, datalen = 4, radioState:10, slotId = 0
12-05 19:01:40.929   646   672 I RILC-MTK: proxy id:1, proxyName: RIL_CMD_PROXY_3, SCREEN_STATE pRI=0xa93b9100 p=0xa93b2498 execute on RIL_CMD_PROXY_3 using channel 1
12-05 19:01:40.929   646   672 D RIL     : onRequest: SCREEN_STATE, datalen = 4, radioState:10
12-05 19:01:40.930   646   672 I AT      : AT> AT+CREG=3 (RIL_CMD_READER_1, tid:2866956576)
12-05 19:01:40.932  1227  1227 D RILJ    : defaultDisplayState: 2, isDevicePlugged: false [SUB1]
12-05 19:01:40.932  1227  1227 D RILJ    : [3767]> SCREEN_STATE: true [SUB1]
12-05 19:01:40.934   746   785 D RIL-RP  : [RilProxy] onRequest: request = 61, datalen = 4, radioState:0, slotId = 1
12-05 19:01:40.936   646   678 I RILC-MTK: proxy id:7, proxyName: RIL_CMD2_PROXY_3, SCREEN_STATE pRI=0xa93b91e0 p=0xa93b26c8 execute on RIL_CMD2_PROXY_3 using channel 7
12-05 19:01:40.936   646   678 D RIL     : onRequest: SCREEN_STATE, datalen = 4, radioState:0
12-05 19:01:40.936   646   678 I AT      : AT> AT+CREG=3 (RIL_CMD2_READER_1, tid:2860689696)
12-05 19:01:40.939   646   686 I AT      : AT< +CREG: 0,"770E","07777032",7,0,0 (RIL_URC_READER, tid:0)
12-05 19:01:40.939   646   686 D RIL-NW  : bCREGType3Support=1
12-05 19:01:40.939   646   686 I RILC    : RIL_SOCKET_1 UNSOLICITED: UNSOL_RESPONSE_VOICE_NETWORK_STATE_CHANGED length:72
12-05 19:01:40.940   646   687 I AT      : AT< OK (RIL_CMD_READER_1, tid:2866956576)
12-05 19:01:40.940   646   692 I AT      : AT< +CREG: 0,"0000","0FFFFFFF",0,0,0 (RIL_URC2_READER, tid:0)
12-05 19:01:40.940   646   672 I AT      : AT> AT+ECGREG=0 (RIL_CMD_READER_1, tid:2866956576)
12-05 19:01:40.940   646   692 D RIL-NW  : bCREGType3Support=1
12-05 19:01:40.940   646   692 I RILC    : RIL_SOCKET_2 UNSOLICITED: UNSOL_RESPONSE_VOICE_NETWORK_STATE_CHANGED length:64
12-05 19:01:40.940   746   788 D RilMalClient: command Fd not ready here
