12-05 19:04:22.054  1956  1956 W [ 3875.413676](0)[1956:kworker/0:1]: state:IDLE_STAGE, last:0, balanced<0,0>, usb_state:CONFIGURED
12-05 19:04:22.145    56    56 D [ 3875.503785](0)[56:cfinteractive][name:mt_cpufreq&]: Vproc = 950mv, freq = 221000 KHz
12-05 19:04:22.285    56    56 D [ 3875.643866](0)[56:cfinteractive][name:mt_cpufreq&]: Vproc = 1143mv, freq = 1092000 KHz
12-05 19:04:22.405    56    56 D [ 3875.764239](0)[56:cfinteractive][name:mt_cpufreq&]: Vproc = 950mv, freq = 221000 KHz
12-05 19:04:22.565    56    56 D [ 3875.923898](0)[56:cfinteractive][name:mt_cpufreq&]: Vproc = 1143mv, freq = 1092000 KHz
12-05 19:04:22.665    56    56 D [ 3876.023761](0)[56:cfinteractive][name:mt_cpufreq&]: Vproc = 950mv, freq = 221000 KHz
12-05 19:04:22.789    56    56 E [ 3876.147830](0)[56:cfinteractive]AEE_MONITOR_SET[status]: 0x1
12-05 19:04:23.065    56    56 D [ 3876.423874](0)[56:cfinteractive][name:mt_cpufreq&]: Vproc = 1143mv, freq = 1092000 KHz
12-05 19:04:23.072     0     0 I [ 3876.431555]-(0)[2183:Thread-2]USB_ACM gs_start_tx: ttyGS0: tx len=9, 0x02 0x23 0x00 ...
12-05 19:04:23.076     0     0 I [ 3876.435189]-(0)[2183:Thread-2]USB_ACM gs_rx_push: ttyGS0: actual=1, n_read=0 0x02 0x00 0x00 ...
12-05 19:04:23.076     0     0 I [ 3876.435384]-(0)[2183:Thread-2]USB_ACM gs_rx_push: ttyGS0: actual=5, n_read=0 0x0e 0x00 0x01 ...
12-05 19:04:23.313     0     0 W [ 3876.672634]-(1)[0:swapper/1]CPU1: Booted secondary processor
12-05 19:04:23.313     0     0 I [ 3876.672753]-(1)[0:swapper/1]CPU1: thread -1, cpu 1, socket 0, mpidr 80000001
12-05 19:04:23.314    97    97 W [ 3876.673260]: (0)[97:hps_main][HPS] (0080)(1)action end(100)(100)(0)(1) (4)(4)(4)(4)(1) (200)(49)(1) (0)(0)(0) (2)(100)(49)(0)(100) wifi_base(1)
12-05 19:04:23.626    56    56 D [ 3876.984859](0)[56:cfinteractive][name:mt_cpufreq&]: Vproc = 950mv, freq = 221000 KHz
12-05 19:04:23.789    97    97 E [ 3877.148395](0)[97:hps_main]AEE_MONITOR_SET[status]: 0x1
12-05 19:04:24.117    97    97 I [ 3877.476425](0)[97:hps_main]CPU1: shutdown
12-05 19:04:24.117    97    97 W [ 3877.476501]: (0)[97:hps_main][Power/hotplug] mt_cpu_kill, cpu: 1
12-05 19:04:24.120    97    97 W [ 3877.479033]: (0)[97:hps_main][HPS] (0200)(2)action end(18)(13)(0)(0) (4)(4)(4)(4)(1) (35)(8)(0) (340)(8)(0) (0)(13)(8)(0)(13) wifi_base(1)
12-05 19:04:24.555    56    56 D [ 3877.913903](0)[56:cfinteractive][name:mt_cpufreq&]: Vproc = 1143mv, freq = 1092000 KHz
12-05 19:04:24.655    56    56 D [ 3878.014077](0)[56:cfinteractive][name:mt_cpufreq&]: Vproc = 950mv, freq = 221000 KHz
12-05 19:04:24.790   154   154 E [ 3878.148966](0)[154:bat_thread_kthr]AEE_MONITOR_SET[status]: 0x1
12-05 19:04:24.842   154   154 E [ 3878.200810]: (0)[154:bat_thread_kthr][FGADC] 1,1212,0,3973,89,51,51,2400,2400,-14,0,0,1000,3987,1000,49,49,101,103
12-05 19:04:24.842   154   154 E [ 3878.201157](0)[154:bat_thread_kthr]AvgVbat=(3997,3987),AvgI=(0,0),VChr=4806,AvgT=(25,25),SO0:0 I:45000 Ibat:121
12-05 19:04:24.842   154   154 E [ 3878.201234](0)[154:bat_thread_kthr]v=3987,i=0,t=25,soc=51,bcct: 0:0 I:45000 Ibat:121
12-05 19:04:24.842  1956  1956 E [ 3878.201433]: (0)[1956:kworker/0:1][BATTERY] CC mode charge, timer=2150 on 2160 !!
12-05 19:04:25.064  1956  1956 W [ 3878.423538](0)[1956:kworker/0:1]: state:IDLE_STAGE, last:0, balanced<0,0>, usb_state:CONFIGURED
12-05 19:04:25.615    56    56 D [ 3878.973975](0)[56:cfinteractive][name:mt_cpufreq&]: Vproc = 1143mv, freq = 1092000 KHz
12-05 19:04:25.696    56    56 D [ 3879.055047](0)[56:cfinteractive][name:mt_cpufreq&]: Vproc = 950mv, freq = 221000 KHz
12-05 19:04:25.790   154   154 E [ 3879.149543](0)[154:bat_thread_kthr]AEE_MONITOR_SET[status]: 0x1
12-05 19:04:25.845   154   154 E [ 3879.203754]: (0)[154:bat_thread_kthr][BATTERY] Default CC mode charging : 50000
12-05 19:04:25.845   154   154 E [ 3879.203883]: (0)[154:bat_thread_kthr][charging_set_cv_voltage] [0xf54]=0x5, [0xf4e]=0xcd
12-05 19:04:25.845   154   154 E [ 3879.203935]: (0)[154:bat_thread_kthr][BATTERY] pchr_turn_on_charging(), enable =1
12-05 19:04:25.845   154   154 E [ 3879.204173]: (0)[154:bat_thread_kthr]UI_SOC=(51), resetBatteryMeter=(0)
12-05 19:04:25.845   154   154 I [ 3879.204304](0)[154:bat_thread_kthr]mtk_rtc_common: set_rtc_spare_fg_value, 51
12-05 19:04:25.845   154   154 E [ 3879.204351]: (0)[154:bat_thread_kthr][DLPT_POWER_OFF_EN] run
12-05 19:04:26.306   256   256 E [ 3879.664826](0)[256:batterywarning]: 0
12-05 19:04:26.924   646   683 I RILC    : NUMBER:1
12-05 19:04:26.924   646   683 I RILC    : arg len:14
12-05 19:04:26.924   646   683 I RILC    : ARGS[0]:THERMAL,0,-1
12-05 19:04:26.925   646   683 I RILC-MTK: set request 2502 to protocal 1, proxyId=3
12-05 19:04:26.926   646   674 I RILC-MTK: proxy id:3, proxyName: RIL_CMD_PROXY_1, QUERY_MODEM_THERMAL pRI=0xa93b90c0 p=0xa93b21f8 execute on RIL_CMD_PROXY_1 using channel 3
12-05 19:04:26.926   646   674 D RIL     : onRequest: QUERY_MODEM_THERMAL, datalen = 4, radioState:10
12-05 19:04:26.926   646   674 D RIL-OEM : requestQueryThermal Enter,-1
12-05 19:04:26.927   646   674 I AT      : AT> AT+ETHERMAL (RIL_CMD_READER_3, tid:2864867616)
12-05 19:04:26.943   646   689 I AT      : AT< +ETHERMAL: 3, 34, -127, -1, 32767, 18 (RIL_CMD_READER_3, tid:2864867616)
12-05 19:04:26.945   646   689 I AT      : AT< OK (RIL_CMD_READER_3, tid:2864867616)
12-05 19:04:26.946   646   674 D RIL-OEM : requestQueryThermal success
12-05 19:04:27.029   646   686 I AT      : AT< +ECSQ: 14,15,1,1,1,-51,-504,7,0 (RIL_URC_READER, tid:0)
12-05 19:04:27.029   646   686 I RILC    : RIL_SOCKET_1 UNSOLICITED: UNSOL_SIGNAL_STRENGTH length:72
12-05 19:04:27.032   746   788 D RilMalClient: command Fd not ready here
12-05 19:04:27.034  1227  1227 D SST     : [GsmSST0] handle EVENT_SIGNAL_STRENGTH_UPDATE
12-05 19:04:27.034  1227  1227 W SignalStrength: Signal before validate=SignalStrength: 0 15 -1 -1 -1 -1 -1 99 126 12 0 2147483647 2147483647 gsm|lte 2147483647 2147483647 2147483647
12-05 19:04:27.034  1227  1227 W SignalStrength: Signal after validate=SignalStrength: 0 15 -120 -160 -120 -1 -1 99 -126 -12 0 2147483647 2147483647 gsm|lte 2147483647 2147483647 2147483647
12-05 19:04:27.039  1227  1227 D SubscriptionController: [getPhoneId] asked for default subId=-1
12-05 19:04:27.042   728  1511 I use-Rlog/RLOG-GSM: getLTELevel - rsrp:-126 snr:0 rsrpIconLevel:0 snrIconLevel:1
12-05 19:04:27.043   728  1511 W SignalStrength: getTdScdmaLevel = 0
12-05 19:04:27.043   728  1511 W SignalStrength: getLevel=0
12-05 19:04:26.791    56    56 E [ 3880.150025](0)[56:cfinteractive]AEE_MONITOR_SET[status]: 0x1
12-05 19:04:27.065    56    56 D [ 3880.423956](0)[56:cfinteractive][name:mt_cpufreq&]: Vproc = 1143mv, freq = 1092000 KHz
12-05 19:04:27.168    56    56 D [ 3880.527196](0)[56:cfinteractive][name:mt_cpufreq&]: Vproc = 950mv, freq = 221000 KHz
12-05 19:04:27.791     0     0 E [ 3881.150530]-(0)[0:swapper/0]AEE_MONITOR_SET[status]: 0x1
12-05 19:04:27.967     0     0 W [ 3881.325870]-(0)[0:swapper/0]: No enter --- SODI: No enter --- 
12-05 19:04:28.074  1956  1956 W [ 3881.433549](0)[1956:kworker/0:1]: state:IDLE_STAGE, last:0, balanced<0,0>, usb_state:CONFIGURED
12-05 19:04:28.422   728  1100 I am_finish_activity: [0,135091081,55,com.android.writecer/.MainActivity,app-request]
12-05 19:04:28.426   728  1100 I wm_task_moved: [55,1,0]
12-05 19:04:28.448   728  1100 I am_focused_activity: [0,com.android.settings/.Settings$ManagerActivity,finishActivity adjustFocus]
12-05 19:04:28.450   728  1100 I am_pause_activity: [0,135091081,com.android.writecer/.MainActivity]
12-05 19:04:28.455    56    56 D [ 3881.813872](0)[56:cfinteractive][name:mt_cpufreq&]: Vproc = 1143mv, freq = 1092000 KHz
12-05 19:04:28.468     0     0 W [ 3881.826983]-(1)[0:swapper/1]CPU1: Booted secondary processor
12-05 19:04:28.468     0     0 I [ 3881.827099]-(1)[0:swapper/1]CPU1: thread -1, cpu 1, socket 0, mpidr 80000001
12-05 19:04:28.469     0     0 W [ 3881.827979]-(2)[0:swapper/2]CPU2: Booted secondary processor
12-05 19:04:28.469     0     0 I [ 3881.828112]-(2)[0:swapper/2]CPU2: thread -1, cpu 2, socket 0, mpidr 80000002
12-05 19:04:28.456  2168  2168 I am_on_paused_called: [0,com.android.writecer.MainActivity,handlePauseActivity]
12-05 19:04:28.470     0     0 W [ 3881.829102]-(3)[0:swapper/3]CPU3: Booted secondary processor
12-05 19:04:28.470     0     0 I [ 3881.829236]-(3)[0:swapper/3]CPU3: thread -1, cpu 3, socket 0, mpidr 80000003
12-05 19:04:28.471    97    97 W [ 3881.829862]: (1)[97:hps_main][HPS] (0002)(1)action end(93)(232)(0)(0) (4)(4)(4)(4)(4) (43)(43)(1) (0)(0)(0) (0)(89)(43)(0)(89) wifi_base(1)
12-05 19:04:28.464   728  1512 I am_resume_activity: [0,12760506,55,com.android.settings/.Settings$ManagerActivity]
12-05 19:04:28.467   728   755 I sysui_count: [window_time_0,42]
12-05 19:04:28.490   728   753 I am_pss  : [2168,1000,com.android.writecer,25016320,22290432,0]
12-05 19:04:28.515  1253  1253 I sysui_view_visibility: [46,100]
12-05 19:04:28.515  1253  1253 I am_on_resume_called: [0,com.android.settings.Settings$ManagerActivity,RESUME_ACTIVITY]
12-05 19:04:28.538   728   753 I am_pss  : [2129,10012,com.android.packageinstaller,15255552,11743232,0]
12-05 19:04:28.571   810   810 E [ 3881.930457](1)[810:android.display]binder: 2168: binder_alloc_buf, no vma
12-05 19:04:28.571   810   810 I [ 3881.930486](1)[810:android.display]binder: 728:810 buffer allocation failed on 2168:0
12-05 19:04:28.571   810   810 I [ 3881.930504](1)[810:android.display]binder: 728:810 transaction failed 29201, size 56-0
12-05 19:04:28.571   810   810 E [ 3881.930523](1)[810:android.display]binder: read put err 29201 to user 9a783f08, thread error 29201:29185
12-05 19:04:28.579  1513  1513 E [ 3881.938130](2)[1513:Binder:728_A]binder: 2168: binder_alloc_buf, no vma
12-05 19:04:28.579  1513  1513 I [ 3881.938156](2)[1513:Binder:728_A]binder: 728:1513 buffer allocation failed on 2168:0
12-05 19:04:28.579  1513  1513 I [ 3881.938174](2)[1513:Binder:728_A]binder: 728:1513 transaction failed 29201, size 104-0
12-05 19:04:28.579  1513  1513 E [ 3881.938191](2)[1513:Binder:728_A]binder: read put err 29201 to user 8afe7b08, thread error 29201:29185
12-05 19:04:28.580  1513  1513 E [ 3881.938901](2)[1513:Binder:728_A]binder: 2168: binder_alloc_buf, no vma
12-05 19:04:28.580  1513  1513 I [ 3881.938937](2)[1513:Binder:728_A]binder: 728:1513 buffer allocation failed on 2168:0
12-05 19:04:28.580  1513  1513 I [ 3881.938956](2)[1513:Binder:728_A]binder: 728:1513 transaction failed 29201, size 108-0
12-05 19:04:28.580  1513  1513 E [ 3881.938975](2)[1513:Binder:728_A]binder: read put err 29201 to user 8afe7b08, thread error 29201:29185
12-05 19:04:28.604   728  1100 I am_proc_died: [0,2168,com.android.writecer]
12-05 19:04:28.607   236   236 I sf_frame_dur: [com.android.writecer/com.android.writecer.MainActivity,14,1,0,0,0,3,2]
12-05 19:04:28.615  2181  2181 I [ 3881.974362]-(3)[2181:Binder:2168_2]USB_ACM gs_close: ttyGS0 (cfa93600,cb038780) ...
12-05 19:04:28.625  2181  2181 E [ 3881.984671](2)[2181:Binder:2168_2][name:ion&]: release handle @ client destroy: handle=cb2e74c0, buf=cc0bc300, ref=2, size=3686400, kmap=0
12-05 19:04:28.625  2181  2181 E [ 3881.984712](2)[2181:Binder:2168_2][name:ion&]: release handle @ client destroy: handle=d1581d00, buf=cf882800, ref=2, size=3686400, kmap=0
12-05 19:04:28.625  2181  2181 E [ 3881.984734](2)[2181:Binder:2168_2][name:ion&]: release handle @ client destroy: handle=d17850c0, buf=d32b3380, ref=2, size=3686400, kmap=0
12-05 19:04:28.626  2181  2181 E [ 3881.984754](2)[2181:Binder:2168_2][name:ion&]: release handle @ client destroy: handle=d1785e40, buf=dc0c4a80, ref=8, size=2211840, kmap=0
12-05 19:04:28.792    56    56 E [ 3882.150785](1)[56:cfinteractive]AEE_MONITOR_SET[status]: 0x1
12-05 19:04:28.865    56    56 D [ 3882.223853](1)[56:cfinteractive][name:mt_cpufreq&]: Vproc = 950mv, freq = 494000 KHz
12-05 19:04:28.885    56    56 D [ 3882.244014](1)[56:cfinteractive][name:mt_cpufreq&]: Vproc = 950mv, freq = 221000 KHz
12-05 19:04:29.274    97    97 I [ 3882.633502](2)[97:hps_main]CPU3: shutdown
12-05 19:04:29.274    97    97 W [ 3882.633570]: (2)[97:hps_main][Power/hotplug] mt_cpu_kill, cpu: 3
12-05 19:04:29.280    97    97 I [ 3882.639154](0)[97:hps_main]CPU2: shutdown
12-05 19:04:29.280    97    97 W [ 3882.639221]: (0)[97:hps_main][Power/hotplug] mt_cpu_kill, cpu: 2
12-05 19:04:29.286    97    97 I [ 3882.645708](0)[97:hps_main]CPU1: shutdown
12-05 19:04:29.287    97    97 W [ 3882.645776]: (0)[97:hps_main][Power/hotplug] mt_cpu_kill, cpu: 1
12-05 19:04:29.289    97    97 W [ 3882.648632]: (0)[97:hps_main][HPS] (0200)(4)action end(4)(4)(0)(0) (4)(4)(4)(4)(1) (0)(0)(0) (604)(8)(0) (0)(4)(8)(0)(4) wifi_base(1)
12-05 19:04:29.792    56    56 E [ 3883.151235](0)[56:cfinteractive]AEE_MONITOR_SET[status]: 0x1
12-05 19:04:30.165    56    56 D [ 3883.523868](0)[56:cfinteractive][name:mt_cpufreq&]: Vproc = 1143mv, freq = 1092000 KHz
12-05 19:04:30.284    56    56 D [ 3883.643705](0)[56:cfinteractive][name:mt_cpufreq&]: Vproc = 993mv, freq = 793000 KHz
12-05 19:04:30.537    56    56 D [ 3883.895852](0)[56:cfinteractive][name:mt_cpufreq&]: Vproc = 950mv, freq = 221000 KHz
12-05 19:04:30.574     0     0 W [ 3883.933542](0)[157:wdtk-0]: kick Ex WDT,RT[3883933516177]
12-05 19:04:30.793  1956  1956 E [ 3884.151791](0)[1956:kworker/0:1]AEE_MONITOR_SET[status]: 0x1
12-05 19:04:31.084  1956  1956 W [ 3884.443515](0)[1956:kworker/0:1]: state:IDLE_STAGE, last:0, balanced<0,0>, usb_state:CONFIGURED
12-05 19:04:31.623   974   974 D [ 3884.982582](0)[974:PerfServiceMana][name:mt_cpufreq&]: Vproc = 1025mv, freq = 858000 KHz
12-05 19:04:31.625     0     0 W [ 3884.984139]-(1)[0:swapper/1]CPU1: Booted secondary processor
12-05 19:04:31.625     0     0 I [ 3884.984268]-(1)[0:swapper/1]CPU1: thread -1, cpu 1, socket 0, mpidr 80000001
12-05 19:04:31.626     0     0 W [ 3884.985255]-(2)[0:swapper/2]CPU2: Booted secondary processor
12-05 19:04:31.626     0     0 I [ 3884.985381]-(2)[0:swapper/2]CPU2: thread -1, cpu 2, socket 0, mpidr 80000002
12-05 19:04:31.627    97    97 W [ 3884.986120]: (1)[97:hps_main][HPS] (0002)(1)action end(42)(249)(0)(0) (4)(4)(4)(4)(3) (10)(23)(1) (0)(0)(0) (0)(2)(23)(0)(2) wifi_base(1)
12-05 19:04:31.619   728  1103 I wm_task_moved: [55,1,0]
12-05 19:04:31.620   728  1103 I am_create_activity: [0,206217177,55,com.vanstone.nativeappstore/.MainActivity,android.intent.action.MAIN,NULL,NULL,0]
12-05 19:04:31.628   728  1103 I wm_task_moved: [55,1,0]
12-05 19:04:31.638   547   547 W [ 3884.997257]: (1)[547:AudioOut_15]Audio_Speaker_Pga_Gain_Set Speaker_pga_gain= 10
12-05 19:04:31.639   547   547 W [ 3884.998723]: (1)[547:AudioOut_15]mtk_pcm_dl2_hardware.buffer_bytes_max = 36864 mPlaybackSramState = 8
12-05 19:04:31.640   547   547 W [ 3884.998763]: (1)[547:AudioOut_15]SNDRV_PCM_STREAM_PLAYBACK mtkalsa_dl2playback_constraints
12-05 19:04:31.640   547   547 W [ 3884.998857]: (1)[547:AudioOut_15]mtk_soc_pcm_dl2_close
12-05 19:04:31.640   547   547 W [ 3884.999288]: (1)[547:AudioOut_15]mtk_pcm_dl2_hardware.buffer_bytes_max = 36864 mPlaybackSramState = 8
12-05 19:04:31.640   547   547 W [ 3884.999321]: (1)[547:AudioOut_15]SNDRV_PCM_STREAM_PLAYBACK mtkalsa_dl2playback_constraints
12-05 19:04:31.640   547   547 W [ 3884.999407]: (1)[547:AudioOut_15]mtk_soc_pcm_dl2_close
12-05 19:04:31.641   547   547 W [ 3885.000451]: (1)[547:AudioOut_15]mtk_pcm_dl2_hardware.buffer_bytes_max = 36864 mPlaybackSramState = 8
12-05 19:04:31.641   547   547 W [ 3885.000489]: (1)[547:AudioOut_15]SNDRV_PCM_STREAM_PLAYBACK mtkalsa_dl2playback_constraints
12-05 19:04:31.641   547   547 W [ 3885.000596]: (1)[547:AudioOut_15]SetDL2Buffer u4BufferSize = 4096 pucVirtBufAddr = e1091000 pucPhysBufAddr = 0x5c570000
12-05 19:04:31.642   547   547 W [ 3885.000999]: (1)[547:AudioOut_15]mtk_pcm_dl2_prepare format = 10 SNDRV_PCM_FORMAT_S32_LE = 10 SNDRV_PCM_FORMAT_U32_LE = 12
12-05 19:04:31.642   547   547 W [ 3885.001035]: (1)[547:AudioOut_15]SetI2SDacOut SampleRate 48000, lowjitter 0, I2SWLen 1
12-05 19:04:31.643   547   547 W [ 3885.002069]: (0)[547:AudioOut_15]Speaker_Amp_Set() value = 1
12-05 19:04:31.643   547   547 W [ 3885.002574]: (0)[547:AudioOut_15]Speaker_Amp_Change
12-05 19:04:31.644   547   547 W [ 3885.002852]: (0)[547:AudioOut_15]Speaker_ClassAB_Open
12-05 19:04:31.645    56    56 D [ 3885.003800](1)[56:cfinteractive][name:mt_cpufreq&]: Vproc = 1143mv, freq = 1092000 KHz
12-05 19:04:31.633   728  1103 I am_focused_activity: [0,com.vanstone.nativeappstore/.MainActivity,startedActivity]
12-05 19:04:31.633   728  1103 I am_pause_activity: [0,12760506,com.android.settings/.Settings$ManagerActivity]
12-05 19:04:31.650     0     0 W [ 3885.009093]-(3)[0:swapper/3]CPU3: Booted secondary processor
12-05 19:04:31.650     0     0 I [ 3885.009230]-(3)[0:swapper/3]CPU3: thread -1, cpu 3, socket 0, mpidr 80000003
12-05 19:04:31.651    97    97 W [ 3885.009854]: (1)[97:hps_main][HPS] (0002)(3)action end(297)(737)(0)(0) (4)(4)(4)(4)(4) (0)(0)(0) (0)(0)(0) (0)(0)(0)(0)(2) wifi_base(1)
12-05 19:04:31.639   728  1103 I sysui_action: [323,com.vanstone.nativeappstore/.MainActivity]
12-05 19:04:31.639   728  1103 I sysui_action: [324,true]
12-05 19:04:31.639   728  1103 I sysui_action: [325,3884]
12-05 19:04:31.640  1253  1253 I sysui_view_visibility: [46,0]
12-05 19:04:31.641  1253  1253 I am_on_paused_called: [0,com.android.settings.Settings$ManagerActivity,handlePauseActivity]
12-05 19:04:31.654   547   547 W [ 3885.013073]: (0)[547:AudioOut_15]spk trim offset=0
12-05 19:04:31.654   547   547 W [ 3885.013112]: (0)[547:AudioOut_15]Apply_Speaker_Gain Speaker_pga_gain= 10
12-05 19:04:31.647   728  1511 I am_restart_activity: [0,206217177,55,com.vanstone.nativeappstore/.MainActivity]
12-05 19:04:31.658   546   546 W [ 3885.017377]: -(0)[546:FastMixer]mtk_pcm_dl2_start
12-05 19:04:31.658   546   546 W [ 3885.017411]: -(0)[546:FastMixer]SetIrqMcuSampleRate(), Irqmode 0, SampleRate 48000
12-05 19:04:31.658   546   546 W [ 3885.017427]: -(0)[546:FastMixer]SetIrqMcuCounter(), Irqmode 0, Counter 256
12-05 19:04:31.658   546   546 W [ 3885.017442]: -(0)[546:FastMixer]SetIrqEnable(), Irqmode 0, bEnable 1
12-05 19:04:31.656   728   755 I sysui_count: [window_time_0,4]
12-05 19:04:31.711  2095  2095 I am_on_resume_called: [0,com.vanstone.nativeappstore.MainActivity,LAUNCH_ACTIVITY]
12-05 19:04:31.793   728   810 I sysui_action: [320,2]
12-05 19:04:31.793   728   810 I sysui_action: [319,176]
12-05 19:04:31.794   728   810 I sysui_action: [322,176]
12-05 19:04:31.794   728   810 I am_activity_launch_time: [0,206217177,com.vanstone.nativeappstore/.MainActivity,151,151]
12-05 19:04:31.793  1956  1956 E [ 3885.152194](0)[1956:kworker/0:1]AEE_MONITOR_SET[status]: 0x1
12-05 19:04:31.914     0     0 F [ 3885.273511]: (0)[1956:kworker/0:1]
12-05 19:04:31.914     0     0 F [ 3885.273511]: <<SOC DVFS FLIPER>> flip to S(0), 1905
12-05 19:04:32.148   646   686 I AT      : AT< +ECSQ: 12,14,1,1,1,-55,-508,7,-9 (RIL_URC_READER, tid:0)
12-05 19:04:32.148   646   686 I RILC    : RIL_SOCKET_1 UNSOLICITED: UNSOL_SIGNAL_STRENGTH length:72
12-05 19:04:32.149   746   788 D RilMalClient: command Fd not ready here
12-05 19:04:32.150  1227  1227 D SST     : [GsmSST0] handle EVENT_SIGNAL_STRENGTH_UPDATE
12-05 19:04:32.150  1227  1227 W SignalStrength: Signal before validate=SignalStrength: 0 14 -1 -1 -1 -1 -1 99 127 13 -22 2147483647 2147483647 gsm|lte 2147483647 2147483647 2147483647
12-05 19:04:32.150  1227  1227 W SignalStrength: Signal after validate=SignalStrength: 0 14 -120 -160 -120 -1 -1 99 -127 -13 -22 2147483647 2147483647 gsm|lte 2147483647 2147483647 2147483647
12-05 19:04:32.153  1227  1227 D SubscriptionController: [getPhoneId] asked for default subId=-1
12-05 19:04:32.154   728  1387 I use-Rlog/RLOG-GSM: getLTELevel - rsrp:-127 snr:-22 rsrpIconLevel:0 snrIconLevel:1
12-05 19:04:32.154   728  1387 W SignalStrength: getTdScdmaLevel = 0
12-05 19:04:32.154   728  1387 W SignalStrength: getLevel=0
12-05 19:04:32.185    56    56 D [ 3885.543773](1)[56:cfinteractive][name:mt_cpufreq&]: Vproc = 1025mv, freq = 858000 KHz
12-05 19:04:32.285    56    56 D [ 3885.643803](0)[56:cfinteractive][name:mt_cpufreq&]: Vproc = 1143mv, freq = 1092000 KHz
12-05 19:04:32.307   728  1511 I am_stop_activity: [0,12760506,com.android.settings/.Settings$ManagerActivity]
12-05 19:04:32.313  1253  1253 I am_on_stop_called: [0,com.android.settings.Settings$ManagerActivity,handleStopActivity]
12-05 19:04:32.339   236   236 I sf_frame_dur: [com.android.settings/com.android.settings.Settings$ManagerActivity,13,2,0,0,1,0,1]
12-05 19:04:32.405    56    56 D [ 3885.764527](0)[56:cfinteractive][name:mt_cpufreq&]: Vproc = 1025mv, freq = 858000 KHz
12-05 19:04:32.452    97    97 I [ 3885.811322](0)[97:hps_main]CPU3: shutdown
12-05 19:04:32.452    97    97 W [ 3885.811350]: (0)[97:hps_main][Power/hotplug] mt_cpu_kill, cpu: 3
12-05 19:04:32.455    97    97 I [ 3885.813862](1)[97:hps_main]CPU2: shutdown
12-05 19:04:32.455    97    97 W [ 3885.813895]: (1)[97:hps_main][Power/hotplug] mt_cpu_kill, cpu: 2
12-05 19:04:32.456    97    97 W [ 3885.815570]: (1)[97:hps_main][HPS] (0200)(4)action end(17)(22)(0)(0) (4)(4)(4)(4)(3) (0)(0)(0) (1057)(8)(0) (0)(22)(8)(0)(22) wifi_base(1)
12-05 19:04:32.557     0     0 W [ 3885.916076]-(2)[0:swapper/2]CPU2: Booted secondary processor
12-05 19:04:32.557     0     0 I [ 3885.916211]-(2)[0:swapper/2]CPU2: thread -1, cpu 2, socket 0, mpidr 80000002
12-05 19:04:32.558    97    97 W [ 3885.916856]: (1)[97:hps_main][HPS] (0002)(2)action end(16)(20)(0)(0) (4)(4)(4)(4)(3) (0)(0)(0) (0)(0)(0) (0)(0)(0)(0)(22) wifi_base(1)
12-05 19:04:32.793   547   547 E [ 3886.152470](0)[547:AudioOut_15]AEE_MONITOR_SET[status]: 0x1
12-05 19:04:32.801   547   547 W [ 3886.160706]: (0)[547:AudioOut_15]Speaker_Amp_Set() value = 0
12-05 19:04:32.801   547   547 W [ 3886.160738]: (0)[547:AudioOut_15]turn off Speaker_Amp_Change
12-05 19:04:32.802   547   547 W [ 3886.160755]: (0)[547:AudioOut_15]Speaker_ClassAB_close
12-05 19:04:32.802   547   547 W [ 3886.161339]: -(0)[547:AudioOut_15]TopCkCount <0 =0
12-05 19:04:32.802   547   547 W [ 3886.161602]: -(0)[547:AudioOut_15]mtk_pcm_dl2_stop
12-05 19:04:32.802   547   547 W [ 3886.161634]: -(0)[547:AudioOut_15]SetIrqEnable(), Irqmode 0, bEnable 0
12-05 19:04:32.802   547   547 W [ 3886.161652]: -(0)[547:AudioOut_15]SetIrqMcuCounter(), Irqmode 0, Counter 0
12-05 19:04:32.803   547   547 W [ 3886.162053]: (0)[547:AudioOut_15]mtk_soc_pcm_dl2_close
12-05 19:04:32.835    56    56 D [ 3886.193833](1)[56:cfinteractive][name:mt_cpufreq&]: Vproc = 950mv, freq = 221000 KHz
12-05 19:04:33.301   974   974 D [ 3886.659816](0)[974:PerfServiceMana][name:mt_cpufreq&]: Vproc = 1025mv, freq = 858000 KHz
12-05 19:04:33.346   728  1513 I am_create_task: [0,57]
12-05 19:04:33.346   728  1513 I am_create_activity: [0,36244813,57,com.android.packageinstaller/.PackageInstallerActivity,android.intent.action.VIEW,application/vnd.android.package-archive,content://com.vanstone.nativeappstore.fileprovider/vansroot/storage/526E-9340/ssl_testsigned.apk,276824067]
12-05 19:04:33.348   728  1513 I wm_task_created: [57,1]
12-05 19:04:33.349   728  1513 I wm_task_moved: [57,1,1]
12-05 19:04:33.351   728  1513 I wm_task_moved: [57,1,1]
12-05 19:04:33.356   547   547 W [ 3886.715065]: (2)[547:AudioOut_15]Audio_Speaker_Pga_Gain_Set Speaker_pga_gain= 10
12-05 19:04:33.357   547   547 W [ 3886.716646]: (2)[547:AudioOut_15]mtk_pcm_dl2_hardware.buffer_bytes_max = 36864 mPlaybackSramState = 8
12-05 19:04:33.357   547   547 W [ 3886.716687]: (2)[547:AudioOut_15]SNDRV_PCM_STREAM_PLAYBACK mtkalsa_dl2playback_constraints
12-05 19:04:33.358   547   547 W [ 3886.716779]: (2)[547:AudioOut_15]mtk_soc_pcm_dl2_close
12-05 19:04:33.358   547   547 W [ 3886.717262]: (2)[547:AudioOut_15]mtk_pcm_dl2_hardware.buffer_bytes_max = 36864 mPlaybackSramState = 8
12-05 19:04:33.358   547   547 W [ 3886.717298]: (2)[547:AudioOut_15]SNDRV_PCM_STREAM_PLAYBACK mtkalsa_dl2playback_constraints
12-05 19:04:33.358   547   547 W [ 3886.717391]: (2)[547:AudioOut_15]mtk_soc_pcm_dl2_close
12-05 19:04:33.359   547   547 W [ 3886.718409]: (2)[547:AudioOut_15]mtk_pcm_dl2_hardware.buffer_bytes_max = 36864 mPlaybackSramState = 8
12-05 19:04:33.359   547   547 W [ 3886.718448]: (2)[547:AudioOut_15]SNDRV_PCM_STREAM_PLAYBACK mtkalsa_dl2playback_constraints
12-05 19:04:33.359   547   547 W [ 3886.718555]: (2)[547:AudioOut_15]SetDL2Buffer u4BufferSize = 4096 pucVirtBufAddr = e1091000 pucPhysBufAddr = 0x5c570000
12-05 19:04:33.360   547   547 W [ 3886.718962]: (2)[547:AudioOut_15]mtk_pcm_dl2_prepare format = 10 SNDRV_PCM_FORMAT_S32_LE = 10 SNDRV_PCM_FORMAT_U32_LE = 12
12-05 19:04:33.360   547   547 W [ 3886.718996]: (2)[547:AudioOut_15]SetI2SDacOut SampleRate 48000, lowjitter 0, I2SWLen 1
12-05 19:04:33.361   547   547 W [ 3886.719972]: (0)[547:AudioOut_15]Speaker_Amp_Set() value = 1
12-05 19:04:33.361   547   547 W [ 3886.720473]: (0)[547:AudioOut_15]Speaker_Amp_Change
12-05 19:04:33.361   547   547 W [ 3886.720748]: (0)[547:AudioOut_15]Speaker_ClassAB_Open
12-05 19:04:33.358   728  1513 I am_focused_activity: [0,com.android.packageinstaller/.PackageInstallerActivity,startedActivity]
12-05 19:04:33.358   728  1513 I am_pause_activity: [0,206217177,com.vanstone.nativeappstore/.MainActivity]
12-05 19:04:33.372   547   547 W [ 3886.730972]: (0)[547:AudioOut_15]spk trim offset=1
12-05 19:04:33.372   547   547 W [ 3886.731014]: (0)[547:AudioOut_15]Apply_Speaker_Gain Speaker_pga_gain= 10
12-05 19:04:33.375    56    56 D [ 3886.733758](1)[56:cfinteractive][name:mt_cpufreq&]: Vproc = 1143mv, freq = 1092000 KHz
12-05 19:04:33.363   728  1513 I sysui_action: [323,com.android.packageinstaller/.PackageInstallerActivity]
12-05 19:04:33.363   728  1513 I sysui_action: [324,true]
12-05 19:04:33.363   728  1513 I sysui_action: [325,3886]
12-05 19:04:33.376     0     0 W [ 3886.735563]-(3)[0:swapper/3]CPU3: Booted secondary processor
12-05 19:04:33.376     0     0 I [ 3886.735705]-(3)[0:swapper/3]CPU3: thread -1, cpu 3, socket 0, mpidr 80000003
12-05 19:04:33.377   546   546 W [ 3886.735915]: -(0)[546:FastMixer]mtk_pcm_dl2_start
12-05 19:04:33.377   546   546 W [ 3886.735947]: -(0)[546:FastMixer]SetIrqMcuSampleRate(), Irqmode 0, SampleRate 48000
12-05 19:04:33.377   546   546 W [ 3886.735963]: -(0)[546:FastMixer]SetIrqMcuCounter(), Irqmode 0, Counter 256
12-05 19:04:33.377   546   546 W [ 3886.735979]: -(0)[546:FastMixer]SetIrqEnable(), Irqmode 0, bEnable 1
12-05 19:04:33.377    97    97 W [ 3886.736359]: (1)[97:hps_main][HPS] (0002)(3)action end(295)(601)(0)(0) (4)(4)(4)(4)(4) (79)(8)(0) (147)(8)(0) (0)(144)(8)(0)(144) wifi_base(1)
12-05 19:04:33.366  2095  2095 I am_on_paused_called: [0,com.vanstone.nativeappstore.MainActivity,handlePauseActivity]
12-05 19:04:33.420   728  1102 I am_restart_activity: [0,36244813,57,com.android.packageinstaller/.PackageInstallerActivity]
12-05 19:04:33.431   728   755 I sysui_count: [window_time_0,1]
12-05 19:04:33.451   728   810 I sysui_action: [321,114]
12-05 19:04:33.451   728   810 I sysui_action: [320,1]
12-05 19:04:33.451   728   810 I sysui_action: [319,114]
12-05 19:04:33.471  2129  2129 I am_on_resume_called: [0,com.android.packageinstaller.PackageInstallerActivity,LAUNCH_ACTIVITY]
12-05 19:04:33.552   728   810 I sysui_action: [322,215]
12-05 19:04:33.552   728   810 I am_activity_launch_time: [0,36244813,com.android.packageinstaller/.PackageInstallerActivity,185,185]
12-05 19:04:33.793  1956  1956 E [ 3887.152747](0)[1956:kworker/0:1]AEE_MONITOR_SET[status]: 0x1
12-05 19:04:34.094  1956  1956 W [ 3887.453422](0)[1956:kworker/0:1]: state:IDLE_STAGE, last:0, balanced<0,0>, usb_state:CONFIGURED
12-05 19:04:34.179    97    97 I [ 3887.537804](1)[97:hps_main]CPU3: shutdown
12-05 19:04:34.179    97    97 W [ 3887.537831]: (1)[97:hps_main][Power/hotplug] mt_cpu_kill, cpu: 3
12-05 19:04:34.170   728   755 I am_stop_activity: [0,206217177,com.vanstone.nativeappstore/.MainActivity]
12-05 19:04:34.181    97    97 I [ 3887.540138](0)[97:hps_main]CPU2: shutdown
12-05 19:04:34.181    97    97 W [ 3887.540165]: (0)[97:hps_main][Power/hotplug] mt_cpu_kill, cpu: 2
12-05 19:04:34.182    97    97 W [ 3887.541529]: (0)[97:hps_main][HPS] (0200)(4)action end(41)(40)(0)(0) (4)(4)(4)(4)(1) (0)(0)(0) (1047)(8)(0) (0)(40)(8)(0)(40) wifi_base(1)
12-05 19:04:34.172  2095  2095 I am_on_stop_called: [0,com.vanstone.nativeappstore.MainActivity,handleStopActivity]
12-05 19:04:34.275    56    56 D [ 3887.633825](1)[56:cfinteractive][name:mt_cpufreq&]: Vproc = 950mv, freq = 221000 KHz
12-05 19:04:34.528   547   547 W [ 3887.887343]: (1)[547:AudioOut_15]Speaker_Amp_Set() value = 0
12-05 19:04:34.528   547   547 W [ 3887.887410]: (1)[547:AudioOut_15]turn off Speaker_Amp_Change
12-05 19:04:34.528   547   547 W [ 3887.887474]: (1)[547:AudioOut_15]Speaker_ClassAB_close
12-05 19:04:34.529   547   547 W [ 3887.888290]: -(1)[547:AudioOut_15]TopCkCount <0 =0
12-05 19:04:34.530   547   547 W [ 3887.889077]: -(1)[547:AudioOut_15]mtk_pcm_dl2_stop
12-05 19:04:34.530   547   547 W [ 3887.889146]: -(1)[547:AudioOut_15]SetIrqEnable(), Irqmode 0, bEnable 0
12-05 19:04:34.530   547   547 W [ 3887.889198]: -(1)[547:AudioOut_15]SetIrqMcuCounter(), Irqmode 0, Counter 0
12-05 19:04:34.531   547   547 W [ 3887.890312]: (1)[547:AudioOut_15]mtk_soc_pcm_dl2_close
12-05 19:04:34.794   974   974 E [ 3888.153193](1)[974:PerfServiceMana]AEE_MONITOR_SET[status]: 0x1
12-05 19:04:34.799   974   974 D [ 3888.158510](1)[974:PerfServiceMana][name:mt_cpufreq&]: Vproc = 1025mv, freq = 858000 KHz
12-05 19:04:34.800     0     0 W [ 3888.159308]-(2)[0:swapper/2]CPU2: Booted secondary processor
12-05 19:04:34.800     0     0 I [ 3888.159454]-(2)[0:swapper/2]CPU2: thread -1, cpu 2, socket 0, mpidr 80000002
12-05 19:04:34.801    97    97 W [ 3888.160131]: (0)[97:hps_main][HPS] (0002)(2)action end(63)(100)(0)(0) (4)(4)(4)(4)(3) (76)(6)(0) (247)(6)(6) (0)(94)(6)(0)(94) wifi_base(1)
12-05 19:04:34.847   728  1510 I wm_task_moved: [57,1,1]
12-05 19:04:34.848   728  1510 I am_create_activity: [0,265639832,57,com.android.packageinstaller/.InstallAppProgress,NULL,NULL,file:///data/user_de/0/com.android.packageinstaller/cache/package1306420775.apk,0]
12-05 19:04:34.851   728  1510 I wm_task_moved: [57,1,1]
12-05 19:04:34.859   154   154 E [ 3888.218497]: (2)[154:bat_thread_kthr][FGADC] 1,1106,0,3987,90,51,51,2400,2400,-12,0,0,1000,3999,1000,49,49,101,103
12-05 19:04:34.859   154   154 E [ 3888.218742](2)[154:bat_thread_kthr]AvgVbat=(3997,3999),AvgI=(0,0),VChr=4740,AvgT=(25,25),SO0:0 I:45000 Ibat:110
12-05 19:04:34.860   154   154 E [ 3888.218773](2)[154:bat_thread_kthr]v=3999,i=0,t=25,soc=51,bcct: 0:0 I:45000 Ibat:110
12-05 19:04:34.861   728  1510 I am_focused_activity: [0,com.android.packageinstaller/.InstallAppProgress,startedActivity]
12-05 19:04:34.860   547   547 E [ 3888.219142]: (0)[547:AudioOut_15][BATTERY] CC mode charge, timer=2160 on 2170 !!
12-05 19:04:34.868   547   547 W [ 3888.227139]: (0)[547:AudioOut_15]Audio_Speaker_Pga_Gain_Set Speaker_pga_gain= 10
12-05 19:04:34.869   547   547 W [ 3888.228690]: (0)[547:AudioOut_15]mtk_pcm_dl2_hardware.buffer_bytes_max = 36864 mPlaybackSramState = 8
12-05 19:04:34.869   547   547 W [ 3888.228733]: (0)[547:AudioOut_15]SNDRV_PCM_STREAM_PLAYBACK mtkalsa_dl2playback_constraints
12-05 19:04:34.870   547   547 W [ 3888.228836]: (0)[547:AudioOut_15]mtk_soc_pcm_dl2_close
12-05 19:04:34.870   547   547 W [ 3888.229335]: (0)[547:AudioOut_15]mtk_pcm_dl2_hardware.buffer_bytes_max = 36864 mPlaybackSramState = 8
12-05 19:04:34.870   547   547 W [ 3888.229373]: (0)[547:AudioOut_15]SNDRV_PCM_STREAM_PLAYBACK mtkalsa_dl2playback_constraints
12-05 19:04:34.870   547   547 W [ 3888.229461]: (0)[547:AudioOut_15]mtk_soc_pcm_dl2_close
12-05 19:04:34.871   547   547 W [ 3888.230418]: (0)[547:AudioOut_15]mtk_pcm_dl2_hardware.buffer_bytes_max = 36864 mPlaybackSramState = 8
12-05 19:04:34.871   547   547 W [ 3888.230458]: (0)[547:AudioOut_15]SNDRV_PCM_STREAM_PLAYBACK mtkalsa_dl2playback_constraints
12-05 19:04:34.871   547   547 W [ 3888.230565]: (0)[547:AudioOut_15]SetDL2Buffer u4BufferSize = 4096 pucVirtBufAddr = e1091000 pucPhysBufAddr = 0x5c570000
12-05 19:04:34.872   547   547 W [ 3888.230974]: (0)[547:AudioOut_15]mtk_pcm_dl2_prepare format = 10 SNDRV_PCM_FORMAT_S32_LE = 10 SNDRV_PCM_FORMAT_U32_LE = 12
12-05 19:04:34.872   547   547 W [ 3888.231008]: (0)[547:AudioOut_15]SetI2SDacOut SampleRate 48000, lowjitter 0, I2SWLen 1
12-05 19:04:34.873   547   547 W [ 3888.232200]: (0)[547:AudioOut_15]Speaker_Amp_Set() value = 1
12-05 19:04:34.873   547   547 W [ 3888.232703]: (0)[547:AudioOut_15]Speaker_Amp_Change
12-05 19:04:34.874   547   547 W [ 3888.232979]: (0)[547:AudioOut_15]Speaker_ClassAB_Open
12-05 19:04:34.874    56    56 D [ 3888.233704](2)[56:cfinteractive][name:mt_cpufreq&]: Vproc = 1087mv, freq = 988000 KHz
12-05 19:04:34.861   728  1510 I am_pause_activity: [0,36244813,com.android.packageinstaller/.PackageInstallerActivity]
12-05 19:04:34.879   974   974 D [ 3888.238266](2)[974:PerfServiceMana][name:mt_cpufreq&]: Vproc = 1143mv, freq = 1092000 KHz
12-05 19:04:34.880     0     0 W [ 3888.239160]-(3)[0:swapper/3]CPU3: Booted secondary processor
12-05 19:04:34.880     0     0 I [ 3888.239298]-(3)[0:swapper/3]CPU3: thread -1, cpu 3, socket 0, mpidr 80000003
12-05 19:04:34.881    97    97 W [ 3888.239948]: (1)[97:hps_main][HPS] (0002)(3)action end(163)(357)(0)(0) (4)(4)(4)(4)(4) (0)(0)(0) (0)(0)(0) (0)(0)(0)(0)(94) wifi_base(1)
12-05 19:04:34.870   728  1102 I am_finish_activity: [0,36244813,57,com.android.packageinstaller/.PackageInstallerActivity,app-request]
12-05 19:04:34.884   547   547 W [ 3888.243198]: (0)[547:AudioOut_15]spk trim offset=1
12-05 19:04:34.884   547   547 W [ 3888.243236]: (0)[547:AudioOut_15]Apply_Speaker_Gain Speaker_pga_gain= 10
12-05 19:04:34.874  2129  2129 I am_on_paused_called: [0,com.android.packageinstaller.PackageInstallerActivity,handlePauseActivity]
12-05 19:04:34.879   728  1513 I am_restart_activity: [0,265639832,57,com.android.packageinstaller/.InstallAppProgress]
12-05 19:04:34.888   546   546 W [ 3888.247209]: -(2)[546:FastMixer]mtk_pcm_dl2_start
12-05 19:04:34.888   546   546 W [ 3888.247244]: -(2)[546:FastMixer]SetIrqMcuSampleRate(), Irqmode 0, SampleRate 48000
12-05 19:04:34.888   546   546 W [ 3888.247261]: -(2)[546:FastMixer]SetIrqMcuCounter(), Irqmode 0, Counter 256
12-05 19:04:34.888   546   546 W [ 3888.247276]: -(2)[546:FastMixer]SetIrqEnable(), Irqmode 0, bEnable 1
12-05 19:04:34.883   728   755 I sysui_count: [window_time_0,2]
12-05 19:04:34.933  2129  2129 I am_on_resume_called: [0,com.android.packageinstaller.InstallAppProgress,LAUNCH_ACTIVITY]
12-05 19:04:35.099   728   810 I am_activity_launch_time: [0,265639832,com.android.packageinstaller/.InstallAppProgress,223,223]
12-05 19:04:35.682    97    97 I [ 3889.041513](0)[97:hps_main]CPU3: shutdown
12-05 19:04:35.682    97    97 W [ 3889.041539]: (0)[97:hps_main][Power/hotplug] mt_cpu_kill, cpu: 3
12-05 19:04:35.684    97    97 W [ 3889.042951]: (0)[97:hps_main][HPS] (0200)(4)action end(179)(183)(0)(1) (4)(4)(4)(4)(3) (0)(0)(0) (1909)(8)(0) (0)(183)(8)(0)(183) wifi_base(1)
12-05 19:04:35.794   154   154 E [ 3889.153695](0)[154:bat_thread_kthr]AEE_MONITOR_SET[status]: 0x1
12-05 19:04:35.864   154   154 E [ 3889.223560]: (0)[154:bat_thread_kthr][BATTERY] Default CC mode charging : 50000
12-05 19:04:35.864   154   154 E [ 3889.223620]: (0)[154:bat_thread_kthr][charging_set_cv_voltage] [0xf54]=0x5, [0xf4e]=0xcd
12-05 19:04:35.864   154   154 E [ 3889.223635]: (0)[154:bat_thread_kthr][BATTERY] pchr_turn_on_charging(), enable =1
12-05 19:04:35.865   154   154 E [ 3889.223757]: (0)[154:bat_thread_kthr]UI_SOC=(51), resetBatteryMeter=(0)
12-05 19:04:35.865   154   154 I [ 3889.223834](0)[154:bat_thread_kthr]mtk_rtc_common: set_rtc_spare_fg_value, 51
12-05 19:04:35.865   154   154 E [ 3889.223848]: (0)[154:bat_thread_kthr][DLPT_POWER_OFF_EN] run
12-05 19:04:35.871  1913  1913 D [ 3889.230521](1)[1913:kworker/u8:3]binder: [name:binder&]binder_flush: 728 woke 11 threads
12-05 19:04:36.031   547   547 W [ 3889.390621]: (2)[547:AudioOut_15]Speaker_Amp_Set() value = 0
12-05 19:04:36.031   547   547 W [ 3889.390644]: (2)[547:AudioOut_15]turn off Speaker_Amp_Change
12-05 19:04:36.031   547   547 W [ 3889.390665]: (2)[547:AudioOut_15]Speaker_ClassAB_close
12-05 19:04:36.032   547   547 W [ 3889.391253]: -(2)[547:AudioOut_15]TopCkCount <0 =0
12-05 19:04:36.032   547   547 W [ 3889.391476]: -(2)[547:AudioOut_15]mtk_pcm_dl2_stop
12-05 19:04:36.032   547   547 W [ 3889.391504]: -(2)[547:AudioOut_15]SetIrqEnable(), Irqmode 0, bEnable 0
12-05 19:04:36.032   547   547 W [ 3889.391519]: -(2)[547:AudioOut_15]SetIrqMcuCounter(), Irqmode 0, Counter 0
12-05 19:04:36.033   547   547 W [ 3889.391883]: (2)[547:AudioOut_15]mtk_soc_pcm_dl2_close
12-05 19:04:36.306   256   256 E [ 3889.665463](1)[256:batterywarning]: 0
12-05 19:04:36.356   728   830 I am_proc_start: [0,2207,10005,com.android.defcontainer,service,com.android.defcontainer/.DefaultContainerService]
12-05 19:04:36.384   728   741 I am_proc_bound: [0,2207,com.android.defcontainer]
12-05 19:04:36.754    56    56 D [ 3890.113746](1)[56:cfinteractive][name:mt_cpufreq&]: Vproc = 1087mv, freq = 988000 KHz
12-05 19:04:36.795    56    56 E [ 3890.153999](1)[56:cfinteractive]AEE_MONITOR_SET[status]: 0x1
12-05 19:04:36.835    56    56 D [ 3890.193786](1)[56:cfinteractive][name:mt_cpufreq&]: Vproc = 1143mv, freq = 1092000 KHz
12-05 19:04:36.952   646   683 I RILC    : NUMBER:1
12-05 19:04:36.952   646   683 I RILC    : arg len:14
12-05 19:04:36.952   646   683 I RILC    : ARGS[0]:THERMAL,0,-1
12-05 19:04:36.953   646   683 I RILC-MTK: set request 2502 to protocal 1, proxyId=3
12-05 19:04:36.953   646   674 I RILC-MTK: proxy id:3, proxyName: RIL_CMD_PROXY_1, QUERY_MODEM_THERMAL pRI=0xa93b90e0 p=0xa93b2268 execute on RIL_CMD_PROXY_1 using channel 3
12-05 19:04:36.953   646   674 D RIL     : onRequest: QUERY_MODEM_THERMAL, datalen = 4, radioState:10
12-05 19:04:36.953   646   674 D RIL-OEM : requestQueryThermal Enter,-1
12-05 19:04:36.953   646   674 I AT      : AT> AT+ETHERMAL (RIL_CMD_READER_3, tid:2864867616)
12-05 19:04:36.964   646   689 I AT      : AT< +ETHERMAL: 3, 35, -127, -1, 32767, 18 (RIL_CMD_READER_3, tid:2864867616)
12-05 19:04:36.964   646   689 I AT      : AT< OK (RIL_CMD_READER_3, tid:2864867616)
12-05 19:04:36.965   646   674 D RIL-OEM : requestQueryThermal success
12-05 19:04:37.104  1956  1956 W [ 3890.463410](0)[1956:kworker/0:1]: state:IDLE_STAGE, last:0, balanced<0,0>, usb_state:CONFIGURED
12-05 19:04:37.277   646   686 I AT      : AT< +ECSQ: 15,15,1,1,1,-49,-502,7,-1 (RIL_URC_READER, tid:0)
12-05 19:04:37.277   646   686 I RILC    : RIL_SOCKET_1 UNSOLICITED: UNSOL_SIGNAL_STRENGTH length:72
12-05 19:04:37.278   746   788 D RilMalClient: command Fd not ready here
12-05 19:04:37.279  1227  1227 D SST     : [GsmSST0] handle EVENT_SIGNAL_STRENGTH_UPDATE
12-05 19:04:37.279  1227  1227 W SignalStrength: Signal before validate=SignalStrength: 0 15 -1 -1 -1 -1 -1 99 125 12 -2 2147483647 2147483647 gsm|lte 2147483647 2147483647 2147483647
12-05 19:04:37.279  1227  1227 W SignalStrength: Signal after validate=SignalStrength: 0 15 -120 -160 -120 -1 -1 99 -125 -12 -2 2147483647 2147483647 gsm|lte 2147483647 2147483647 2147483647
12-05 19:04:37.281  1227  1227 D SubscriptionController: [getPhoneId] asked for default subId=-1
12-05 19:04:37.282   728  1514 I use-Rlog/RLOG-GSM: getLTELevel - rsrp:-125 snr:-2 rsrpIconLevel:0 snrIconLevel:1
12-05 19:04:37.282   728  1514 W SignalStrength: getTdScdmaLevel = 0
12-05 19:04:37.282   728  1514 W SignalStrength: getLevel=0
12-05 19:04:37.385     0     0 W [ 3890.744625]-(3)[0:swapper/3]CPU3: Booted secondary processor
12-05 19:04:37.386     0     0 I [ 3890.744758]-(3)[0:swapper/3]CPU3: thread -1, cpu 3, socket 0, mpidr 80000003
12-05 19:04:37.386    97    97 W [ 3890.745438]: (0)[97:hps_main][HPS] (0020)(3)action end(297)(578)(0)(4) (4)(4)(4)(4)(3) (367)(16)(0) (1221)(16)(0) (1)(578)(17)(0)(578) wifi_base(1)
12-05 19:04:37.414     0     0 F [ 3890.773447]: (0)[1956:kworker/0:1]
12-05 19:04:37.414     0     0 F [ 3890.773447]: <<SOC DVFS FLIPER>> flip to E(0), 1279
12-05 19:04:37.795  1956  1956 E [ 3891.154321](0)[1956:kworker/0:1]AEE_MONITOR_SET[status]: 0x1
12-05 19:04:37.814     0     0 F [ 3891.173482]: (0)[1956:kworker/0:1]
12-05 19:04:37.814     0     0 F [ 3891.173482]: <<SOC DVFS FLIPER>> flip to S(0), 1509
12-05 19:04:38.126     0     0 W [ 3891.485607]-(0)[0:swapper/0]: No enter --- SODI: No enter --- 
12-05 19:04:38.385    56    56 D [ 3891.743807](0)[56:cfinteractive][name:mt_cpufreq&]: Vproc = 1087mv, freq = 988000 KHz
12-05 19:04:38.405    56    56 D [ 3891.763927](0)[56:cfinteractive][name:mt_cpufreq&]: Vproc = 1143mv, freq = 1092000 KHz
12-05 19:04:38.583   728   830 I unknown_sources_enabled: 1
12-05 19:04:38.605    56    56 D [ 3891.963846](0)[56:cfinteractive][name:mt_cpufreq&]: Vproc = 1025mv, freq = 858000 KHz
12-05 19:04:38.685    56    56 D [ 3892.043800](0)[56:cfinteractive][name:mt_cpufreq&]: Vproc = 1143mv, freq = 1092000 KHz
12-05 19:04:38.695   728   728 I notification_cancel_all: [1000,728,com.example.vanstone.ssltest,0,0,0,5,NULL]
12-05 19:04:38.761   728  1103 I am_proc_start: [0,2230,10002,android.process.acore,broadcast,com.android.providers.contacts/.PackageIntentReceiver]
12-05 19:04:38.769   728  1103 I am_destroy_activity: [0,36244813,57,com.android.packageinstaller/.PackageInstallerActivity,finish-imm]
12-05 19:04:38.779  2129  2129 I am_on_stop_called: [0,com.android.packageinstaller.PackageInstallerActivity,destroy]
12-05 19:04:38.789    97    97 I [ 3892.147916](0)[97:hps_main]CPU3: shutdown
12-05 19:04:38.789    97    97 W [ 3892.147946]: (0)[97:hps_main][Power/hotplug] mt_cpu_kill, cpu: 3
12-05 19:04:38.790    97    97 W [ 3892.149671]: (0)[97:hps_main][HPS] (0200)(4)action end(344)(588)(12)(2) (4)(4)(4)(4)(1) (0)(0)(0) (2011)(14)(6) (0)(588)(14)(0)(588) wifi_base(1)
12-05 19:04:38.792   728  1103 I am_proc_bound: [0,2230,android.process.acore]
12-05 19:04:38.799   236   236 I sf_frame_dur: [com.android.packageinstaller/com.android.packageinstaller.PackageInstallerActivity,13,2,1,0,0,1,0]
12-05 19:04:38.973   728  1387 I am_proc_start: [0,2252,10029,com.svox.pico,broadcast,com.svox.pico/.VoiceDataInstallerReceiver]
12-05 19:04:38.997   728  1102 I am_proc_bound: [0,2252,com.svox.pico]
12-05 19:04:39.039   728   741 I am_kill : [0,1833,com.roco.autogen,904,empty for 3853s]
12-05 19:04:39.091   728  1514 I am_proc_died: [0,1833,com.roco.autogen]
12-05 19:04:38.795    56    56 E [ 3892.154614](1)[56:cfinteractive]AEE_MONITOR_SET[status]: 0x1
12-05 19:04:39.305    56    56 D [ 3892.663909](1)[56:cfinteractive][name:mt_cpufreq&]: Vproc = 950mv, freq = 221000 KHz
12-05 19:04:39.594    97    97 I [ 3892.953017](0)[97:hps_main]CPU2: shutdown
12-05 19:04:39.594    97    97 W [ 3892.953086]: (0)[97:hps_main][Power/hotplug] mt_cpu_kill, cpu: 2
12-05 19:04:39.598    97    97 W [ 3892.957621]: (0)[97:hps_main][HPS] (0200)(3)action end(8)(7)(0)(0) (4)(4)(4)(4)(1) (11)(8)(0) (961)(8)(0) (0)(7)(8)(0)(7) wifi_base(1)
12-05 19:04:39.796  1956  1956 E [ 3893.155079](0)[1956:kworker/0:1]AEE_MONITOR_SET[status]: 0x1
12-05 19:04:40.114  1956  1956 W [ 3893.473546](0)[1956:kworker/0:1]: state:IDLE_STAGE, last:0, balanced<0,0>, usb_state:CONFIGURED
12-05 19:04:40.196   974   974 D [ 3893.555566](0)[974:PerfServiceMana][name:mt_cpufreq&]: Vproc = 1025mv, freq = 858000 KHz
12-05 19:04:40.197     0     0 W [ 3893.556374]-(2)[0:swapper/2]CPU2: Booted secondary processor
12-05 19:04:40.197     0     0 I [ 3893.556517]-(2)[0:swapper/2]CPU2: thread -1, cpu 2, socket 0, mpidr 80000002
12-05 19:04:40.198    97    97 W [ 3893.557183]: (0)[97:hps_main][HPS] (0002)(2)action end(21)(30)(0)(0) (4)(4)(4)(4)(3) (123)(5)(1) (152)(5)(5) (0)(58)(5)(0)(58) wifi_base(1)
12-05 19:04:40.205   728  1387 I am_finish_activity: [0,265639832,57,com.android.packageinstaller/.InstallAppProgress,app-request]
12-05 19:04:40.206   728  1387 I wm_task_moved: [55,1,1]
12-05 19:04:40.219   547   547 W [ 3893.577997]: (0)[547:AudioOut_15]Audio_Speaker_Pga_Gain_Set Speaker_pga_gain= 10
12-05 19:04:40.220   547   547 W [ 3893.579642]: (0)[547:AudioOut_15]mtk_pcm_dl2_hardware.buffer_bytes_max = 36864 mPlaybackSramState = 8
12-05 19:04:40.220   547   547 W [ 3893.579683]: (0)[547:AudioOut_15]SNDRV_PCM_STREAM_PLAYBACK mtkalsa_dl2playback_constraints
12-05 19:04:40.221   547   547 W [ 3893.579780]: (0)[547:AudioOut_15]mtk_soc_pcm_dl2_close
12-05 19:04:40.221   547   547 W [ 3893.580276]: (0)[547:AudioOut_15]mtk_pcm_dl2_hardware.buffer_bytes_max = 36864 mPlaybackSramState = 8
12-05 19:04:40.221   547   547 W [ 3893.580314]: (0)[547:AudioOut_15]SNDRV_PCM_STREAM_PLAYBACK mtkalsa_dl2playback_constraints
12-05 19:04:40.221   547   547 W [ 3893.580404]: (0)[547:AudioOut_15]mtk_soc_pcm_dl2_close
12-05 19:04:40.222   547   547 W [ 3893.581384]: (0)[547:AudioOut_15]mtk_pcm_dl2_hardware.buffer_bytes_max = 36864 mPlaybackSramState = 8
12-05 19:04:40.222   547   547 W [ 3893.581425]: (0)[547:AudioOut_15]SNDRV_PCM_STREAM_PLAYBACK mtkalsa_dl2playback_constraints
12-05 19:04:40.222   547   547 W [ 3893.581540]: (0)[547:AudioOut_15]SetDL2Buffer u4BufferSize = 4096 pucVirtBufAddr = e1091000 pucPhysBufAddr = 0x5c570000
12-05 19:04:40.223   547   547 W [ 3893.581946]: (0)[547:AudioOut_15]mtk_pcm_dl2_prepare format = 10 SNDRV_PCM_FORMAT_S32_LE = 10 SNDRV_PCM_FORMAT_U32_LE = 12
12-05 19:04:40.223   547   547 W [ 3893.581980]: (0)[547:AudioOut_15]SetI2SDacOut SampleRate 48000, lowjitter 0, I2SWLen 1
12-05 19:04:40.224   547   547 W [ 3893.583687]: (2)[547:AudioOut_15]Speaker_Amp_Set() value = 1
12-05 19:04:40.225   547   547 W [ 3893.584183]: (2)[547:AudioOut_15]Speaker_Amp_Change
12-05 19:04:40.225   547   547 W [ 3893.584451]: (2)[547:AudioOut_15]Speaker_ClassAB_Open
12-05 19:04:40.216   728  1387 I am_focused_activity: [0,com.vanstone.nativeappstore/.MainActivity,finishActivity adjustFocus]
12-05 19:04:40.218   728  1387 I am_pause_activity: [0,265639832,com.android.packageinstaller/.InstallAppProgress]
12-05 19:04:40.233   974   974 D [ 3893.592139](0)[974:PerfServiceMana][name:mt_cpufreq&]: Vproc = 1143mv, freq = 1092000 KHz
12-05 19:04:40.234     0     0 W [ 3893.592902]-(3)[0:swapper/3]CPU3: Booted secondary processor
12-05 19:04:40.234     0     0 I [ 3893.593038]-(3)[0:swapper/3]CPU3: thread -1, cpu 3, socket 0, mpidr 80000003
12-05 19:04:40.235    97    97 W [ 3893.593797]: (0)[97:hps_main][HPS] (0002)(3)action end(249)(575)(0)(0) (4)(4)(4)(4)(4) (0)(0)(0) (0)(0)(0) (0)(0)(0)(0)(58) wifi_base(1)
12-05 19:04:40.225  2129  2129 I am_on_paused_called: [0,com.android.packageinstaller.InstallAppProgress,handlePauseActivity]
12-05 19:04:40.235   547   547 W [ 3893.594665]: (2)[547:AudioOut_15]spk trim offset=0
12-05 19:04:40.235   547   547 W [ 3893.594704]: (2)[547:AudioOut_15]Apply_Speaker_Gain Speaker_pga_gain= 10
12-05 19:04:40.239   546   546 W [ 3893.598702]: -(0)[546:FastMixer]mtk_pcm_dl2_start
12-05 19:04:40.239   546   546 W [ 3893.598743]: -(0)[546:FastMixer]SetIrqMcuSampleRate(), Irqmode 0, SampleRate 48000
12-05 19:04:40.240   546   546 W [ 3893.598760]: -(0)[546:FastMixer]SetIrqMcuCounter(), Irqmode 0, Counter 256
12-05 19:04:40.240   546   546 W [ 3893.598777]: -(0)[546:FastMixer]SetIrqEnable(), Irqmode 0, bEnable 1
12-05 19:04:40.261   728  1512 I am_resume_activity: [0,206217177,55,com.vanstone.nativeappstore/.MainActivity]
12-05 19:04:40.277  2095  2095 I am_on_resume_called: [0,com.vanstone.nativeappstore.MainActivity,RESUME_ACTIVITY]
12-05 19:04:41.026   728   755 I am_destroy_activity: [0,265639832,57,com.android.packageinstaller/.InstallAppProgress,finish-imm]
12-05 19:04:41.028   728   755 I am_kill : [0,1763,com.mediatek.providers.drm,904,empty for 3854s]
12-05 19:04:41.030  2129  2129 I am_on_stop_called: [0,com.android.packageinstaller.InstallAppProgress,destroy]
12-05 19:04:41.038   236   236 I sf_frame_dur: [com.android.packageinstaller/com.android.packageinstaller.InstallAppProgress,205,3,0,0,0,0,1]
12-05 19:04:41.040   728  1511 I wm_task_removed: [57,removeAppToken: last token]
12-05 19:04:41.040   728  1511 I wm_task_removed: [57,removeTask]
12-05 19:04:41.092   728  1387 I am_proc_died: [0,1763,com.mediatek.providers.drm]
12-05 19:04:40.796    97    97 E [ 3894.155470](0)[97:hps_main]AEE_MONITOR_SET[status]: 0x1
12-05 19:04:41.136    97    97 I [ 3894.495232](0)[97:hps_main]CPU3: shutdown
12-05 19:04:41.136    97    97 W [ 3894.495262]: (0)[97:hps_main][Power/hotplug] mt_cpu_kill, cpu: 3
12-05 19:04:41.138    97    97 I [ 3894.497366](0)[97:hps_main]CPU2: shutdown
12-05 19:04:41.138    97    97 W [ 3894.497388]: (0)[97:hps_main][Power/hotplug] mt_cpu_kill, cpu: 2
12-05 19:04:41.140    97    97 I [ 3894.499503](0)[97:hps_main]CPU1: shutdown
12-05 19:04:41.140    97    97 W [ 3894.499526]: (0)[97:hps_main][Power/hotplug] mt_cpu_kill, cpu: 1
12-05 19:04:41.142    97    97 W [ 3894.501196]: (0)[97:hps_main][HPS] (0200)(4)action end(86)(110)(0)(0) (4)(4)(4)(4)(1) (0)(0)(0) (583)(9)(1) (0)(110)(9)(0)(110) wifi_base(1)
12-05 19:04:41.235    56    56 D [ 3894.593768](0)[56:cfinteractive][name:mt_cpufreq&]: Vproc = 950mv, freq = 221000 KHz
12-05 19:04:41.275    56    56 D [ 3894.634011](0)[56:cfinteractive][name:mt_cpufreq&]: Vproc = 1143mv, freq = 1092000 KHz
12-05 19:04:41.355    56    56 D [ 3894.714006](0)[56:cfinteractive][name:mt_cpufreq&]: Vproc = 950mv, freq = 221000 KHz
12-05 19:04:41.396   547   547 W [ 3894.755555]: (0)[547:AudioOut_15]Speaker_Amp_Set() value = 0
12-05 19:04:41.396   547   547 W [ 3894.755622]: (0)[547:AudioOut_15]turn off Speaker_Amp_Change
12-05 19:04:41.396   547   547 W [ 3894.755685]: (0)[547:AudioOut_15]Speaker_ClassAB_close
12-05 19:04:41.397   547   547 W [ 3894.756494]: -(0)[547:AudioOut_15]TopCkCount <0 =0
12-05 19:04:41.398   547   547 W [ 3894.757241]: -(0)[547:AudioOut_15]mtk_pcm_dl2_stop
