12-05 19:03:06.733   646   689 I AT      : AT< +ETHERMAL: 3, 33, -127, -1, 32767, 18 (RIL_CMD_READER_3, tid:2864867616)
12-05 19:03:06.733   646   689 I AT      : AT< OK (RIL_CMD_READER_3, tid:2864867616)
12-05 19:03:06.734   646   674 D RIL-OEM : requestQueryThermal success
12-05 19:03:08.959   646   686 I AT      : AT< +ECSQ: 22,21,1,1,1,-35,-477,7,15 (RIL_URC_READER, tid:0)
12-05 19:03:08.959   646   686 I RILC    : RIL_SOCKET_1 UNSOLICITED: UNSOL_SIGNAL_STRENGTH length:72
12-05 19:03:08.962   746   788 D RilMalClient: command Fd not ready here
12-05 19:03:08.965  1227  1227 D SST     : [GsmSST0] handle EVENT_SIGNAL_STRENGTH_UPDATE
12-05 19:03:08.965  1227  1227 W SignalStrength: Signal before validate=SignalStrength: 0 21 -1 -1 -1 -1 -1 99 119 8 37 2147483647 2147483647 gsm|lte 2147483647 2147483647 2147483647
12-05 19:03:08.965  1227  1227 W SignalStrength: Signal after validate=SignalStrength: 0 21 -120 -160 -120 -1 -1 99 -119 -8 37 2147483647 2147483647 gsm|lte 2147483647 2147483647 2147483647
12-05 19:03:08.968  1227  1227 D SubscriptionController: [getPhoneId] asked for default subId=-1
12-05 19:03:08.971   728  1387 I use-Rlog/RLOG-GSM: getLTELevel - rsrp:-119 snr:37 rsrpIconLevel:0 snrIconLevel:2
12-05 19:03:08.971   728  1387 W SignalStrength: getTdScdmaLevel = 0
12-05 19:03:08.971   728  1387 W SignalStrength: getLevel=0
12-05 19:03:12.259   994  1369 D SubscriptionManager: [getSlotId]- fail, subId = -1
12-05 19:03:12.260  1227  1407 D SubscriptionController: [getSlotId]- subId invalid
12-05 19:03:12.262   994  1369 D TelephonyManager: getSimState: default sim:-1, all SIMs absent, return state as absent
12-05 19:03:14.081   646   686 I AT      : AT< +ECSQ: 23,22,1,1,1,-33,-476,7,17 (RIL_URC_READER, tid:0)
12-05 19:03:14.081   646   686 I RILC    : RIL_SOCKET_1 UNSOLICITED: UNSOL_SIGNAL_STRENGTH length:72
12-05 19:03:14.084   746   788 D RilMalClient: command Fd not ready here
12-05 19:03:14.086  1227  1227 D SST     : [GsmSST0] handle EVENT_SIGNAL_STRENGTH_UPDATE
12-05 19:03:14.086  1227  1227 W SignalStrength: Signal before validate=SignalStrength: 0 22 -1 -1 -1 -1 -1 99 119 8 42 2147483647 2147483647 gsm|lte 2147483647 2147483647 2147483647
12-05 19:03:14.086  1227  1227 W SignalStrength: Signal after validate=SignalStrength: 0 22 -120 -160 -120 -1 -1 99 -119 -8 42 2147483647 2147483647 gsm|lte 2147483647 2147483647 2147483647
12-05 19:03:14.091  1227  1227 D SubscriptionController: [getPhoneId] asked for default subId=-1
12-05 19:03:14.095   728  1100 I use-Rlog/RLOG-GSM: getLTELevel - rsrp:-119 snr:42 rsrpIconLevel:0 snrIconLevel:2
12-05 19:03:14.095   728  1100 W SignalStrength: getTdScdmaLevel = 0
12-05 19:03:14.095   728  1100 W SignalStrength: getLevel=0
12-05 19:03:14.234   994  1369 D SubscriptionManager: [getSlotId]- fail, subId = -1
12-05 19:03:14.234  1227  1407 D SubscriptionController: [getSlotId]- subId invalid
12-05 19:03:14.236   994  1369 D TelephonyManager: getSimState: default sim:-1, all SIMs absent, return state as absent
12-05 19:03:15.246   994  1369 D SubscriptionManager: [getSlotId]- fail, subId = -1
12-05 19:03:15.248  1227  1407 D SubscriptionController: [getSlotId]- subId invalid
12-05 19:03:15.258   994  1369 D TelephonyManager: getSimState: default sim:-1, all SIMs absent, return state as absent
12-05 19:03:16.744   646   683 I RILC    : NUMBER:1
12-05 19:03:16.744   646   683 I RILC    : arg len:14
12-05 19:03:16.744   646   683 I RILC    : ARGS[0]:THERMAL,0,-1
12-05 19:03:16.745   646   683 I RILC-MTK: set request 2502 to protocal 1, proxyId=3
12-05 19:03:16.746   646   674 I RILC-MTK: proxy id:3, proxyName: RIL_CMD_PROXY_1, QUERY_MODEM_THERMAL pRI=0xa93b9140 p=0xa93b21c0 execute on RIL_CMD_PROXY_1 using channel 3
12-05 19:03:16.746   646   674 D RIL     : onRequest: QUERY_MODEM_THERMAL, datalen = 4, radioState:10
12-05 19:03:16.746   646   674 D RIL-OEM : requestQueryThermal Enter,-1
12-05 19:03:16.747   646   674 I AT      : AT> AT+ETHERMAL (RIL_CMD_READER_3, tid:2864867616)
12-05 19:03:16.763   646   689 I AT      : AT< +ETHERMAL: 3, 34, -127, -1, 32767, 18 (RIL_CMD_READER_3, tid:2864867616)
12-05 19:03:16.763   646   689 I AT      : AT< OK (RIL_CMD_READER_3, tid:2864867616)
12-05 19:03:16.764   646   674 D RIL-OEM : requestQueryThermal success
12-05 19:03:19.199   646   686 I AT      : AT< +ECSQ: 23,21,1,1,1,-34,-477,7,19 (RIL_URC_READER, tid:0)
12-05 19:03:19.199   646   686 I RILC    : RIL_SOCKET_1 UNSOLICITED: UNSOL_SIGNAL_STRENGTH length:72
12-05 19:03:19.202   746   788 D RilMalClient: command Fd not ready here
12-05 19:03:19.204  1227  1227 D SST     : [GsmSST0] handle EVENT_SIGNAL_STRENGTH_UPDATE
12-05 19:03:19.204  1227  1227 W SignalStrength: Signal before validate=SignalStrength: 0 21 -1 -1 -1 -1 -1 99 119 8 47 2147483647 2147483647 gsm|lte 2147483647 2147483647 2147483647
12-05 19:03:19.205  1227  1227 W SignalStrength: Signal after validate=SignalStrength: 0 21 -120 -160 -120 -1 -1 99 -119 -8 47 2147483647 2147483647 gsm|lte 2147483647 2147483647 2147483647
12-05 19:03:19.211  1227  1227 D SubscriptionController: [getPhoneId] asked for default subId=-1
12-05 19:03:19.214   728  1511 I use-Rlog/RLOG-GSM: getLTELevel - rsrp:-119 snr:47 rsrpIconLevel:0 snrIconLevel:3
12-05 19:03:19.214   728  1511 W SignalStrength: getTdScdmaLevel = 0
12-05 19:03:19.214   728  1511 W SignalStrength: getLevel=0
12-05 19:03:24.319   646   686 I AT      : AT< +ECSQ: 18,17,1,1,1,-43,-494,7,16 (RIL_URC_READER, tid:0)
12-05 19:03:24.319   646   686 I RILC    : RIL_SOCKET_1 UNSOLICITED: UNSOL_SIGNAL_STRENGTH length:72
12-05 19:03:24.322   746   788 D RilMalClient: command Fd not ready here
12-05 19:03:24.324  1227  1227 D SST     : [GsmSST0] handle EVENT_SIGNAL_STRENGTH_UPDATE
12-05 19:03:24.324  1227  1227 W SignalStrength: Signal before validate=SignalStrength: 0 17 -1 -1 -1 -1 -1 99 123 10 40 2147483647 2147483647 gsm|lte 2147483647 2147483647 2147483647
12-05 19:03:24.324  1227  1227 W SignalStrength: Signal after validate=SignalStrength: 0 17 -120 -160 -120 -1 -1 99 -123 -10 40 2147483647 2147483647 gsm|lte 2147483647 2147483647 2147483647
12-05 19:03:24.328  1227  1227 D SubscriptionController: [getPhoneId] asked for default subId=-1
12-05 19:03:24.330   728  1387 I use-Rlog/RLOG-GSM: getLTELevel - rsrp:-123 snr:40 rsrpIconLevel:0 snrIconLevel:2
12-05 19:03:24.331   728  1387 W SignalStrength: getTdScdmaLevel = 0
12-05 19:03:24.331   728  1387 W SignalStrength: getLevel=0
12-05 19:03:26.773   646   683 I RILC    : NUMBER:1
12-05 19:03:26.774   646   683 I RILC    : arg len:14
12-05 19:03:26.774   646   683 I RILC    : ARGS[0]:THERMAL,0,-1
12-05 19:03:26.774   646   683 I RILC-MTK: set request 2502 to protocal 1, proxyId=3
12-05 19:03:26.776   646   674 I RILC-MTK: proxy id:3, proxyName: RIL_CMD_PROXY_1, QUERY_MODEM_THERMAL pRI=0xa93b9160 p=0xa93b2230 execute on RIL_CMD_PROXY_1 using channel 3
12-05 19:03:26.776   646   674 D RIL     : onRequest: QUERY_MODEM_THERMAL, datalen = 4, radioState:10
12-05 19:03:26.776   646   674 D RIL-OEM : requestQueryThermal Enter,-1
12-05 19:03:26.777   646   674 I AT      : AT> AT+ETHERMAL (RIL_CMD_READER_3, tid:2864867616)
12-05 19:03:26.792   646   689 I AT      : AT< +ETHERMAL: 3, 34, -127, -1, 32767, 18 (RIL_CMD_READER_3, tid:2864867616)
12-05 19:03:26.794   646   689 I AT      : AT< OK (RIL_CMD_READER_3, tid:2864867616)
12-05 19:03:26.795   646   674 D RIL-OEM : requestQueryThermal success
--------- beginning of kernel
12-05 19:03:29.379     0     0 W [ 3822.737828]: -(0)[0:swapper/0]QMU_WARN,<mtk_qmu_stop 537>, Stop RQ 1
12-05 19:03:29.379     0     0 W [ 3822.737892]: -(0)[0:swapper/0]QMU_WARN,<mtk_qmu_disable 549>, disable RQ(2)
12-05 19:03:29.379     0     0 W [ 3822.737939]: -(0)[0:swapper/0]QMU_WARN,<mtk_qmu_stop 537>, Stop RQ 2
12-05 19:03:29.379     0     0 W [ 3822.738004]: -(0)[0:swapper/0]QMU_WARN,<mtk_qmu_disable 549>, disable TQ(1)
12-05 19:03:29.379     0     0 W [ 3822.738053]: -(0)[0:swapper/0]QMU_WARN,<mtk_qmu_stop 532>, TQ 1 already inactive
12-05 19:03:29.379     0     0 W [ 3822.738116]: -(0)[0:swapper/0]QMU_WARN,<mtk_qmu_disable 549>, disable TQ(2)
12-05 19:03:29.379     0     0 W [ 3822.738164]: -(0)[0:swapper/0]QMU_WARN,<mtk_qmu_stop 532>, TQ 2 already inactive
12-05 19:03:29.379     0     0 W [ 3822.738226]: -(0)[0:swapper/0]QMU_WARN,<mtk_qmu_disable 549>, disable TQ(3)
12-05 19:03:29.379     0     0 W [ 3822.738273]: -(0)[0:swapper/0]QMU_WARN,<mtk_qmu_stop 530>, Stop TQ 3
12-05 19:03:29.379     0     0 W [ 3822.738339]-(0)[0:swapper/0]: BATTERY_SetUSBState, state=1
12-05 19:03:29.379     0     0 E [ 3822.738384]: -(0)[0:swapper/0][BATTERY] BAT_SetUSBState Success! Set 1
12-05 19:03:29.379     0     0 W [ 3822.738448]: -(0)[0:swapper/0]QMU_WARN,<mtk_qmu_stop 539>, RQ 1 already inactive
12-05 19:03:29.379     0     0 W [ 3822.738540]-(0)[0:swapper/0]: call musb_g_giveback on function nuke ep is ep1out
12-05 19:03:29.379     0     0 W [ 3822.738616]: -(0)[0:swapper/0]QMU_WARN,<mtk_qmu_stop 532>, TQ 1 already inactive
12-05 19:03:29.379     0     0 I [ 3822.738681]-(0)[0:swapper/0]android_usb gadget: acm ttyGS0 deactivated
12-05 19:03:29.379     0     0 W [ 3822.738735]: -(0)[0:swapper/0]QMU_WARN,<mtk_qmu_stop 539>, RQ 2 already inactive
12-05 19:03:29.380     0     0 W [ 3822.738790]: -(0)[0:swapper/0]QMU_WARN,<mtk_qmu_stop 532>, TQ 2 already inactive
12-05 19:03:29.380     0     0 W [ 3822.738848]: -(0)[0:swapper/0]QMU_WARN,<mtk_qmu_stop 532>, TQ 3 already inactive
12-05 19:03:29.380     0     0 I [ 3822.738905]-(0)[0:swapper/0]: dev->connected = 0
12-05 19:03:29.380     0     0 I [ 3822.738956]-(0)[0:swapper/0]android_usb gadget: [COM]composite_disconnect: reassign the complete function!!
12-05 19:03:29.386  1956  1956 W [ 3822.745589](0)[1956:kworker/0:1]: usb_cable_connected vbus_exist=1 type=1
12-05 19:03:29.386  1956  1956 W [ 3822.745667](0)[1956:kworker/0:1]: usb_cable_connected, connected:1, cable_mode:1
12-05 19:03:29.386  1956  1956 I [ 3822.745721](0)[1956:kworker/0:1]: is_hwconnected=1
12-05 19:03:29.387  1956  1956 I [ 3822.746220](0)[1956:kworker/0:1]: sent uevent USB_STATE=DISCONNECTED
12-05 19:03:29.395    56    56 D [ 3822.753951](0)[56:cfinteractive][name:mt_cpufreq&]: Vproc = 1137mv, freq = 1092000 KHz
12-05 19:03:29.419  1956  1956 W [ 3822.778151](0)[1956:kworker/0:1]: usb_cable_connected vbus_exist=1 type=1
12-05 19:03:29.419  1956  1956 W [ 3822.778179](0)[1956:kworker/0:1]: usb_cable_connected, connected:1, cable_mode:1
12-05 19:03:29.419  1956  1956 I [ 3822.778193](0)[1956:kworker/0:1]: is_hwconnected=1
12-05 19:03:29.419  1956  1956 I [ 3822.778307](0)[1956:kworker/0:1]: sent uevent USB_STATE=CONNECTED
12-05 19:03:29.424  1100  1100 W [ 3822.782839]-(0)[1100:Binder:728_3]: MUSB_INTR_RESET (b_peripheral)
12-05 19:03:29.424  1100  1100 W [ 3822.782862]: -(0)[1100:Binder:728_3]QMU_WARN,<musb_disable_q_all 318>, disable_q_all
12-05 19:03:29.424  1100  1100 W [ 3822.782885]-(0)[1100:Binder:728_3]: BATTERY_SetUSBState, state=1
12-05 19:03:29.424  1100  1100 E [ 3822.782899]: -(0)[1100:Binder:728_3][BATTERY] BAT_SetUSBState Success! Set 1
12-05 19:03:29.424  1100  1100 I [ 3822.782929]-(0)[1100:Binder:728_3]: dev->connected = 0
12-05 19:03:29.424  1100  1100 I [ 3822.782947]-(0)[1100:Binder:728_3]android_usb gadget: [COM]composite_disconnect: reassign the complete function!!
12-05 19:03:29.424  1956  1956 W [ 3822.783488](0)[1956:kworker/0:1]: usb_cable_connected vbus_exist=1 type=1
12-05 19:03:29.424  1956  1956 W [ 3822.783513](0)[1956:kworker/0:1]: usb_cable_connected, connected:1, cable_mode:1
12-05 19:03:29.424  1956  1956 I [ 3822.783528](0)[1956:kworker/0:1]: is_hwconnected=1
12-05 19:03:29.424  1956  1956 I [ 3822.783693](0)[1956:kworker/0:1]: sent uevent USB_STATE=DISCONNECTED
12-05 19:03:29.437   646   686 I AT      : AT< +ECSQ: 17,17,1,1,1,-46,-494,7,12 (RIL_URC_READER, tid:0)
12-05 19:03:29.437   646   686 I RILC    : RIL_SOCKET_1 UNSOLICITED: UNSOL_SIGNAL_STRENGTH length:72
12-05 19:03:29.494    56    56 D [ 3822.853745](0)[56:cfinteractive][name:mt_cpufreq&]: Vproc = 950mv, freq = 221000 KHz
12-05 19:03:29.502  1956  1956 W [ 3822.861131](0)[1956:kworker/0:1]: usb_cable_connected vbus_exist=1 type=1
12-05 19:03:29.502  1956  1956 W [ 3822.861202](0)[1956:kworker/0:1]: usb_cable_connected, connected:1, cable_mode:1
12-05 19:03:29.502  1956  1956 I [ 3822.861256](0)[1956:kworker/0:1]: is_hwconnected=1
12-05 19:03:29.504  1956  1956 I [ 3822.863052](0)[1956:kworker/0:1]: sent uevent USB_STATE=CONNECTED
12-05 19:03:29.510     0     0 I [ 3822.869413]-(0)[0:swapper/0]android_usb gadget: high-speed config #1: android
12-05 19:03:29.510     0     0 W [ 3822.869530]-(0)[0:swapper/0]: musb type=BULK
12-05 19:03:29.510     0     0 W [ 3822.869596]-(0)[0:swapper/0]: fifo size is 6 after 512, fifo address is 512, epnum 1,hwepnum 1
12-05 19:03:29.510     0     0 W [ 3822.869649]: -(0)[0:swapper/0]QMU_WARN,<mtk_qmu_enable 398>, enable RQ(1)
12-05 19:03:29.510     0     0 W [ 3822.869714]-(0)[0:swapper/0]: musb-hdrc periph: enabled ep1out for bulk OUT, maxpacket 512
12-05 19:03:29.511     0     0 W [ 3822.869800]-(0)[0:swapper/0]: musb type=BULK
12-05 19:03:29.511     0     0 W [ 3822.869861]-(0)[0:swapper/0]: fifo size is 6 after 512, fifo address is 1024, epnum 1,hwepnum 1
12-05 19:03:29.511     0     0 W [ 3822.869911]: -(0)[0:swapper/0]QMU_WARN,<mtk_qmu_enable 464>, enable TQ(1)
12-05 19:03:29.511     0     0 W [ 3822.869974]-(0)[0:swapper/0]: musb-hdrc periph: enabled ep1in for bulk IN, maxpacket 512
12-05 19:03:29.511     0     0 W [ 3822.870036]-(0)[0:swapper/0]: musb type=INT
12-05 19:03:29.511     0     0 W [ 3822.870092]-(0)[0:swapper/0]: fifo size is 6 after 512, fifo address is 1536, epnum 3,hwepnum 3
12-05 19:03:29.511     0     0 W [ 3822.870142]: -(0)[0:swapper/0]QMU_WARN,<mtk_qmu_enable 464>, enable TQ(3)
12-05 19:03:29.511     0     0 W [ 3822.870204]-(0)[0:swapper/0]: musb-hdrc periph: enabled ep3in for int IN, maxpacket 10
12-05 19:03:29.511     0     0 W [ 3822.870261]-(0)[0:swapper/0]: musb type=BULK
12-05 19:03:29.511     0     0 W [ 3822.870320]-(0)[0:swapper/0]: <check_musb_dbuffer_avail, 1195>, got bulk ep:82 in function :acm
12-05 19:03:29.511     0     0 W [ 3822.870369]-(0)[0:swapper/0]: 0
12-05 19:03:29.511     0     0 W [ 3822.870416]-(0)[0:swapper/0]: EP2 supports DBBUF
12-05 19:03:29.511     0     0 W [ 3822.870471]-(0)[0:swapper/0]: fifo size is 22 after 512, fifo address is 2048, epnum 2,hwepnum 2
12-05 19:03:29.511     0     0 W [ 3822.870520]: -(0)[0:swapper/0]QMU_WARN,<mtk_qmu_enable 464>, enable TQ(2)
12-05 19:03:29.511     0     0 W [ 3822.870583]-(0)[0:swapper/0]: musb-hdrc periph: enabled ep2in for bulk IN, maxpacket 512
12-05 19:03:29.511     0     0 W [ 3822.870634]-(0)[0:swapper/0]: musb type=BULK
12-05 19:03:29.511     0     0 W [ 3822.870691]-(0)[0:swapper/0]: <check_musb_dbuffer_avail, 1195>, got bulk ep:2 in function :acm
12-05 19:03:29.511     0     0 W [ 3822.870740]-(0)[0:swapper/0]: 0
12-05 19:03:29.512     0     0 W [ 3822.870787]-(0)[0:swapper/0]: EP2 supports DBBUF
12-05 19:03:29.512     0     0 W [ 3822.870843]-(0)[0:swapper/0]: fifo size is 22 after 512, fifo address is 3072, epnum 2,hwepnum 2
12-05 19:03:29.512     0     0 W [ 3822.870892]: -(0)[0:swapper/0]QMU_WARN,<mtk_qmu_enable 398>, enable RQ(2)
12-05 19:03:29.512     0     0 W [ 3822.870956]-(0)[0:swapper/0]: musb-hdrc periph: enabled ep2out for bulk OUT, maxpacket 512
12-05 19:03:29.512     0     0 I [ 3822.871030]-(0)[0:swapper/0]android_usb gadget: [COM]USB_REQ_SET_CONFIGURATION: value=0
12-05 19:03:29.512     0     0 W [ 3822.871091]-(0)[0:swapper/0]: BATTERY_SetUSBState, state=2
12-05 19:03:29.512     0     0 E [ 3822.871136]: -(0)[0:swapper/0][BATTERY] BAT_SetUSBState Success! Set 2
12-05 19:03:29.512  1956  1956 W [ 3822.871315](0)[1956:kworker/0:1]: usb_cable_connected vbus_exist=1 type=1
12-05 19:03:29.512  1956  1956 W [ 3822.871375](0)[1956:kworker/0:1]: usb_cable_connected, connected:1, cable_mode:1
12-05 19:03:29.512  1956  1956 I [ 3822.871427](0)[1956:kworker/0:1]: is_hwconnected=1
12-05 19:03:29.519  1956  1956 I [ 3822.878275](0)[1956:kworker/0:1]: sent uevent USB_STATE=CONFIGURED
12-05 19:03:29.535    56    56 D [ 3822.893959](0)[56:cfinteractive][name:mt_cpufreq&]: Vproc = 1137mv, freq = 1092000 KHz
12-05 19:03:29.536   728   728 I [ 3822.894900]-(0)[728:system_server]android_usb gadget: [ratelimit]non-core control reqa1.21 v0000 i0001 l7
12-05 19:03:29.536   728   728 I [ 3822.894927]-(0)[728:system_server]: ttyGS0 reqa1.21 v0000 i0001 len=7
12-05 19:03:29.536   728   728 I [ 3822.894943]-(0)[728:system_server]: rate=0,stop=0,parity=0,data=0
12-05 19:03:29.536   978   978 I [ 3822.895090]-(0)[978:DataShapingServ]android_usb gadget: [ratelimit]non-core control req21.22 v0000 i0001 l0
12-05 19:03:29.536   978   978 I [ 3822.895107]-(0)[978:DataShapingServ]: ttyGS0 req21.22 v0000 i0001 len=0
12-05 19:03:29.622    56    56 D [ 3822.981438](0)[56:cfinteractive][name:mt_cpufreq&]: Vproc = 950mv, freq = 221000 KHz
12-05 19:03:29.763   154   154 E [ 3823.122726](0)[154:bat_thread_kthr]AEE_MONITOR_SET[status]: 0x1
12-05 19:03:29.785   154   154 E [ 3823.143796]: (0)[154:bat_thread_kthr][BATTERY] Default CC mode charging : 50000
12-05 19:03:29.785   154   154 E [ 3823.143924]: (0)[154:bat_thread_kthr][charging_set_cv_voltage] [0xf54]=0x5, [0xf4e]=0xcd
12-05 19:03:29.785   154   154 E [ 3823.143975]: (0)[154:bat_thread_kthr][BATTERY] pchr_turn_on_charging(), enable =1
12-05 19:03:29.785   154   154 E [ 3823.144213]: (0)[154:bat_thread_kthr]UI_SOC=(51), resetBatteryMeter=(0)
12-05 19:03:29.785   154   154 I [ 3823.144344](0)[154:bat_thread_kthr]mtk_rtc_common: set_rtc_spare_fg_value, 51
12-05 19:03:29.785   154   154 E [ 3823.144392]: (0)[154:bat_thread_kthr][DLPT_POWER_OFF_EN] run
12-05 19:03:29.785   154   154 E [ 3823.144698]: (0)[154:bat_thread_kthr][BATTERY] Charger plug in/out, Call battery_meter_reset. (51)
12-05 19:03:29.908   154   154 E [ 3823.267377](0)[154:bat_thread_kthr]AvgVbat=(3996,3998),AvgI=(0,0),VChr=4778,AvgT=(25,25),SO0:0 I:45000 Ibat:167
12-05 19:03:29.908   154   154 E [ 3823.267467](0)[154:bat_thread_kthr]v=3998,i=0,t=25,soc=51,bcct: 0:0 I:45000 Ibat:167
12-05 19:03:29.908     0     0 E [ 3823.267668]: -(0)[0:swapper/0][BATTERY] CC mode charge, timer=2070 on 2080 !!
12-05 19:03:30.036     0     0 E [ 3823.394947]-(0)[0:swapper/0]musb_g_ep0_irq 800: SetupEnd came in a wrong ep0stage idle
12-05 19:03:30.036     0     0 E [ 3823.395019]-(0)[0:swapper/0]musb_g_ep0_irq 801: SetupEnd, csr = 11
12-05 19:03:30.036     0     0 E [ 3823.395069]-(0)[0:swapper/0]musb_g_ep0_irq 807: SetupEnd, csr2 = 1
12-05 19:03:30.036     0     0 E [ 3823.395152]-(0)[0:swapper/0]musb_g_ep0_irq 1011: SetupEnd, retval=1
12-05 19:03:30.065    56    56 D [ 3823.423938](0)[56:cfinteractive][name:mt_cpufreq&]: Vproc = 1137mv, freq = 1092000 KHz
12-05 19:03:30.215     0     0 W [ 3823.574367]-(0)[0:swapper/0]: SUSPEND (b_peripheral) devctl 99
12-05 19:03:30.215     0     0 W [ 3823.574396]-(0)[0:swapper/0]: devctl 99
12-05 19:03:30.215     0     0 W [ 3823.574415]-(0)[0:swapper/0]: BATTERY_SetUSBState, state=0
12-05 19:03:30.215     0     0 E [ 3823.574429]: -(0)[0:swapper/0][BATTERY] BAT_SetUSBState Success! Set 0
12-05 19:03:30.226    56    56 D [ 3823.585558](0)[56:cfinteractive][name:mt_cpufreq&]: Vproc = 950mv, freq = 221000 KHz
12-05 19:03:30.531     0     0 W [ 3823.889884]-(0)[0:swapper/0]: MUSB_INTR_RESET (b_peripheral)
12-05 19:03:30.531     0     0 W [ 3823.889955]: -(0)[0:swapper/0]QMU_WARN,<musb_disable_q_all 318>, disable_q_all
12-05 19:03:30.531     0     0 W [ 3823.890009]: -(0)[0:swapper/0]QMU_WARN,<mtk_qmu_disable 549>, disable RQ(1)
12-05 19:03:30.531     0     0 W [ 3823.890059]: -(0)[0:swapper/0]QMU_WARN,<mtk_qmu_stop 537>, Stop RQ 1
12-05 19:03:30.531     0     0 W [ 3823.890123]: -(0)[0:swapper/0]QMU_WARN,<mtk_qmu_disable 549>, disable RQ(2)
12-05 19:03:30.531     0     0 W [ 3823.890172]: -(0)[0:swapper/0]QMU_WARN,<mtk_qmu_stop 537>, Stop RQ 2
12-05 19:03:30.531     0     0 W [ 3823.890236]: -(0)[0:swapper/0]QMU_WARN,<mtk_qmu_disable 549>, disable TQ(1)
12-05 19:03:30.531     0     0 W [ 3823.890285]: -(0)[0:swapper/0]QMU_WARN,<mtk_qmu_stop 530>, Stop TQ 1
12-05 19:03:30.531     0     0 W [ 3823.890348]: -(0)[0:swapper/0]QMU_WARN,<mtk_qmu_disable 549>, disable TQ(2)
12-05 19:03:30.531     0     0 W [ 3823.890397]: -(0)[0:swapper/0]QMU_WARN,<mtk_qmu_stop 532>, TQ 2 already inactive
12-05 19:03:30.531     0     0 W [ 3823.890460]: -(0)[0:swapper/0]QMU_WARN,<mtk_qmu_disable 549>, disable TQ(3)
12-05 19:03:30.531     0     0 W [ 3823.890507]: -(0)[0:swapper/0]QMU_WARN,<mtk_qmu_stop 530>, Stop TQ 3
12-05 19:03:30.531     0     0 W [ 3823.890574]-(0)[0:swapper/0]: BATTERY_SetUSBState, state=1
12-05 19:03:30.531     0     0 E [ 3823.890619]: -(0)[0:swapper/0][BATTERY] BAT_SetUSBState Success! Set 1
12-05 19:03:30.531     0     0 W [ 3823.890684]: -(0)[0:swapper/0]QMU_WARN,<mtk_qmu_stop 539>, RQ 1 already inactive
12-05 19:03:30.532     0     0 W [ 3823.890776]-(0)[0:swapper/0]: call musb_g_giveback on function nuke ep is ep1out
12-05 19:03:30.532     0     0 W [ 3823.890858]: -(0)[0:swapper/0]QMU_WARN,<mtk_qmu_stop 532>, TQ 1 already inactive
12-05 19:03:30.532     0     0 W [ 3823.890939]-(0)[0:swapper/0]: call musb_g_giveback on function nuke ep is ep1in
12-05 19:03:30.532     0     0 I [ 3823.891001]-(0)[0:swapper/0]android_usb gadget: acm ttyGS0 deactivated
12-05 19:03:30.532     0     0 W [ 3823.891056]: -(0)[0:swapper/0]QMU_WARN,<mtk_qmu_stop 539>, RQ 2 already inactive
12-05 19:03:30.532     0     0 W [ 3823.891112]: -(0)[0:swapper/0]QMU_WARN,<mtk_qmu_stop 532>, TQ 2 already inactive
12-05 19:03:30.532     0     0 W [ 3823.891170]: -(0)[0:swapper/0]QMU_WARN,<mtk_qmu_stop 532>, TQ 3 already inactive
12-05 19:03:30.532     0     0 I [ 3823.891227]-(0)[0:swapper/0]: dev->connected = 0
12-05 19:03:30.532     0     0 I [ 3823.891278]-(0)[0:swapper/0]android_usb gadget: [COM]composite_disconnect: reassign the complete function!!
12-05 19:03:30.533  1956  1956 W [ 3823.892392](0)[1956:kworker/0:1]: usb_cable_connected vbus_exist=1 type=1
12-05 19:03:30.533  1956  1956 W [ 3823.892458](0)[1956:kworker/0:1]: usb_cable_connected, connected:1, cable_mode:1
12-05 19:03:30.533  1956  1956 I [ 3823.892511](0)[1956:kworker/0:1]: is_hwconnected=1
12-05 19:03:30.543  1956  1956 I [ 3823.902273](0)[1956:kworker/0:1]: sent uevent USB_STATE=DISCONNECTED
12-05 19:03:30.544     0     0 W [ 3823.903601](0)[157:wdtk-0]: kick Ex WDT,RT[3823903575265]
12-05 19:03:30.571  1956  1956 W [ 3823.930369](0)[1956:kworker/0:1]: usb_cable_connected vbus_exist=1 type=1
12-05 19:03:30.571  1956  1956 W [ 3823.930447](0)[1956:kworker/0:1]: usb_cable_connected, connected:1, cable_mode:1
12-05 19:03:30.571  1956  1956 I [ 3823.930501](0)[1956:kworker/0:1]: is_hwconnected=1
12-05 19:03:30.576  1956  1956 I [ 3823.935075](0)[1956:kworker/0:1]: sent uevent USB_STATE=CONNECTED
12-05 19:03:30.576  1956  1956 W [ 3823.935122]-(0)[1956:kworker/0:1]: MUSB_INTR_RESET (b_peripheral)
12-05 19:03:30.576  1956  1956 W [ 3823.935215]: -(0)[1956:kworker/0:1]QMU_WARN,<musb_disable_q_all 318>, disable_q_all
12-05 19:03:30.576  1956  1956 W [ 3823.935278]-(0)[1956:kworker/0:1]: BATTERY_SetUSBState, state=1
12-05 19:03:30.576  1956  1956 E [ 3823.935324]: -(0)[1956:kworker/0:1][BATTERY] BAT_SetUSBState Success! Set 1
12-05 19:03:30.576  1956  1956 I [ 3823.935386]-(0)[1956:kworker/0:1]: dev->connected = 0
12-05 19:03:30.576  1956  1956 I [ 3823.935442]-(0)[1956:kworker/0:1]android_usb gadget: [COM]composite_disconnect: reassign the complete function!!
12-05 19:03:30.576  1956  1956 W [ 3823.935556](0)[1956:kworker/0:1]: usb_cable_connected vbus_exist=1 type=1
12-05 19:03:30.576  1956  1956 W [ 3823.935615](0)[1956:kworker/0:1]: usb_cable_connected, connected:1, cable_mode:1
12-05 19:03:30.576  1956  1956 I [ 3823.935665](0)[1956:kworker/0:1]: is_hwconnected=1
12-05 19:03:30.583  1956  1956 I [ 3823.942151](0)[1956:kworker/0:1]: sent uevent USB_STATE=DISCONNECTED
12-05 19:03:30.585    56    56 D [ 3823.943898](0)[56:cfinteractive][name:mt_cpufreq&]: Vproc = 950mv, freq = 364000 KHz
12-05 19:03:30.605    56    56 D [ 3823.963807](0)[56:cfinteractive][name:mt_cpufreq&]: Vproc = 1137mv, freq = 1092000 KHz
12-05 19:03:30.654  1956  1956 W [ 3824.013148](0)[1956:kworker/0:1]: usb_cable_connected vbus_exist=1 type=1
12-05 19:03:30.654  1956  1956 W [ 3824.013175](0)[1956:kworker/0:1]: usb_cable_connected, connected:1, cable_mode:1
12-05 19:03:30.654  1956  1956 I [ 3824.013190](0)[1956:kworker/0:1]: is_hwconnected=1
12-05 19:03:30.654  1956  1956 I [ 3824.013306](0)[1956:kworker/0:1]: sent uevent USB_STATE=CONNECTED
12-05 19:03:30.716    56    56 D [ 3824.075391](0)[56:cfinteractive][name:mt_cpufreq&]: Vproc = 950mv, freq = 221000 KHz
12-05 19:03:30.764  1956  1956 E [ 3824.123206](0)[1956:kworker/0:1]AEE_MONITOR_SET[status]: 0x1
12-05 19:03:30.884  1956  1956 W [ 3824.243502](0)[1956:kworker/0:1]: state:IDLE_STAGE, last:0, balanced<0,0>, usb_state:DISCONNECTED
12-05 19:03:30.915   154   154 E [ 3824.273761]: (0)[154:bat_thread_kthr][BATTERY] Default CC mode charging : 50000
12-05 19:03:30.915   154   154 E [ 3824.273882]: (0)[154:bat_thread_kthr][charging_set_cv_voltage] [0xf54]=0x5, [0xf4e]=0xcd
12-05 19:03:30.915   154   154 E [ 3824.273933]: (0)[154:bat_thread_kthr][BATTERY] pchr_turn_on_charging(), enable =1
12-05 19:03:30.915   154   154 E [ 3824.274173]: (0)[154:bat_thread_kthr]UI_SOC=(51), resetBatteryMeter=(0)
12-05 19:03:30.915   154   154 I [ 3824.274313](0)[154:bat_thread_kthr]mtk_rtc_common: set_rtc_spare_fg_value, 51
12-05 19:03:30.915   154   154 E [ 3824.274360]: (0)[154:bat_thread_kthr][DLPT_POWER_OFF_EN] run
12-05 19:03:30.915   154   154 E [ 3824.274676]: (0)[154:bat_thread_kthr][BATTERY] Charger plug in/out, Call battery_meter_reset. (51)
12-05 19:03:31.027   154   154 E [ 3824.386443](0)[154:bat_thread_kthr]AvgVbat=(3996,3985),AvgI=(0,0),VChr=4768,AvgT=(25,25),SO0:0 I:45000 Ibat:166
12-05 19:03:31.027   154   154 E [ 3824.386530](0)[154:bat_thread_kthr]v=3985,i=0,t=25,soc=51,bcct: 0:0 I:45000 Ibat:166
12-05 19:03:31.027   105   105 E [ 3824.386731]: -(0)[105:present_fence_w][BATTERY] CC mode charge, timer=2080 on 2090 !!
12-05 19:03:31.150   105   105 W [ 3824.509277]-(0)[105:present_fence_w]: SUSPEND (b_peripheral) devctl 99
12-05 19:03:31.150   105   105 W [ 3824.509349]-(0)[105:present_fence_w]: devctl 99
12-05 19:03:31.150   105   105 W [ 3824.509406]-(0)[105:present_fence_w]: BATTERY_SetUSBState, state=0
12-05 19:03:31.150   105   105 E [ 3824.509453]: -(0)[105:present_fence_w][BATTERY] BAT_SetUSBState Success! Set 0
12-05 19:03:31.263     0     0 W [ 3824.621902]-(0)[0:swapper/0]: MUSB_INTR_RESET (b_peripheral)
12-05 19:03:31.263     0     0 W [ 3824.621968]: -(0)[0:swapper/0]QMU_WARN,<musb_disable_q_all 318>, disable_q_all
12-05 19:03:31.263     0     0 W [ 3824.622033]-(0)[0:swapper/0]: BATTERY_SetUSBState, state=1
12-05 19:03:31.263     0     0 E [ 3824.622078]: -(0)[0:swapper/0][BATTERY] BAT_SetUSBState Success! Set 1
12-05 19:03:31.263     0     0 I [ 3824.622161]-(0)[0:swapper/0]: dev->connected = 0
12-05 19:03:31.263     0     0 I [ 3824.622218]-(0)[0:swapper/0]android_usb gadget: [COM]composite_disconnect: reassign the complete function!!
12-05 19:03:31.263  1956  1956 W [ 3824.622387](0)[1956:kworker/0:1]: usb_cable_connected vbus_exist=1 type=1
12-05 19:03:31.263  1956  1956 W [ 3824.622451](0)[1956:kworker/0:1]: usb_cable_connected, connected:1, cable_mode:1
12-05 19:03:31.263  1956  1956 I [ 3824.622502](0)[1956:kworker/0:1]: is_hwconnected=1
12-05 19:03:31.265  1956  1956 I [ 3824.624195](0)[1956:kworker/0:1]: sent uevent USB_STATE=DISCONNECTED
12-05 19:03:31.303  1956  1956 W [ 3824.662389](0)[1956:kworker/0:1]: usb_cable_connected vbus_exist=1 type=1
12-05 19:03:31.303  1956  1956 W [ 3824.662466](0)[1956:kworker/0:1]: usb_cable_connected, connected:1, cable_mode:1
12-05 19:03:31.303  1956  1956 I [ 3824.662520](0)[1956:kworker/0:1]: is_hwconnected=1
12-05 19:03:31.306  1956  1956 I [ 3824.665184](0)[1956:kworker/0:1]: sent uevent USB_STATE=CONNECTED
12-05 19:03:31.308   161   161 W [ 3824.667045]-(0)[161:ueventd]: MUSB_INTR_RESET (b_peripheral)
12-05 19:03:31.308   161   161 W [ 3824.667111]: -(0)[161:ueventd]QMU_WARN,<musb_disable_q_all 318>, disable_q_all
12-05 19:03:31.308   161   161 W [ 3824.667175]-(0)[161:ueventd]: BATTERY_SetUSBState, state=1
12-05 19:03:31.308   161   161 E [ 3824.667221]: -(0)[161:ueventd][BATTERY] BAT_SetUSBState Success! Set 1
12-05 19:03:31.308   161   161 I [ 3824.667316]-(0)[161:ueventd]: dev->connected = 0
12-05 19:03:31.308   161   161 I [ 3824.667375]-(0)[161:ueventd]android_usb gadget: [COM]composite_disconnect: reassign the complete function!!
12-05 19:03:31.309  1956  1956 W [ 3824.668013](0)[1956:kworker/0:1]: usb_cable_connected vbus_exist=1 type=1
12-05 19:03:31.309  1956  1956 W [ 3824.668075](0)[1956:kworker/0:1]: usb_cable_connected, connected:1, cable_mode:1
12-05 19:03:31.309  1956  1956 I [ 3824.668126](0)[1956:kworker/0:1]: is_hwconnected=1
12-05 19:03:31.311  1956  1956 I [ 3824.670038](0)[1956:kworker/0:1]: sent uevent USB_STATE=DISCONNECTED
12-05 19:03:31.386  1956  1956 W [ 3824.745328](0)[1956:kworker/0:1]: usb_cable_connected vbus_exist=1 type=1
12-05 19:03:31.386  1956  1956 W [ 3824.745404](0)[1956:kworker/0:1]: usb_cable_connected, connected:1, cable_mode:1
12-05 19:03:31.386  1956  1956 I [ 3824.745459](0)[1956:kworker/0:1]: is_hwconnected=1
12-05 19:03:31.389  1956  1956 I [ 3824.748230](0)[1956:kworker/0:1]: sent uevent USB_STATE=CONNECTED
12-05 19:03:31.486  1991  1991 E [ 3824.844952]: (0)[1991:kworker/u8:1][sd]msdc LDO<0><3000> power on again!
12-05 19:03:31.564    56    56 D [ 3824.923013](0)[56:cfinteractive][name:mt_cpufreq&]: Vproc = 1137mv, freq = 1092000 KHz
12-05 19:03:31.634  1991  1991 W [ 3824.993241]-(0)[1991:kworker/u8:1]: SUSPEND (b_peripheral) devctl 99
12-05 19:03:31.634  1991  1991 W [ 3824.993266]-(0)[1991:kworker/u8:1]: devctl 99
12-05 19:03:31.634  1991  1991 W [ 3824.993283]-(0)[1991:kworker/u8:1]: BATTERY_SetUSBState, state=0
12-05 19:03:31.634  1991  1991 E [ 3824.993296]: -(0)[1991:kworker/u8:1][BATTERY] BAT_SetUSBState Success! Set 0
12-05 19:03:31.636  1991  1991 I [ 3824.995091](0)[1991:kworker/u8:1]mmc1: new high speed SDHC card at address 0001
12-05 19:03:31.638  1991  1991 I [ 3824.996809](0)[1991:kworker/u8:1]mmcblk1: mmc1:0001 00000 7.36 GiB
12-05 19:03:31.641  1991  1991 I [ 3825.000340](0)[1991:kworker/u8:1] mmcblk1: p1
12-05 19:03:31.747  2063  2063 W [ 3825.105972]-(0)[2063:sh]: MUSB_INTR_RESET (b_peripheral)
12-05 19:03:31.747  2063  2063 W [ 3825.105998]: -(0)[2063:sh]QMU_WARN,<musb_disable_q_all 318>, disable_q_all
12-05 19:03:31.747  2063  2063 W [ 3825.106021]-(0)[2063:sh]: BATTERY_SetUSBState, state=1
12-05 19:03:31.747  2063  2063 E [ 3825.106035]: -(0)[2063:sh][BATTERY] BAT_SetUSBState Success! Set 1
12-05 19:03:31.747  2063  2063 I [ 3825.106072]-(0)[2063:sh]: dev->connected = 0
12-05 19:03:31.747  2063  2063 I [ 3825.106090]-(0)[2063:sh]android_usb gadget: [COM]composite_disconnect: reassign the complete function!!
12-05 19:03:31.747  1956  1956 W [ 3825.106141](0)[1956:kworker/0:1]: usb_cable_connected vbus_exist=1 type=1
12-05 19:03:31.747  1956  1956 W [ 3825.106156](0)[1956:kworker/0:1]: usb_cable_connected, connected:1, cable_mode:1
12-05 19:03:31.747  1956  1956 I [ 3825.106171](0)[1956:kworker/0:1]: is_hwconnected=1
12-05 19:03:31.747  1956  1956 I [ 3825.106286](0)[1956:kworker/0:1]: sent uevent USB_STATE=DISCONNECTED
12-05 19:03:31.764  1956  1956 E [ 3825.123582](0)[1956:kworker/0:1]AEE_MONITOR_SET[status]: 0x1
12-05 19:03:31.787  1956  1956 W [ 3825.146362](0)[1956:kworker/0:1]: usb_cable_connected vbus_exist=1 type=1
12-05 19:03:31.787  1956  1956 W [ 3825.146393](0)[1956:kworker/0:1]: usb_cable_connected, connected:1, cable_mode:1
12-05 19:03:31.787  1956  1956 I [ 3825.146409](0)[1956:kworker/0:1]: is_hwconnected=1
12-05 19:03:31.787  1956  1956 I [ 3825.146529](0)[1956:kworker/0:1]: sent uevent USB_STATE=CONNECTED
12-05 19:03:31.792   994   994 W [ 3825.150965]-(0)[994:ndroid.systemui]: MUSB_INTR_RESET (b_peripheral)
12-05 19:03:31.792   994   994 W [ 3825.150991]: -(0)[994:ndroid.systemui]QMU_WARN,<musb_disable_q_all 318>, disable_q_all
12-05 19:03:31.792   994   994 W [ 3825.151015]-(0)[994:ndroid.systemui]: BATTERY_SetUSBState, state=1
12-05 19:03:31.792   994   994 E [ 3825.151028]: -(0)[994:ndroid.systemui][BATTERY] BAT_SetUSBState Success! Set 1
12-05 19:03:31.792   994   994 I [ 3825.151076]-(0)[994:ndroid.systemui]: dev->connected = 0
12-05 19:03:31.792   994   994 I [ 3825.151094]-(0)[994:ndroid.systemui]android_usb gadget: [COM]composite_disconnect: reassign the complete function!!
12-05 19:03:31.792     0     0 W [ 3825.151579]-(1)[0:swapper/1]CPU1: Booted secondary processor
12-05 19:03:31.792  1956  1956 W [ 3825.151673](0)[1956:kworker/0:1]: usb_cable_connected vbus_exist=1 type=1
12-05 19:03:31.792  1956  1956 W [ 3825.151690](0)[1956:kworker/0:1]: usb_cable_connected, connected:1, cable_mode:1
12-05 19:03:31.792     0     0 I [ 3825.151696]-(1)[0:swapper/1]CPU1: thread -1, cpu 1, socket 0, mpidr 80000001
12-05 19:03:31.793     0     0 W [ 3825.152564]-(2)[0:swapper/2]CPU2: Booted secondary processor
12-05 19:03:31.793  1956  1956 I [ 3825.152607](0)[1956:kworker/0:1]: is_hwconnected=1
12-05 19:03:31.793     0     0 I [ 3825.152671]-(2)[0:swapper/2]CPU2: thread -1, cpu 2, socket 0, mpidr 80000002
12-05 19:03:31.794     0     0 W [ 3825.153570]-(3)[0:swapper/3]CPU3: Booted secondary processor
12-05 19:03:31.794  1956  1956 I [ 3825.153657](0)[1956:kworker/0:1]: sent uevent USB_STATE=DISCONNECTED
12-05 19:03:31.794     0     0 I [ 3825.153703]-(3)[0:swapper/3]CPU3: thread -1, cpu 3, socket 0, mpidr 80000003
12-05 19:03:31.795    97    97 W [ 3825.154359]: (0)[97:hps_main][HPS] (0020)(1)action end(100)(375)(0)(2) (4)(4)(4)(4)(1) (102)(603)(1) (0)(0)(0) (1)(375)(604)(0)(375) wifi_base(1)
12-05 19:03:31.870  2044  2044 W [ 3825.229310](3)[2044:kworker/3:1]: usb_cable_connected vbus_exist=1 type=1
12-05 19:03:31.870  2044  2044 W [ 3825.229339](3)[2044:kworker/3:1]: usb_cable_connected, connected:1, cable_mode:1
12-05 19:03:31.870  2044  2044 I [ 3825.229354](3)[2044:kworker/3:1]: is_hwconnected=1
12-05 19:03:31.870  2044  2044 I [ 3825.229475](3)[2044:kworker/3:1]: sent uevent USB_STATE=CONNECTED
12-05 19:03:32.034   154   154 E [ 3825.393614]: (0)[154:bat_thread_kthr][BATTERY] Default CC mode charging : 50000
12-05 19:03:32.034   154   154 E [ 3825.393674]: (0)[154:bat_thread_kthr][charging_set_cv_voltage] [0xf54]=0x5, [0xf4e]=0xcd
12-05 19:03:32.034   154   154 E [ 3825.393688]: (0)[154:bat_thread_kthr][BATTERY] pchr_turn_on_charging(), enable =1
12-05 19:03:32.035   154   154 E [ 3825.393808]: (0)[154:bat_thread_kthr]UI_SOC=(51), resetBatteryMeter=(0)
12-05 19:03:32.035   154   154 I [ 3825.393899](0)[154:bat_thread_kthr]mtk_rtc_common: set_rtc_spare_fg_value, 51
12-05 19:03:32.035   154   154 E [ 3825.393913]: (0)[154:bat_thread_kthr][DLPT_POWER_OFF_EN] run
12-05 19:03:32.035   154   154 E [ 3825.394184]: (0)[154:bat_thread_kthr][BATTERY] Charger plug in/out, Call battery_meter_reset. (51)
12-05 19:03:32.135    56    56 D [ 3825.493878](1)[56:cfinteractive][name:mt_cpufreq&]: Vproc = 950mv, freq = 494000 KHz
12-05 19:03:32.162   154   154 E [ 3825.521332](0)[154:bat_thread_kthr]AvgVbat=(3996,3999),AvgI=(0,0),VChr=4730,AvgT=(25,25),SO0:0 I:45000 Ibat:168
12-05 19:03:32.162   154   154 E [ 3825.521385](0)[154:bat_thread_kthr]v=3999,i=0,t=25,soc=51,bcct: 0:0 I:45000 Ibat:168
12-05 19:03:32.162    56    56 E [ 3825.521517]: (0)[56:cfinteractive][BATTERY] CC mode charge, timer=2090 on 2100 !!
12-05 19:03:32.215    56    56 D [ 3825.573926](0)[56:cfinteractive][name:mt_cpufreq&]: Vproc = 1137mv, freq = 1092000 KHz
12-05 19:03:32.315    56    56 D [ 3825.673817](0)[56:cfinteractive][name:mt_cpufreq&]: Vproc = 993mv, freq = 793000 KHz
12-05 19:03:32.335    56    56 D [ 3825.693868](0)[56:cfinteractive][name:mt_cpufreq&]: Vproc = 1137mv, freq = 1092000 KHz
12-05 19:03:32.394     0     0 F [ 3825.753470]: (0)[1956:kworker/0:1]
12-05 19:03:32.394     0     0 F [ 3825.753470]: <<SOC DVFS FLIPER>> flip to S(0), 1891
12-05 19:03:32.442   223   223 W [ 3825.800945](2)[223:vold]FAT-fs (mmcblk1p1): Volume was not properly unmounted. Some data may be corrupt. Please run fsck.
12-05 19:03:32.442   223   223 D [ 3825.800993](2)[223:vold]SELinux: initialized (dev mmcblk1p1, type vfat), uses genfs_contexts
12-05 19:03:32.467  2066  2066 I [ 3825.826649]: (2)[2066:sdcard]sdcardfs version 2.0
12-05 19:03:32.467  2066  2066 I [ 3825.826675](2)[2066:sdcard]sdcardfs: dev_name -> /mnt/media_rw/526E-9340
12-05 19:03:32.467  2066  2066 I [ 3825.826689](2)[2066:sdcard]sdcardfs: options -> fsuid=1023,fsgid=1023,mask=6,userid=0,gid=1015
12-05 19:03:32.468  2066  2066 I [ 3825.826777](2)[2066:sdcard]sdcardfs: mounted on top of /mnt/media_rw/526E-9340 type vfat
12-05 19:03:32.468  2066  2066 D [ 3825.826811](2)[2066:sdcard]SELinux: initialized (dev sdcardfs, type sdcardfs), uses genfs_contexts
12-05 19:03:32.468  2066  2066 I [ 3825.827330]: (2)[2066:sdcard]sdcardfs version 2.0
12-05 19:03:32.468  2066  2066 I [ 3825.827353](2)[2066:sdcard]sdcardfs: dev_name -> /mnt/media_rw/526E-9340
12-05 19:03:32.468  2066  2066 I [ 3825.827367](2)[2066:sdcard]sdcardfs: options -> fsuid=1023,fsgid=1023,mask=18,userid=0,gid=9997
12-05 19:03:32.468  2066  2066 I [ 3825.827445](2)[2066:sdcard]sdcardfs: mounted on top of /mnt/media_rw/526E-9340 type vfat
12-05 19:03:32.468  2066  2066 D [ 3825.827477](2)[2066:sdcard]SELinux: initialized (dev sdcardfs, type sdcardfs), uses genfs_contexts
12-05 19:03:32.469  2066  2066 I [ 3825.827844]: (2)[2066:sdcard]sdcardfs version 2.0
12-05 19:03:32.469  2066  2066 I [ 3825.827866](2)[2066:sdcard]sdcardfs: dev_name -> /mnt/media_rw/526E-9340
12-05 19:03:32.469  2066  2066 I [ 3825.827879](2)[2066:sdcard]sdcardfs: options -> fsuid=1023,fsgid=1023,mask=18,userid=0,gid=9997
12-05 19:03:32.469  2066  2066 I [ 3825.827938](2)[2066:sdcard]sdcardfs: mounted on top of /mnt/media_rw/526E-9340 type vfat
12-05 19:03:32.469  2066  2066 D [ 3825.827966](2)[2066:sdcard]SELinux: initialized (dev sdcardfs, type sdcardfs), uses genfs_contexts
12-05 19:03:32.765    97    97 E [ 3826.124174](1)[97:hps_main]AEE_MONITOR_SET[status]: 0x1
12-05 19:03:32.997    97    97 I [ 3826.356386](1)[97:hps_main]CPU3: shutdown
12-05 19:03:32.997    97    97 W [ 3826.356419]: (1)[97:hps_main][Power/hotplug] mt_cpu_kill, cpu: 3
12-05 19:03:32.999    97    97 W [ 3826.358076]: (1)[97:hps_main][HPS] (0200)(4)action end(241)(273)(0)(0) (4)(4)(4)(4)(1) (0)(0)(0) (1968)(12)(4) (0)(273)(12)(0)(273) wifi_base(1)
12-05 19:03:33.174   154   154 E [ 3826.533595]: (2)[154:bat_thread_kthr][BATTERY] Default CC mode charging : 50000
12-05 19:03:33.174   154   154 E [ 3826.533655]: (2)[154:bat_thread_kthr][charging_set_cv_voltage] [0xf54]=0x5, [0xf4e]=0xcd
12-05 19:03:33.174   154   154 E [ 3826.533671]: (2)[154:bat_thread_kthr][BATTERY] pchr_turn_on_charging(), enable =1
12-05 19:03:33.175   154   154 E [ 3826.533792]: (2)[154:bat_thread_kthr]UI_SOC=(51), resetBatteryMeter=(0)
12-05 19:03:33.175   154   154 I [ 3826.533882](2)[154:bat_thread_kthr]mtk_rtc_common: set_rtc_spare_fg_value, 51
12-05 19:03:33.175   154   154 E [ 3826.533896]: (2)[154:bat_thread_kthr][DLPT_POWER_OFF_EN] run
12-05 19:03:33.176   227   227 W [ 3826.535159](0)[227:healthd]healthd: Unknown battery status '3'
12-05 19:03:33.176   227   227 W [ 3826.535697](0)[227:healthd]healthd: battery l=51 v=3996 t=25.0 h=2 st=2 chg=u
12-05 19:03:33.176   227   227 W [ 3826.535732](0)[227:healthd]healthd: battery l=51 v=3996 t=25.0 h=2 st=2 chg=u
12-05 19:03:33.177   227   227 I [ 3826.535818](0)[227:healthd]healthd: send_already = 0
12-05 19:03:33.255    56    56 D [ 3826.613788](1)[56:cfinteractive][name:mt_cpufreq&]: Vproc = 950mv, freq = 494000 KHz
12-05 19:03:33.335    56    56 D [ 3826.693833](2)[56:cfinteractive][name:mt_cpufreq&]: Vproc = 950mv, freq = 364000 KHz
12-05 19:03:33.460    56    56 D [ 3826.819069](1)[56:cfinteractive][name:mt_cpufreq&]: Vproc = 950mv, freq = 221000 KHz
12-05 19:03:33.765   974   974 E [ 3827.124672](0)[974:PerfServiceMana]AEE_MONITOR_SET[status]: 0x1
12-05 19:03:33.781   974   974 D [ 3827.140612](0)[974:PerfServiceMana][name:mt_cpufreq&]: Vproc = 1025mv, freq = 858000 KHz
12-05 19:03:33.894  1956  1956 W [ 3827.253440](0)[1956:kworker/0:1]: state:IDLE_STAGE, last:0, balanced<0,0>, usb_state:DISCONNECTED
12-05 19:03:34.557   646   686 I AT      : AT< +ECSQ: 15,15,1,1,1,-49,-504,7,6 (RIL_URC_READER, tid:0)
12-05 19:03:34.557   646   686 I RILC    : RIL_SOCKET_1 UNSOLICITED: UNSOL_SIGNAL_STRENGTH length:72
12-05 19:03:34.701    97    97 I [ 3828.060475](0)[97:hps_main]CPU2: shutdown
12-05 19:03:34.701    97    97 W [ 3828.060502]: (0)[97:hps_main][Power/hotplug] mt_cpu_kill, cpu: 2
12-05 19:03:34.704    97    97 I [ 3828.063040](0)[97:hps_main]CPU1: shutdown
12-05 19:03:34.704    97    97 W [ 3828.063065]: (0)[97:hps_main][Power/hotplug] mt_cpu_kill, cpu: 1
12-05 19:03:34.706    97    97 W [ 3828.064871]: (0)[97:hps_main][HPS] (0200)(3)action end(2)(2)(0)(0) (4)(4)(4)(4)(1) (11)(17)(1) (579)(17)(1) (0)(2)(17)(0)(2) wifi_base(1)
12-05 19:03:34.727     0     0 I [ 3828.086047]-(0)[0:swapper/0]android_usb gadget: high-speed config #1: android
12-05 19:03:34.727     0     0 W [ 3828.086093]-(0)[0:swapper/0]: musb type=BULK
12-05 19:03:34.727     0     0 W [ 3828.086115]-(0)[0:swapper/0]: fifo size is 6 after 512, fifo address is 512, epnum 1,hwepnum 1
12-05 19:03:34.727     0     0 W [ 3828.086133]: -(0)[0:swapper/0]QMU_WARN,<mtk_qmu_enable 398>, enable RQ(1)
12-05 19:03:34.727     0     0 W [ 3828.086158]-(0)[0:swapper/0]: musb-hdrc periph: enabled ep1out for bulk OUT, maxpacket 512
12-05 19:03:34.727     0     0 W [ 3828.086186]-(0)[0:swapper/0]: musb type=BULK
12-05 19:03:34.727     0     0 W [ 3828.086205]-(0)[0:swapper/0]: fifo size is 6 after 512, fifo address is 1024, epnum 1,hwepnum 1
12-05 19:03:34.727     0     0 W [ 3828.086222]: -(0)[0:swapper/0]QMU_WARN,<mtk_qmu_enable 464>, enable TQ(1)
12-05 19:03:34.727     0     0 W [ 3828.086246]-(0)[0:swapper/0]: musb-hdrc periph: enabled ep1in for bulk IN, maxpacket 512
12-05 19:03:34.727     0     0 W [ 3828.086269]-(0)[0:swapper/0]: musb type=INT
12-05 19:03:34.727     0     0 W [ 3828.086287]-(0)[0:swapper/0]: fifo size is 6 after 512, fifo address is 1536, epnum 3,hwepnum 3
12-05 19:03:34.727     0     0 W [ 3828.086304]: -(0)[0:swapper/0]QMU_WARN,<mtk_qmu_enable 464>, enable TQ(3)
12-05 19:03:34.727     0     0 W [ 3828.086328]-(0)[0:swapper/0]: musb-hdrc periph: enabled ep3in for int IN, maxpacket 10
12-05 19:03:34.727     0     0 W [ 3828.086348]-(0)[0:swapper/0]: musb type=BULK
12-05 19:03:34.727     0     0 W [ 3828.086368]-(0)[0:swapper/0]: <check_musb_dbuffer_avail, 1195>, got bulk ep:82 in function :acm
12-05 19:03:34.727     0     0 W [ 3828.086385]-(0)[0:swapper/0]: 0
12-05 19:03:34.727     0     0 W [ 3828.086401]-(0)[0:swapper/0]: EP2 supports DBBUF
12-05 19:03:34.727     0     0 W [ 3828.086418]-(0)[0:swapper/0]: fifo size is 22 after 512, fifo address is 2048, epnum 2,hwepnum 2
12-05 19:03:34.727     0     0 W [ 3828.086436]: -(0)[0:swapper/0]QMU_WARN,<mtk_qmu_enable 464>, enable TQ(2)
12-05 19:03:34.727     0     0 W [ 3828.086459]-(0)[0:swapper/0]: musb-hdrc periph: enabled ep2in for bulk IN, maxpacket 512
12-05 19:03:34.727     0     0 W [ 3828.086476]-(0)[0:swapper/0]: musb type=BULK
12-05 19:03:34.727     0     0 W [ 3828.086494]-(0)[0:swapper/0]: <check_musb_dbuffer_avail, 1195>, got bulk ep:2 in function :acm
12-05 19:03:34.727     0     0 W [ 3828.086510]-(0)[0:swapper/0]: 0
12-05 19:03:34.727     0     0 W [ 3828.086526]-(0)[0:swapper/0]: EP2 supports DBBUF
12-05 19:03:34.727     0     0 W [ 3828.086544]-(0)[0:swapper/0]: fifo size is 22 after 512, fifo address is 3072, epnum 2,hwepnum 2
12-05 19:03:34.727     0     0 W [ 3828.086561]: -(0)[0:swapper/0]QMU_WARN,<mtk_qmu_enable 398>, enable RQ(2)
12-05 19:03:34.727     0     0 W [ 3828.086585]-(0)[0:swapper/0]: musb-hdrc periph: enabled ep2out for bulk OUT, maxpacket 512
12-05 19:03:34.727     0     0 I [ 3828.086613]-(0)[0:swapper/0]android_usb gadget: [COM]USB_REQ_SET_CONFIGURATION: value=0
12-05 19:03:34.727     0     0 W [ 3828.086635]-(0)[0:swapper/0]: BATTERY_SetUSBState, state=2
12-05 19:03:34.727     0     0 E [ 3828.086650]: -(0)[0:swapper/0][BATTERY] BAT_SetUSBState Success! Set 2
12-05 19:03:34.728   154   154 E [ 3828.087056]: (0)[154:bat_thread_kthr][BATTERY] Charger plug in/out, Call battery_meter_reset. (51)
12-05 19:03:34.728  1956  1956 W [ 3828.087221](0)[1956:kworker/0:1]: usb_cable_connected vbus_exist=1 type=1
12-05 19:03:34.728  1956  1956 W [ 3828.087240](0)[1956:kworker/0:1]: usb_cable_connected, connected:1, cable_mode:1
12-05 19:03:34.728  1956  1956 I [ 3828.087257](0)[1956:kworker/0:1]: is_hwconnected=1
12-05 19:03:34.730  1956  1956 I [ 3828.089518](0)[1956:kworker/0:1]: sent uevent USB_STATE=CONFIGURED
12-05 19:03:34.742   755   755 I [ 3828.101073]-(0)[755:ActivityManager]android_usb gadget: [ratelimit]non-core control reqa1.21 v0000 i0001 l7
12-05 19:03:34.742   755   755 I [ 3828.101104]-(0)[755:ActivityManager]: ttyGS0 reqa1.21 v0000 i0001 len=7
12-05 19:03:34.742   755   755 I [ 3828.101123]-(0)[755:ActivityManager]: rate=0,stop=0,parity=0,data=0
12-05 19:03:34.742   755   755 I [ 3828.101241]-(0)[755:ActivityManager]android_usb gadget: [ratelimit]non-core control req21.22 v0000 i0001 l0
12-05 19:03:34.742   755   755 I [ 3828.101260]-(0)[755:ActivityManager]: ttyGS0 req21.22 v0000 i0001 len=0
12-05 19:03:34.744     0     0 W [ 3828.103379]-(1)[0:swapper/1]CPU1: Booted secondary processor
12-05 19:03:34.744     0     0 I [ 3828.103508]-(1)[0:swapper/1]CPU1: thread -1, cpu 1, socket 0, mpidr 80000001
12-05 19:03:34.745     0     0 W [ 3828.104487]-(2)[0:swapper/2]CPU2: Booted secondary processor
12-05 19:03:34.745     0     0 I [ 3828.104603]-(2)[0:swapper/2]CPU2: thread -1, cpu 2, socket 0, mpidr 80000002
12-05 19:03:34.746    97    97 W [ 3828.105269]: (0)[97:hps_main][HPS] (0002)(1)action end(54)(259)(0)(0) (4)(4)(4)(4)(3) (0)(0)(0) (0)(0)(0) (0)(0)(0)(0)(2) wifi_base(1)
12-05 19:03:34.764   547   547 W [ 3828.123174]: (1)[547:AudioOut_15]Audio_Speaker_Pga_Gain_Set Speaker_pga_gain= 10
12-05 19:03:34.764    56    56 D [ 3828.123728](2)[56:cfinteractive][name:mt_cpufreq&]: Vproc = 1087mv, freq = 988000 KHz
12-05 19:03:34.765   547   547 W [ 3828.124331]: (1)[547:AudioOut_15]mtk_pcm_dl2_hardware.buffer_bytes_max = 36864 mPlaybackSramState = 8
12-05 19:03:34.765   547   547 W [ 3828.124379]: (1)[547:AudioOut_15]SNDRV_PCM_STREAM_PLAYBACK mtkalsa_dl2playback_constraints
12-05 19:03:34.765   547   547 W [ 3828.124506]: (1)[547:AudioOut_15]mtk_soc_pcm_dl2_close
12-05 19:03:34.766   547   547 W [ 3828.124849]: (1)[547:AudioOut_15]mtk_pcm_dl2_hardware.buffer_bytes_max = 36864 mPlaybackSramState = 8
12-05 19:03:34.766   547   547 W [ 3828.124892]: (1)[547:AudioOut_15]SNDRV_PCM_STREAM_PLAYBACK mtkalsa_dl2playback_constraints
12-05 19:03:34.766   547   547 W [ 3828.124997]: (1)[547:AudioOut_15]mtk_soc_pcm_dl2_close
12-05 19:03:34.766   547   547 E [ 3828.125171](1)[547:AudioOut_15]AEE_MONITOR_SET[status]: 0x1
12-05 19:03:34.766   547   547 W [ 3828.125526]: (1)[547:AudioOut_15]mtk_pcm_dl2_hardware.buffer_bytes_max = 36864 mPlaybackSramState = 8
12-05 19:03:34.766   547   547 W [ 3828.125562]: (1)[547:AudioOut_15]SNDRV_PCM_STREAM_PLAYBACK mtkalsa_dl2playback_constraints
12-05 19:03:34.766   547   547 W [ 3828.125651]: (1)[547:AudioOut_15]SetDL2Buffer u4BufferSize = 4096 pucVirtBufAddr = e1091000 pucPhysBufAddr = 0x5c570000
12-05 19:03:34.767   547   547 W [ 3828.126020]: (1)[547:AudioOut_15]mtk_pcm_dl2_prepare format = 10 SNDRV_PCM_FORMAT_S32_LE = 10 SNDRV_PCM_FORMAT_U32_LE = 12
12-05 19:03:34.767   547   547 W [ 3828.126049]: (1)[547:AudioOut_15]SetI2SDacOut SampleRate 48000, lowjitter 0, I2SWLen 1
12-05 19:03:34.768   547   547 W [ 3828.126758]: (1)[547:AudioOut_15]Speaker_Amp_Set() value = 1
12-05 19:03:34.768   547   547 W [ 3828.127250]: (1)[547:AudioOut_15]Speaker_Amp_Change
12-05 19:03:34.768   547   547 W [ 3828.127519]: (1)[547:AudioOut_15]Speaker_ClassAB_Open
12-05 19:03:34.777   974   974 D [ 3828.136474](0)[974:PerfServiceMana][name:mt_cpufreq&]: Vproc = 1143mv, freq = 1092000 KHz
12-05 19:03:34.778     0     0 W [ 3828.137192]-(3)[0:swapper/3]CPU3: Booted secondary processor
12-05 19:03:34.778     0     0 I [ 3828.137320]-(3)[0:swapper/3]CPU3: thread -1, cpu 3, socket 0, mpidr 80000003
12-05 19:03:34.778   547   547 W [ 3828.137734]: (1)[547:AudioOut_15]spk trim offset=0
12-05 19:03:34.779   547   547 W [ 3828.137773]: (1)[547:AudioOut_15]Apply_Speaker_Gain Speaker_pga_gain= 10
12-05 19:03:34.779    97    97 W [ 3828.137984]: (2)[97:hps_main][HPS] (0002)(3)action end(261)(501)(0)(0) (4)(4)(4)(4)(4) (0)(0)(0) (0)(0)(0) (0)(0)(0)(0)(2) wifi_base(1)
12-05 19:03:34.784   546   546 W [ 3828.143635]: -(2)[546:FastMixer]mtk_pcm_dl2_start
12-05 19:03:34.784   546   546 W [ 3828.143667]: -(2)[546:FastMixer]SetIrqMcuSampleRate(), Irqmode 0, SampleRate 48000
12-05 19:03:34.784   546   546 W [ 3828.143682]: -(2)[546:FastMixer]SetIrqMcuCounter(), Irqmode 0, Counter 256
12-05 19:03:34.784   546   546 W [ 3828.143697]: -(2)[546:FastMixer]SetIrqEnable(), Irqmode 0, bEnable 1
12-05 19:03:34.864   154   154 E [ 3828.223675](1)[154:bat_thread_kthr]AvgVbat=(3996,3986),AvgI=(0,0),VChr=4655,AvgT=(25,25),SO0:0 I:45000 Ibat:150
12-05 19:03:34.864   154   154 E [ 3828.223715](1)[154:bat_thread_kthr]v=3986,i=0,t=25,soc=51,bcct: 0:0 I:45000 Ibat:150
12-05 19:03:34.865  2081  2081 E [ 3828.223826]: (0)[2081:logd.reader.per][BATTERY] CC mode charge, timer=2100 on 2110 !!
12-05 19:03:35.247  2081  2081 W [ 3828.606654]: (0)[2081:logd.reader.per]logd first log reader, set log level to M!
