12-05 18:53:45.759   646   686 I AT      : AT< +ECSQ: 24,21,1,1,1,-32,-478,7,23 (RIL_URC_READER, tid:0)
12-05 18:53:45.760   646   686 I RILC    : RIL_SOCKET_1 UNSOLICITED: UNSOL_SIGNAL_STRENGTH length:72
12-05 18:53:45.762   746   788 D RilMalClient: command Fd not ready here
12-05 18:53:45.764  1227  1227 D SST     : [GsmSST0] handle EVENT_SIGNAL_STRENGTH_UPDATE
12-05 18:53:45.764  1227  1227 W SignalStrength: Signal before validate=SignalStrength: 0 21 -1 -1 -1 -1 -1 99 119 8 57 2147483647 2147483647 gsm|lte 2147483647 2147483647 2147483647
12-05 18:53:45.764  1227  1227 W SignalStrength: Signal after validate=SignalStrength: 0 21 -120 -160 -120 -1 -1 99 -119 -8 57 2147483647 2147483647 gsm|lte 2147483647 2147483647 2147483647
12-05 18:53:45.769  1227  1227 D SubscriptionController: [getPhoneId] asked for default subId=-1
12-05 18:53:45.771   728  1513 I use-Rlog/RLOG-GSM: getLTELevel - rsrp:-119 snr:57 rsrpIconLevel:0 snrIconLevel:3
12-05 18:53:45.771   728  1513 W SignalStrength: getTdScdmaLevel = 0
12-05 18:53:45.772   728  1513 W SignalStrength: getLevel=0
12-05 18:53:50.880   646   686 I AT      : AT< +ECSQ: 24,21,1,1,1,-32,-477,7,24 (RIL_URC_READER, tid:0)
12-05 18:53:50.880   646   686 I RILC    : RIL_SOCKET_1 UNSOLICITED: UNSOL_SIGNAL_STRENGTH length:72
12-05 18:53:50.883   746   788 D RilMalClient: command Fd not ready here
12-05 18:53:50.885  1227  1227 D SST     : [GsmSST0] handle EVENT_SIGNAL_STRENGTH_UPDATE
12-05 18:53:50.885  1227  1227 W SignalStrength: Signal before validate=SignalStrength: 0 21 -1 -1 -1 -1 -1 99 119 8 60 2147483647 2147483647 gsm|lte 2147483647 2147483647 2147483647
12-05 18:53:50.885  1227  1227 W SignalStrength: Signal after validate=SignalStrength: 0 21 -120 -160 -120 -1 -1 99 -119 -8 60 2147483647 2147483647 gsm|lte 2147483647 2147483647 2147483647
12-05 18:53:50.889  1227  1227 D SubscriptionController: [getPhoneId] asked for default subId=-1
12-05 18:53:50.892   728  1103 I use-Rlog/RLOG-GSM: getLTELevel - rsrp:-119 snr:60 rsrpIconLevel:0 snrIconLevel:3
12-05 18:53:50.892   728  1103 W SignalStrength: getTdScdmaLevel = 0
12-05 18:53:50.892   728  1103 W SignalStrength: getLevel=0
12-05 18:53:55.155   646   683 I RILC    : NUMBER:1
12-05 18:53:55.155   646   683 I RILC    : arg len:14
12-05 18:53:55.155   646   683 I RILC    : ARGS[0]:THERMAL,0,-1
12-05 18:53:55.156   646   683 I RILC-MTK: set request 2502 to protocal 1, proxyId=3
12-05 18:53:55.157   646   674 I RILC-MTK: proxy id:3, proxyName: RIL_CMD_PROXY_1, QUERY_MODEM_THERMAL pRI=0xa93b90a0 p=0xa93b2230 execute on RIL_CMD_PROXY_1 using channel 3
12-05 18:53:55.157   646   674 D RIL     : onRequest: QUERY_MODEM_THERMAL, datalen = 4, radioState:10
12-05 18:53:55.158   646   674 D RIL-OEM : requestQueryThermal Enter,-1
12-05 18:53:55.158   646   674 I AT      : AT> AT+ETHERMAL (RIL_CMD_READER_3, tid:2864867616)
12-05 18:53:55.175   646   689 I AT      : AT< +ETHERMAL: 3, 34, -127, -1, 32767, 18 (RIL_CMD_READER_3, tid:2864867616)
12-05 18:53:55.175   646   689 I AT      : AT< OK (RIL_CMD_READER_3, tid:2864867616)
12-05 18:53:55.177   646   674 D RIL-OEM : requestQueryThermal success
12-05 18:53:55.999   646   686 I AT      : AT< +ECSQ: 24,21,1,1,1,-31,-478,7,24 (RIL_URC_READER, tid:0)
12-05 18:53:56.000   646   686 I RILC    : RIL_SOCKET_1 UNSOLICITED: UNSOL_SIGNAL_STRENGTH length:72
12-05 18:53:56.002   746   788 D RilMalClient: command Fd not ready here
12-05 18:53:56.004  1227  1227 D SST     : [GsmSST0] handle EVENT_SIGNAL_STRENGTH_UPDATE
12-05 18:53:56.005  1227  1227 W SignalStrength: Signal before validate=SignalStrength: 0 21 -1 -1 -1 -1 -1 99 119 7 60 2147483647 2147483647 gsm|lte 2147483647 2147483647 2147483647
12-05 18:53:56.005  1227  1227 W SignalStrength: Signal after validate=SignalStrength: 0 21 -120 -160 -120 -1 -1 99 -119 -7 60 2147483647 2147483647 gsm|lte 2147483647 2147483647 2147483647
12-05 18:53:56.009  1227  1227 D SubscriptionController: [getPhoneId] asked for default subId=-1
12-05 18:53:56.011   728  1514 I use-Rlog/RLOG-GSM: getLTELevel - rsrp:-119 snr:60 rsrpIconLevel:0 snrIconLevel:3
12-05 18:53:56.012   728  1514 W SignalStrength: getTdScdmaLevel = 0
12-05 18:53:56.012   728  1514 W SignalStrength: getLevel=0
12-05 18:54:00.170   728   753 I am_pss  : [1515,10010,com.android.launcher3,42487808,36167680,0]
12-05 18:54:01.119   646   686 I AT      : AT< +ECSQ: 24,22,1,1,1,-31,-475,7,24 (RIL_URC_READER, tid:0)
12-05 18:54:01.120   646   686 I RILC    : RIL_SOCKET_1 UNSOLICITED: UNSOL_SIGNAL_STRENGTH length:72
12-05 18:54:01.122   746   788 D RilMalClient: command Fd not ready here
12-05 18:54:01.124  1227  1227 D SST     : [GsmSST0] handle EVENT_SIGNAL_STRENGTH_UPDATE
12-05 18:54:01.125  1227  1227 W SignalStrength: Signal before validate=SignalStrength: 0 22 -1 -1 -1 -1 -1 99 118 7 60 2147483647 2147483647 gsm|lte 2147483647 2147483647 2147483647
12-05 18:54:01.125  1227  1227 W SignalStrength: Signal after validate=SignalStrength: 0 22 -120 -160 -120 -1 -1 99 -118 -7 60 2147483647 2147483647 gsm|lte 2147483647 2147483647 2147483647
12-05 18:54:01.128  1227  1227 D SubscriptionController: [getPhoneId] asked for default subId=-1
12-05 18:54:01.131   728   740 I use-Rlog/RLOG-GSM: getLTELevel - rsrp:-118 snr:60 rsrpIconLevel:0 snrIconLevel:3
12-05 18:54:01.131   728   740 W SignalStrength: getTdScdmaLevel = 0
12-05 18:54:01.131   728   740 W SignalStrength: getLevel=0
12-05 18:54:05.183   646   683 I RILC    : NUMBER:1
12-05 18:54:05.183   646   683 I RILC    : arg len:14
12-05 18:54:05.183   646   683 I RILC    : ARGS[0]:THERMAL,0,-1
12-05 18:54:05.184   646   683 I RILC-MTK: set request 2502 to protocal 1, proxyId=3
12-05 18:54:05.186   646   674 I RILC-MTK: proxy id:3, proxyName: RIL_CMD_PROXY_1, QUERY_MODEM_THERMAL pRI=0xa93b9100 p=0xa93b2498 execute on RIL_CMD_PROXY_1 using channel 3
12-05 18:54:05.186   646   674 D RIL     : onRequest: QUERY_MODEM_THERMAL, datalen = 4, radioState:10
12-05 18:54:05.186   646   674 D RIL-OEM : requestQueryThermal Enter,-1
12-05 18:54:05.186   646   674 I AT      : AT> AT+ETHERMAL (RIL_CMD_READER_3, tid:2864867616)
12-05 18:54:05.201   646   689 I AT      : AT< +ETHERMAL: 3, 34, -127, -1, 32767, 18 (RIL_CMD_READER_3, tid:2864867616)
12-05 18:54:05.204   646   689 I AT      : AT< OK (RIL_CMD_READER_3, tid:2864867616)
12-05 18:54:05.205   646   674 D RIL-OEM : requestQueryThermal success
12-05 18:54:06.240   646   686 I AT      : AT< +ECSQ: 25,22,1,1,1,-30,-475,7,25 (RIL_URC_READER, tid:0)
12-05 18:54:06.240   646   686 I RILC    : RIL_SOCKET_1 UNSOLICITED: UNSOL_SIGNAL_STRENGTH length:72
12-05 18:54:06.243   746   788 D RilMalClient: command Fd not ready here
12-05 18:54:06.245  1227  1227 D SST     : [GsmSST0] handle EVENT_SIGNAL_STRENGTH_UPDATE
12-05 18:54:06.245  1227  1227 W SignalStrength: Signal before validate=SignalStrength: 0 22 -1 -1 -1 -1 -1 99 118 7 62 2147483647 2147483647 gsm|lte 2147483647 2147483647 2147483647
12-05 18:54:06.245  1227  1227 W SignalStrength: Signal after validate=SignalStrength: 0 22 -120 -160 -120 -1 -1 99 -118 -7 62 2147483647 2147483647 gsm|lte 2147483647 2147483647 2147483647
12-05 18:54:06.249  1227  1227 D SubscriptionController: [getPhoneId] asked for default subId=-1
12-05 18:54:06.252   728  1511 I use-Rlog/RLOG-GSM: getLTELevel - rsrp:-118 snr:62 rsrpIconLevel:0 snrIconLevel:3
12-05 18:54:06.252   728  1511 W SignalStrength: getTdScdmaLevel = 0
12-05 18:54:06.252   728  1511 W SignalStrength: getLevel=0
12-05 18:54:08.264   728   728 I notification_cancel: [10017,994,com.android.systemui,2131886132,low_battery,-1,0,1088,8,NULL]
12-05 18:54:08.268  1227  1227 D FdManager: [GDCT][phoneId0]onReceive: action=android.intent.action.BATTERY_CHANGED
12-05 18:54:08.270  1227  1227 D FdManager: [GDCT][phoneId1]onReceive: action=android.intent.action.BATTERY_CHANGED
12-05 18:54:11.359   646   686 I AT      : AT< +ECSQ: 26,22,1,1,1,-28,-475,7,26 (RIL_URC_READER, tid:0)
12-05 18:54:11.360   646   686 I RILC    : RIL_SOCKET_1 UNSOLICITED: UNSOL_SIGNAL_STRENGTH length:72
12-05 18:54:11.363   746   788 D RilMalClient: command Fd not ready here
12-05 18:54:11.365  1227  1227 D SST     : [GsmSST0] handle EVENT_SIGNAL_STRENGTH_UPDATE
12-05 18:54:11.365  1227  1227 W SignalStrength: Signal before validate=SignalStrength: 0 22 -1 -1 -1 -1 -1 99 118 7 65 2147483647 2147483647 gsm|lte 2147483647 2147483647 2147483647
12-05 18:54:11.365  1227  1227 W SignalStrength: Signal after validate=SignalStrength: 0 22 -120 -160 -120 -1 -1 99 -118 -7 65 2147483647 2147483647 gsm|lte 2147483647 2147483647 2147483647
12-05 18:54:11.369  1227  1227 D SubscriptionController: [getPhoneId] asked for default subId=-1
12-05 18:54:11.371   728  1512 I use-Rlog/RLOG-GSM: getLTELevel - rsrp:-118 snr:65 rsrpIconLevel:0 snrIconLevel:3
12-05 18:54:11.372   728  1512 W SignalStrength: getTdScdmaLevel = 0
12-05 18:54:11.372   728  1512 W SignalStrength: getLevel=0
12-05 18:54:15.215   646   683 I RILC    : NUMBER:1
12-05 18:54:15.216   646   683 I RILC    : arg len:14
12-05 18:54:15.216   646   683 I RILC    : ARGS[0]:THERMAL,0,-1
12-05 18:54:15.217   646   683 I RILC-MTK: set request 2502 to protocal 1, proxyId=3
12-05 18:54:15.218   646   674 I RILC-MTK: proxy id:3, proxyName: RIL_CMD_PROXY_1, QUERY_MODEM_THERMAL pRI=0xa93b91e0 p=0xa93b26c8 execute on RIL_CMD_PROXY_1 using channel 3
12-05 18:54:15.218   646   674 D RIL     : onRequest: QUERY_MODEM_THERMAL, datalen = 4, radioState:10
12-05 18:54:15.218   646   674 D RIL-OEM : requestQueryThermal Enter,-1
12-05 18:54:15.218   646   674 I AT      : AT> AT+ETHERMAL (RIL_CMD_READER_3, tid:2864867616)
12-05 18:54:15.235   646   689 I AT      : AT< +ETHERMAL: 3, 33, -127, -1, 32767, 18 (RIL_CMD_READER_3, tid:2864867616)
12-05 18:54:15.237   646   689 I AT      : AT< OK (RIL_CMD_READER_3, tid:2864867616)
12-05 18:54:15.238   646   674 D RIL-OEM : requestQueryThermal success
12-05 18:54:16.480   646   686 I AT      : AT< +ECSQ: 25,22,1,1,1,-29,-476,7,27 (RIL_URC_READER, tid:0)
12-05 18:54:16.480   646   686 I RILC    : RIL_SOCKET_1 UNSOLICITED: UNSOL_SIGNAL_STRENGTH length:72
12-05 18:54:16.483   746   788 D RilMalClient: command Fd not ready here
12-05 18:54:16.484  1227  1227 D SST     : [GsmSST0] handle EVENT_SIGNAL_STRENGTH_UPDATE
12-05 18:54:16.485  1227  1227 W SignalStrength: Signal before validate=SignalStrength: 0 22 -1 -1 -1 -1 -1 99 119 7 67 2147483647 2147483647 gsm|lte 2147483647 2147483647 2147483647
12-05 18:54:16.485  1227  1227 W SignalStrength: Signal after validate=SignalStrength: 0 22 -120 -160 -120 -1 -1 99 -119 -7 67 2147483647 2147483647 gsm|lte 2147483647 2147483647 2147483647
12-05 18:54:16.488  1227  1227 D SubscriptionController: [getPhoneId] asked for default subId=-1
12-05 18:54:16.491   728  1513 I use-Rlog/RLOG-GSM: getLTELevel - rsrp:-119 snr:67 rsrpIconLevel:0 snrIconLevel:3
12-05 18:54:16.492   728  1513 W SignalStrength: getTdScdmaLevel = 0
12-05 18:54:16.492   728  1513 W SignalStrength: getLevel=0
12-05 18:54:21.599   646   686 I AT      : AT< +ECSQ: 24,22,1,1,1,-32,-476,7,27 (RIL_URC_READER, tid:0)
12-05 18:54:21.600   646   686 I RILC    : RIL_SOCKET_1 UNSOLICITED: UNSOL_SIGNAL_STRENGTH length:72
12-05 18:54:21.602   746   788 D RilMalClient: command Fd not ready here
12-05 18:54:21.604  1227  1227 D SST     : [GsmSST0] handle EVENT_SIGNAL_STRENGTH_UPDATE
12-05 18:54:21.604  1227  1227 W SignalStrength: Signal before validate=SignalStrength: 0 22 -1 -1 -1 -1 -1 99 119 8 67 2147483647 2147483647 gsm|lte 2147483647 2147483647 2147483647
12-05 18:54:21.605  1227  1227 W SignalStrength: Signal after validate=SignalStrength: 0 22 -120 -160 -120 -1 -1 99 -119 -8 67 2147483647 2147483647 gsm|lte 2147483647 2147483647 2147483647
12-05 18:54:21.608  1227  1227 D SubscriptionController: [getPhoneId] asked for default subId=-1
12-05 18:54:21.611   728  1512 I use-Rlog/RLOG-GSM: getLTELevel - rsrp:-119 snr:67 rsrpIconLevel:0 snrIconLevel:3
12-05 18:54:21.611   728  1512 W SignalStrength: getTdScdmaLevel = 0
12-05 18:54:21.612   728  1512 W SignalStrength: getLevel=0
12-05 18:54:25.248   646   683 I RILC    : NUMBER:1
12-05 18:54:25.248   646   683 I RILC    : arg len:14
12-05 18:54:25.248   646   683 I RILC    : ARGS[0]:THERMAL,0,-1
12-05 18:54:25.248   646   683 I RILC-MTK: set request 2502 to protocal 1, proxyId=3
12-05 18:54:25.250   646   674 I RILC-MTK: proxy id:3, proxyName: RIL_CMD_PROXY_1, QUERY_MODEM_THERMAL pRI=0xa93b9000 p=0xa93b21f8 execute on RIL_CMD_PROXY_1 using channel 3
12-05 18:54:25.250   646   674 D RIL     : onRequest: QUERY_MODEM_THERMAL, datalen = 4, radioState:10
12-05 18:54:25.250   646   674 D RIL-OEM : requestQueryThermal Enter,-1
12-05 18:54:25.251   646   674 I AT      : AT> AT+ETHERMAL (RIL_CMD_READER_3, tid:2864867616)
12-05 18:54:25.268   646   689 I AT      : AT< +ETHERMAL: 3, 34, -127, -1, 32767, 18 (RIL_CMD_READER_3, tid:2864867616)
12-05 18:54:25.268   646   689 I AT      : AT< OK (RIL_CMD_READER_3, tid:2864867616)
12-05 18:54:25.269   646   674 D RIL-OEM : requestQueryThermal success
12-05 18:54:26.719   646   686 I AT      : AT< +ECSQ: 24,22,1,1,1,-32,-475,7,27 (RIL_URC_READER, tid:0)
12-05 18:54:26.720   646   686 I RILC    : RIL_SOCKET_1 UNSOLICITED: UNSOL_SIGNAL_STRENGTH length:72
12-05 18:54:26.722   746   788 D RilMalClient: command Fd not ready here
12-05 18:54:26.725  1227  1227 D SST     : [GsmSST0] handle EVENT_SIGNAL_STRENGTH_UPDATE
12-05 18:54:26.725  1227  1227 W SignalStrength: Signal before validate=SignalStrength: 0 22 -1 -1 -1 -1 -1 99 118 8 67 2147483647 2147483647 gsm|lte 2147483647 2147483647 2147483647
12-05 18:54:26.725  1227  1227 W SignalStrength: Signal after validate=SignalStrength: 0 22 -120 -160 -120 -1 -1 99 -118 -8 67 2147483647 2147483647 gsm|lte 2147483647 2147483647 2147483647
12-05 18:54:26.729  1227  1227 D SubscriptionController: [getPhoneId] asked for default subId=-1
12-05 18:54:26.731   728  1514 I use-Rlog/RLOG-GSM: getLTELevel - rsrp:-118 snr:67 rsrpIconLevel:0 snrIconLevel:3
12-05 18:54:26.732   728  1514 W SignalStrength: getTdScdmaLevel = 0
12-05 18:54:26.732   728  1514 W SignalStrength: getLevel=0
12-05 18:54:31.839   646   686 I AT      : AT< +ECSQ: 24,22,1,1,1,-32,-474,7,28 (RIL_URC_READER, tid:0)
12-05 18:54:31.840   646   686 I RILC    : RIL_SOCKET_1 UNSOLICITED: UNSOL_SIGNAL_STRENGTH length:72
12-05 18:54:31.842   746   788 D RilMalClient: command Fd not ready here
12-05 18:54:31.845  1227  1227 D SST     : [GsmSST0] handle EVENT_SIGNAL_STRENGTH_UPDATE
12-05 18:54:31.845  1227  1227 W SignalStrength: Signal before validate=SignalStrength: 0 22 -1 -1 -1 -1 -1 99 118 8 70 2147483647 2147483647 gsm|lte 2147483647 2147483647 2147483647
12-05 18:54:31.845  1227  1227 W SignalStrength: Signal after validate=SignalStrength: 0 22 -120 -160 -120 -1 -1 99 -118 -8 70 2147483647 2147483647 gsm|lte 2147483647 2147483647 2147483647
12-05 18:54:31.849  1227  1227 D SubscriptionController: [getPhoneId] asked for default subId=-1
12-05 18:54:31.852   728   740 I use-Rlog/RLOG-GSM: getLTELevel - rsrp:-118 snr:70 rsrpIconLevel:0 snrIconLevel:3
12-05 18:54:31.852   728   740 W SignalStrength: getTdScdmaLevel = 0
12-05 18:54:31.852   728   740 W SignalStrength: getLevel=0
12-05 18:54:35.279   646   683 I RILC    : NUMBER:1
12-05 18:54:35.280   646   683 I RILC    : arg len:14
12-05 18:54:35.280   646   683 I RILC    : ARGS[0]:THERMAL,0,-1
12-05 18:54:35.280   646   683 I RILC-MTK: set request 2502 to protocal 1, proxyId=3
12-05 18:54:35.282   646   674 I RILC-MTK: proxy id:3, proxyName: RIL_CMD_PROXY_1, QUERY_MODEM_THERMAL pRI=0xa93b9020 p=0xa93b2268 execute on RIL_CMD_PROXY_1 using channel 3
12-05 18:54:35.282   646   674 D RIL     : onRequest: QUERY_MODEM_THERMAL, datalen = 4, radioState:10
12-05 18:54:35.283   646   674 D RIL-OEM : requestQueryThermal Enter,-1
12-05 18:54:35.283   646   674 I AT      : AT> AT+ETHERMAL (RIL_CMD_READER_3, tid:2864867616)
12-05 18:54:35.297   646   689 I AT      : AT< +ETHERMAL: 3, 34, -127, -1, 32767, 18 (RIL_CMD_READER_3, tid:2864867616)
12-05 18:54:35.300   646   689 I AT      : AT< OK (RIL_CMD_READER_3, tid:2864867616)
12-05 18:54:35.300   646   674 D RIL-OEM : requestQueryThermal success
12-05 18:54:36.959   646   686 I AT      : AT< +ECSQ: 22,22,1,1,1,-35,-474,7,28 (RIL_URC_READER, tid:0)
12-05 18:54:36.960   646   686 I RILC    : RIL_SOCKET_1 UNSOLICITED: UNSOL_SIGNAL_STRENGTH length:72
12-05 18:54:36.962   746   788 D RilMalClient: command Fd not ready here
12-05 18:54:36.964  1227  1227 D SST     : [GsmSST0] handle EVENT_SIGNAL_STRENGTH_UPDATE
12-05 18:54:36.965  1227  1227 W SignalStrength: Signal before validate=SignalStrength: 0 22 -1 -1 -1 -1 -1 99 118 8 70 2147483647 2147483647 gsm|lte 2147483647 2147483647 2147483647
12-05 18:54:36.965  1227  1227 W SignalStrength: Signal after validate=SignalStrength: 0 22 -120 -160 -120 -1 -1 99 -118 -8 70 2147483647 2147483647 gsm|lte 2147483647 2147483647 2147483647
12-05 18:54:42.080   646   686 I AT      : AT< +ECSQ: 21,22,1,1,1,-37,-475,7,27 (RIL_URC_READER, tid:0)
12-05 18:54:42.081   646   686 I RILC    : RIL_SOCKET_1 UNSOLICITED: UNSOL_SIGNAL_STRENGTH length:72
12-05 18:54:42.083   746   788 D RilMalClient: command Fd not ready here
12-05 18:54:42.085  1227  1227 D SST     : [GsmSST0] handle EVENT_SIGNAL_STRENGTH_UPDATE
12-05 18:54:42.086  1227  1227 W SignalStrength: Signal before validate=SignalStrength: 0 22 -1 -1 -1 -1 -1 99 118 9 67 2147483647 2147483647 gsm|lte 2147483647 2147483647 2147483647
12-05 18:54:42.086  1227  1227 W SignalStrength: Signal after validate=SignalStrength: 0 22 -120 -160 -120 -1 -1 99 -118 -9 67 2147483647 2147483647 gsm|lte 2147483647 2147483647 2147483647
12-05 18:54:42.092  1227  1227 D SubscriptionController: [getPhoneId] asked for default subId=-1
12-05 18:54:42.096   728   740 I use-Rlog/RLOG-GSM: getLTELevel - rsrp:-118 snr:67 rsrpIconLevel:0 snrIconLevel:3
12-05 18:54:42.096   728   740 W SignalStrength: getTdScdmaLevel = 0
12-05 18:54:42.096   728   740 W SignalStrength: getLevel=0
12-05 18:54:45.311   646   683 I RILC    : NUMBER:1
12-05 18:54:45.311   646   683 I RILC    : arg len:14
12-05 18:54:45.311   646   683 I RILC    : ARGS[0]:THERMAL,0,-1
12-05 18:54:45.312   646   683 I RILC-MTK: set request 2502 to protocal 1, proxyId=3
12-05 18:54:45.314   646   674 I RILC-MTK: proxy id:3, proxyName: RIL_CMD_PROXY_1, QUERY_MODEM_THERMAL pRI=0xa93b90c0 p=0xa93b22d8 execute on RIL_CMD_PROXY_1 using channel 3
12-05 18:54:45.314   646   674 D RIL     : onRequest: QUERY_MODEM_THERMAL, datalen = 4, radioState:10
12-05 18:54:45.314   646   674 D RIL-OEM : requestQueryThermal Enter,-1
12-05 18:54:45.315   646   674 I AT      : AT> AT+ETHERMAL (RIL_CMD_READER_3, tid:2864867616)
12-05 18:54:45.327   646   689 I AT      : AT< +ETHERMAL: 3, 33, -127, -1, 32767, 18 (RIL_CMD_READER_3, tid:2864867616)
12-05 18:54:45.329   646   689 I AT      : AT< OK (RIL_CMD_READER_3, tid:2864867616)
12-05 18:54:45.329   646   674 D RIL-OEM : requestQueryThermal success
12-05 18:54:47.199   646   686 I AT      : AT< +ECSQ: 21,22,1,1,1,-38,-475,7,27 (RIL_URC_READER, tid:0)
12-05 18:54:47.200   646   686 I RILC    : RIL_SOCKET_1 UNSOLICITED: UNSOL_SIGNAL_STRENGTH length:72
12-05 18:54:47.203   746   788 D RilMalClient: command Fd not ready here
12-05 18:54:47.205  1227  1227 D SST     : [GsmSST0] handle EVENT_SIGNAL_STRENGTH_UPDATE
12-05 18:54:47.205  1227  1227 W SignalStrength: Signal before validate=SignalStrength: 0 22 -1 -1 -1 -1 -1 99 118 9 67 2147483647 2147483647 gsm|lte 2147483647 2147483647 2147483647
12-05 18:54:47.205  1227  1227 W SignalStrength: Signal after validate=SignalStrength: 0 22 -120 -160 -120 -1 -1 99 -118 -9 67 2147483647 2147483647 gsm|lte 2147483647 2147483647 2147483647
12-05 18:54:52.320   646   686 I AT      : AT< +ECSQ: 21,23,1,1,1,-37,-472,7,28 (RIL_URC_READER, tid:0)
12-05 18:54:52.321   646   686 I RILC    : RIL_SOCKET_1 UNSOLICITED: UNSOL_SIGNAL_STRENGTH length:72
12-05 18:54:52.324   746   788 D RilMalClient: command Fd not ready here
12-05 18:54:52.326  1227  1227 D SST     : [GsmSST0] handle EVENT_SIGNAL_STRENGTH_UPDATE
12-05 18:54:52.326  1227  1227 W SignalStrength: Signal before validate=SignalStrength: 0 23 -1 -1 -1 -1 -1 99 118 9 70 2147483647 2147483647 gsm|lte 2147483647 2147483647 2147483647
12-05 18:54:52.326  1227  1227 W SignalStrength: Signal after validate=SignalStrength: 0 23 -120 -160 -120 -1 -1 99 -118 -9 70 2147483647 2147483647 gsm|lte 2147483647 2147483647 2147483647
12-05 18:54:52.330  1227  1227 D SubscriptionController: [getPhoneId] asked for default subId=-1
12-05 18:54:52.333   728  1514 I use-Rlog/RLOG-GSM: getLTELevel - rsrp:-118 snr:70 rsrpIconLevel:0 snrIconLevel:3
12-05 18:54:52.333   728  1514 W SignalStrength: getTdScdmaLevel = 0
12-05 18:54:52.333   728  1514 W SignalStrength: getLevel=0
12-05 18:54:55.338   646   683 I RILC    : NUMBER:1
12-05 18:54:55.338   646   683 I RILC    : arg len:14
12-05 18:54:55.338   646   683 I RILC    : ARGS[0]:THERMAL,0,-1
12-05 18:54:55.339   646   683 I RILC-MTK: set request 2502 to protocal 1, proxyId=3
12-05 18:54:55.341   646   674 I RILC-MTK: proxy id:3, proxyName: RIL_CMD_PROXY_1, QUERY_MODEM_THERMAL pRI=0xa93b90e0 p=0xa93b2658 execute on RIL_CMD_PROXY_1 using channel 3
12-05 18:54:55.341   646   674 D RIL     : onRequest: QUERY_MODEM_THERMAL, datalen = 4, radioState:10
12-05 18:54:55.341   646   674 D RIL-OEM : requestQueryThermal Enter,-1
12-05 18:54:55.342   646   674 I AT      : AT> AT+ETHERMAL (RIL_CMD_READER_3, tid:2864867616)
12-05 18:54:55.356   646   689 I AT      : AT< +ETHERMAL: 3, 34, -127, -1, 32767, 18 (RIL_CMD_READER_3, tid:2864867616)
12-05 18:54:55.359   646   689 I AT      : AT< OK (RIL_CMD_READER_3, tid:2864867616)
12-05 18:54:55.359   646   674 D RIL-OEM : requestQueryThermal success
12-05 18:54:57.442   646   686 I AT      : AT< +ECSQ: 21,23,1,1,1,-37,-472,7,29 (RIL_URC_READER, tid:0)
12-05 18:54:57.442   646   686 I RILC    : RIL_SOCKET_1 UNSOLICITED: UNSOL_SIGNAL_STRENGTH length:72
12-05 18:54:57.443   746   788 D RilMalClient: command Fd not ready here
12-05 18:54:57.443  1227  1227 D SST     : [GsmSST0] handle EVENT_SIGNAL_STRENGTH_UPDATE
12-05 18:54:57.443  1227  1227 W SignalStrength: Signal before validate=SignalStrength: 0 23 -1 -1 -1 -1 -1 99 118 9 72 2147483647 2147483647 gsm|lte 2147483647 2147483647 2147483647
12-05 18:54:57.443  1227  1227 W SignalStrength: Signal after validate=SignalStrength: 0 23 -120 -160 -120 -1 -1 99 -118 -9 72 2147483647 2147483647 gsm|lte 2147483647 2147483647 2147483647
12-05 18:54:57.445  1227  1227 D SubscriptionController: [getPhoneId] asked for default subId=-1
12-05 18:54:57.446   728  1512 I use-Rlog/RLOG-GSM: getLTELevel - rsrp:-118 snr:72 rsrpIconLevel:0 snrIconLevel:3
12-05 18:54:57.446   728  1512 W SignalStrength: getTdScdmaLevel = 0
12-05 18:54:57.446   728  1512 W SignalStrength: getLevel=0
12-05 18:55:02.559   646   686 I AT      : AT< +ECSQ: 23,22,1,1,1,-33,-473,7,29 (RIL_URC_READER, tid:0)
12-05 18:55:02.560   646   686 I RILC    : RIL_SOCKET_1 UNSOLICITED: UNSOL_SIGNAL_STRENGTH length:72
12-05 18:55:02.562   746   788 D RilMalClient: command Fd not ready here
12-05 18:55:02.565  1227  1227 D SST     : [GsmSST0] handle EVENT_SIGNAL_STRENGTH_UPDATE
12-05 18:55:02.565  1227  1227 W SignalStrength: Signal before validate=SignalStrength: 0 22 -1 -1 -1 -1 -1 99 118 8 72 2147483647 2147483647 gsm|lte 2147483647 2147483647 2147483647
12-05 18:55:02.565  1227  1227 W SignalStrength: Signal after validate=SignalStrength: 0 22 -120 -160 -120 -1 -1 99 -118 -8 72 2147483647 2147483647 gsm|lte 2147483647 2147483647 2147483647
12-05 18:55:02.569  1227  1227 D SubscriptionController: [getPhoneId] asked for default subId=-1
12-05 18:55:02.572   728  1100 I use-Rlog/RLOG-GSM: getLTELevel - rsrp:-118 snr:72 rsrpIconLevel:0 snrIconLevel:3
12-05 18:55:02.572   728  1100 W SignalStrength: getTdScdmaLevel = 0
12-05 18:55:02.572   728  1100 W SignalStrength: getLevel=0
12-05 18:55:05.373   646   683 I RILC    : NUMBER:1
12-05 18:55:05.373   646   683 I RILC    : arg len:14
12-05 18:55:05.373   646   683 I RILC    : ARGS[0]:THERMAL,0,-1
12-05 18:55:05.374   646   683 I RILC-MTK: set request 2502 to protocal 1, proxyId=3
12-05 18:55:05.375   646   674 I RILC-MTK: proxy id:3, proxyName: RIL_CMD_PROXY_1, QUERY_MODEM_THERMAL pRI=0xa93b9080 p=0xa93b21c0 execute on RIL_CMD_PROXY_1 using channel 3
12-05 18:55:05.376   646   674 D RIL     : onRequest: QUERY_MODEM_THERMAL, datalen = 4, radioState:10
12-05 18:55:05.376   646   674 D RIL-OEM : requestQueryThermal Enter,-1
12-05 18:55:05.376   646   674 I AT      : AT> AT+ETHERMAL (RIL_CMD_READER_3, tid:2864867616)
12-05 18:55:05.392   646   689 I AT      : AT< +ETHERMAL: 3, 33, -127, -1, 32767, 18 (RIL_CMD_READER_3, tid:2864867616)
12-05 18:55:05.394   646   689 I AT      : AT< OK (RIL_CMD_READER_3, tid:2864867616)
12-05 18:55:05.395   646   674 D RIL-OEM : requestQueryThermal success
12-05 18:55:07.679   646   686 I AT      : AT< +ECSQ: 25,22,1,1,1,-30,-474,7,29 (RIL_URC_READER, tid:0)
12-05 18:55:07.680   646   686 I RILC    : RIL_SOCKET_1 UNSOLICITED: UNSOL_SIGNAL_STRENGTH length:72
12-05 18:55:07.682   746   788 D RilMalClient: command Fd not ready here
12-05 18:55:07.684  1227  1227 D SST     : [GsmSST0] handle EVENT_SIGNAL_STRENGTH_UPDATE
12-05 18:55:07.685  1227  1227 W SignalStrength: Signal before validate=SignalStrength: 0 22 -1 -1 -1 -1 -1 99 118 7 72 2147483647 2147483647 gsm|lte 2147483647 2147483647 2147483647
12-05 18:55:07.685  1227  1227 W SignalStrength: Signal after validate=SignalStrength: 0 22 -120 -160 -120 -1 -1 99 -118 -7 72 2147483647 2147483647 gsm|lte 2147483647 2147483647 2147483647
12-05 18:55:07.689  1227  1227 D SubscriptionController: [getPhoneId] asked for default subId=-1
12-05 18:55:07.692   728  1511 I use-Rlog/RLOG-GSM: getLTELevel - rsrp:-118 snr:72 rsrpIconLevel:0 snrIconLevel:3
12-05 18:55:07.692   728  1511 W SignalStrength: getTdScdmaLevel = 0
12-05 18:55:07.692   728  1511 W SignalStrength: getLevel=0
12-05 18:55:12.798   646   686 I AT      : AT< +ECSQ: 26,22,1,1,1,-28,-474,7,29 (RIL_URC_READER, tid:0)
12-05 18:55:12.799   646   686 I RILC    : RIL_SOCKET_1 UNSOLICITED: UNSOL_SIGNAL_STRENGTH length:72
12-05 18:55:12.800   746   788 D RilMalClient: command Fd not ready here
12-05 18:55:12.802  1227  1227 D SST     : [GsmSST0] handle EVENT_SIGNAL_STRENGTH_UPDATE
12-05 18:55:12.802  1227  1227 W SignalStrength: Signal before validate=SignalStrength: 0 22 -1 -1 -1 -1 -1 99 118 7 72 2147483647 2147483647 gsm|lte 2147483647 2147483647 2147483647
12-05 18:55:12.802  1227  1227 W SignalStrength: Signal after validate=SignalStrength: 0 22 -120 -160 -120 -1 -1 99 -118 -7 72 2147483647 2147483647 gsm|lte 2147483647 2147483647 2147483647
12-05 18:55:15.407   646   683 I RILC    : NUMBER:1
12-05 18:55:15.407   646   683 I RILC    : arg len:14
12-05 18:55:15.407   646   683 I RILC    : ARGS[0]:THERMAL,0,-1
12-05 18:55:15.408   646   683 I RILC-MTK: set request 2502 to protocal 1, proxyId=3
12-05 18:55:15.409   646   674 I RILC-MTK: proxy id:3, proxyName: RIL_CMD_PROXY_1, QUERY_MODEM_THERMAL pRI=0xa93b90a0 p=0xa93b2230 execute on RIL_CMD_PROXY_1 using channel 3
12-05 18:55:15.409   646   674 D RIL     : onRequest: QUERY_MODEM_THERMAL, datalen = 4, radioState:10
12-05 18:55:15.409   646   674 D RIL-OEM : requestQueryThermal Enter,-1
12-05 18:55:15.410   646   674 I AT      : AT> AT+ETHERMAL (RIL_CMD_READER_3, tid:2864867616)
12-05 18:55:15.425   646   689 I AT      : AT< +ETHERMAL: 3, 34, -127, -1, 32767, 18 (RIL_CMD_READER_3, tid:2864867616)
12-05 18:55:15.428   646   689 I AT      : AT< OK (RIL_CMD_READER_3, tid:2864867616)
12-05 18:55:15.428   646   674 D RIL-OEM : requestQueryThermal success
12-05 18:55:17.920   646   686 I AT      : AT< +ECSQ: 25,22,1,1,1,-29,-475,7,29 (RIL_URC_READER, tid:0)
12-05 18:55:17.920   646   686 I RILC    : RIL_SOCKET_1 UNSOLICITED: UNSOL_SIGNAL_STRENGTH length:72
12-05 18:55:17.922   746   788 D RilMalClient: command Fd not ready here
12-05 18:55:17.924  1227  1227 D SST     : [GsmSST0] handle EVENT_SIGNAL_STRENGTH_UPDATE
12-05 18:55:17.925  1227  1227 W SignalStrength: Signal before validate=SignalStrength: 0 22 -1 -1 -1 -1 -1 99 118 7 72 2147483647 2147483647 gsm|lte 2147483647 2147483647 2147483647
12-05 18:55:17.925  1227  1227 W SignalStrength: Signal after validate=SignalStrength: 0 22 -120 -160 -120 -1 -1 99 -118 -7 72 2147483647 2147483647 gsm|lte 2147483647 2147483647 2147483647
12-05 18:55:23.039   646   686 I AT      : AT< +ECSQ: 26,22,1,1,1,-28,-475,7,29 (RIL_URC_READER, tid:0)
12-05 18:55:23.040   646   686 I RILC    : RIL_SOCKET_1 UNSOLICITED: UNSOL_SIGNAL_STRENGTH length:72
12-05 18:55:23.042   746   788 D RilMalClient: command Fd not ready here
12-05 18:55:23.044  1227  1227 D SST     : [GsmSST0] handle EVENT_SIGNAL_STRENGTH_UPDATE
12-05 18:55:23.045  1227  1227 W SignalStrength: Signal before validate=SignalStrength: 0 22 -1 -1 -1 -1 -1 99 118 7 72 2147483647 2147483647 gsm|lte 2147483647 2147483647 2147483647
12-05 18:55:23.045  1227  1227 W SignalStrength: Signal after validate=SignalStrength: 0 22 -120 -160 -120 -1 -1 99 -118 -7 72 2147483647 2147483647 gsm|lte 2147483647 2147483647 2147483647
12-05 18:55:25.440   646   683 I RILC    : NUMBER:1
12-05 18:55:25.440   646   683 I RILC    : arg len:14
12-05 18:55:25.441   646   683 I RILC    : ARGS[0]:THERMAL,0,-1
12-05 18:55:25.441   646   683 I RILC-MTK: set request 2502 to protocal 1, proxyId=3
12-05 18:55:25.443   646   674 I RILC-MTK: proxy id:3, proxyName: RIL_CMD_PROXY_1, QUERY_MODEM_THERMAL pRI=0xa93b9160 p=0xa93b2498 execute on RIL_CMD_PROXY_1 using channel 3
12-05 18:55:25.443   646   674 D RIL     : onRequest: QUERY_MODEM_THERMAL, datalen = 4, radioState:10
12-05 18:55:25.443   646   674 D RIL-OEM : requestQueryThermal Enter,-1
12-05 18:55:25.444   646   674 I AT      : AT> AT+ETHERMAL (RIL_CMD_READER_3, tid:2864867616)
12-05 18:55:25.458   646   689 I AT      : AT< +ETHERMAL: 3, 34, -127, -1, 32767, 18 (RIL_CMD_READER_3, tid:2864867616)
12-05 18:55:25.461   646   689 I AT      : AT< OK (RIL_CMD_READER_3, tid:2864867616)
12-05 18:55:25.462   646   674 D RIL-OEM : requestQueryThermal success
12-05 18:55:28.159   646   686 I AT      : AT< +ECSQ: 26,22,1,1,1,-28,-475,7,28 (RIL_URC_READER, tid:0)
12-05 18:55:28.160   646   686 I RILC    : RIL_SOCKET_1 UNSOLICITED: UNSOL_SIGNAL_STRENGTH length:72
12-05 18:55:28.162   746   788 D RilMalClient: command Fd not ready here
12-05 18:55:28.164  1227  1227 D SST     : [GsmSST0] handle EVENT_SIGNAL_STRENGTH_UPDATE
12-05 18:55:28.164  1227  1227 W SignalStrength: Signal before validate=SignalStrength: 0 22 -1 -1 -1 -1 -1 99 118 7 70 2147483647 2147483647 gsm|lte 2147483647 2147483647 2147483647
12-05 18:55:28.164  1227  1227 W SignalStrength: Signal after validate=SignalStrength: 0 22 -120 -160 -120 -1 -1 99 -118 -7 70 2147483647 2147483647 gsm|lte 2147483647 2147483647 2147483647
12-05 18:55:28.169  1227  1227 D SubscriptionController: [getPhoneId] asked for default subId=-1
12-05 18:55:28.172   728   741 I use-Rlog/RLOG-GSM: getLTELevel - rsrp:-118 snr:70 rsrpIconLevel:0 snrIconLevel:3
12-05 18:55:28.172   728   741 W SignalStrength: getTdScdmaLevel = 0
12-05 18:55:28.172   728   741 W SignalStrength: getLevel=0
12-05 18:55:28.253   728   728 I notification_cancel: [10017,994,com.android.systemui,2131886132,low_battery,-1,0,1088,8,NULL]
12-05 18:55:28.258  1227  1227 D FdManager: [GDCT][phoneId0]onReceive: action=android.intent.action.BATTERY_CHANGED
12-05 18:55:28.259  1227  1227 D FdManager: [GDCT][phoneId1]onReceive: action=android.intent.action.BATTERY_CHANGED
12-05 18:55:33.279   646   686 I AT      : AT< +ECSQ: 26,24,1,1,1,-27,-465,7,31 (RIL_URC_READER, tid:0)
12-05 18:55:33.280   646   686 I RILC    : RIL_SOCKET_1 UNSOLICITED: UNSOL_SIGNAL_STRENGTH length:72
12-05 18:55:33.282   746   788 D RilMalClient: command Fd not ready here
12-05 18:55:33.285  1227  1227 D SST     : [GsmSST0] handle EVENT_SIGNAL_STRENGTH_UPDATE
12-05 18:55:33.285  1227  1227 W SignalStrength: Signal before validate=SignalStrength: 0 24 -1 -1 -1 -1 -1 99 116 6 77 2147483647 2147483647 gsm|lte 2147483647 2147483647 2147483647
12-05 18:55:33.285  1227  1227 W SignalStrength: Signal after validate=SignalStrength: 0 24 -120 -160 -120 -1 -1 99 -116 -6 77 2147483647 2147483647 gsm|lte 2147483647 2147483647 2147483647
12-05 18:55:33.289  1227  1227 D SubscriptionController: [getPhoneId] asked for default subId=-1
12-05 18:55:33.292   728  1387 I use-Rlog/RLOG-GSM: getLTELevel - rsrp:-116 snr:77 rsrpIconLevel:0 snrIconLevel:3
12-05 18:55:33.292   728  1387 W SignalStrength: getTdScdmaLevel = 0
12-05 18:55:33.292   728  1387 W SignalStrength: getLevel=0
12-05 18:55:35.469   646   683 I RILC    : NUMBER:1
12-05 18:55:35.470   646   683 I RILC    : arg len:14
12-05 18:55:35.470   646   683 I RILC    : ARGS[0]:THERMAL,0,-1
12-05 18:55:35.470   646   683 I RILC-MTK: set request 2502 to protocal 1, proxyId=3
12-05 18:55:35.472   646   674 I RILC-MTK: proxy id:3, proxyName: RIL_CMD_PROXY_1, QUERY_MODEM_THERMAL pRI=0xa93b9180 p=0xa93b2508 execute on RIL_CMD_PROXY_1 using channel 3
12-05 18:55:35.472   646   674 D RIL     : onRequest: QUERY_MODEM_THERMAL, datalen = 4, radioState:10
12-05 18:55:35.472   646   674 D RIL-OEM : requestQueryThermal Enter,-1
12-05 18:55:35.473   646   674 I AT      : AT> AT+ETHERMAL (RIL_CMD_READER_3, tid:2864867616)
12-05 18:55:35.490   646   689 I AT      : AT< +ETHERMAL: 3, 34, -127, -1, 32767, 18 (RIL_CMD_READER_3, tid:2864867616)
12-05 18:55:35.490   646   689 I AT      : AT< OK (RIL_CMD_READER_3, tid:2864867616)
12-05 18:55:35.492   646   674 D RIL-OEM : requestQueryThermal success
12-05 18:55:38.399   646   686 I AT      : AT< +ECSQ: 23,24,1,1,1,-33,-466,7,34 (RIL_URC_READER, tid:0)
12-05 18:55:38.400   646   686 I RILC    : RIL_SOCKET_1 UNSOLICITED: UNSOL_SIGNAL_STRENGTH length:72
12-05 18:55:38.402   746   788 D RilMalClient: command Fd not ready here
12-05 18:55:38.404  1227  1227 D SST     : [GsmSST0] handle EVENT_SIGNAL_STRENGTH_UPDATE
12-05 18:55:38.404  1227  1227 W SignalStrength: Signal before validate=SignalStrength: 0 24 -1 -1 -1 -1 -1 99 116 8 85 2147483647 2147483647 gsm|lte 2147483647 2147483647 2147483647
12-05 18:55:38.405  1227  1227 W SignalStrength: Signal after validate=SignalStrength: 0 24 -120 -160 -120 -1 -1 99 -116 -8 85 2147483647 2147483647 gsm|lte 2147483647 2147483647 2147483647
12-05 18:55:38.409  1227  1227 D SubscriptionController: [getPhoneId] asked for default subId=-1
12-05 18:55:38.411   728  1513 I use-Rlog/RLOG-GSM: getLTELevel - rsrp:-116 snr:85 rsrpIconLevel:0 snrIconLevel:3
12-05 18:55:38.412   728  1513 W SignalStrength: getTdScdmaLevel = 0
12-05 18:55:38.412   728  1513 W SignalStrength: getLevel=0
12-05 18:55:43.519   646   686 I AT      : AT< +ECSQ: 21,25,1,1,1,-37,-464,7,35 (RIL_URC_READER, tid:0)
12-05 18:55:43.520   646   686 I RILC    : RIL_SOCKET_1 UNSOLICITED: UNSOL_SIGNAL_STRENGTH length:72
12-05 18:55:43.522   746   788 D RilMalClient: command Fd not ready here
12-05 18:55:43.524  1227  1227 D SST     : [GsmSST0] handle EVENT_SIGNAL_STRENGTH_UPDATE
12-05 18:55:43.525  1227  1227 W SignalStrength: Signal before validate=SignalStrength: 0 25 -1 -1 -1 -1 -1 99 116 9 87 2147483647 2147483647 gsm|lte 2147483647 2147483647 2147483647
12-05 18:55:43.525  1227  1227 W SignalStrength: Signal after validate=SignalStrength: 0 25 -120 -160 -120 -1 -1 99 -116 -9 87 2147483647 2147483647 gsm|lte 2147483647 2147483647 2147483647
12-05 18:55:43.528  1227  1227 D SubscriptionController: [getPhoneId] asked for default subId=-1
12-05 18:55:43.531   728  1512 I use-Rlog/RLOG-GSM: getLTELevel - rsrp:-116 snr:87 rsrpIconLevel:0 snrIconLevel:3
12-05 18:55:43.532   728  1512 W SignalStrength: getTdScdmaLevel = 0
12-05 18:55:43.532   728  1512 W SignalStrength: getLevel=0
12-05 18:55:45.501   646   683 I RILC    : NUMBER:1
12-05 18:55:45.502   646   683 I RILC    : arg len:14
12-05 18:55:45.502   646   683 I RILC    : ARGS[0]:THERMAL,0,-1
12-05 18:55:45.502   646   683 I RILC-MTK: set request 2502 to protocal 1, proxyId=3
12-05 18:55:45.504   646   674 I RILC-MTK: proxy id:3, proxyName: RIL_CMD_PROXY_1, QUERY_MODEM_THERMAL pRI=0xa93b9000 p=0xa93b21f8 execute on RIL_CMD_PROXY_1 using channel 3
12-05 18:55:45.504   646   674 D RIL     : onRequest: QUERY_MODEM_THERMAL, datalen = 4, radioState:10
12-05 18:55:45.504   646   674 D RIL-OEM : requestQueryThermal Enter,-1
12-05 18:55:45.504   646   674 I AT      : AT> AT+ETHERMAL (RIL_CMD_READER_3, tid:2864867616)
12-05 18:55:45.522   646   689 I AT      : AT< +ETHERMAL: 3, 34, -127, -1, 32767, 18 (RIL_CMD_READER_3, tid:2864867616)
12-05 18:55:45.522   646   689 I AT      : AT< OK (RIL_CMD_READER_3, tid:2864867616)
12-05 18:55:45.523   646   674 D RIL-OEM : requestQueryThermal success
12-05 18:55:48.639   646   686 I AT      : AT< +ECSQ: 22,25,1,1,1,-36,-463,7,37 (RIL_URC_READER, tid:0)
12-05 18:55:48.640   646   686 I RILC    : RIL_SOCKET_1 UNSOLICITED: UNSOL_SIGNAL_STRENGTH length:72
12-05 18:55:48.643   746   788 D RilMalClient: command Fd not ready here
12-05 18:55:48.645  1227  1227 D SST     : [GsmSST0] handle EVENT_SIGNAL_STRENGTH_UPDATE
12-05 18:55:48.645  1227  1227 W SignalStrength: Signal before validate=SignalStrength: 0 25 -1 -1 -1 -1 -1 99 115 9 92 2147483647 2147483647 gsm|lte 2147483647 2147483647 2147483647
12-05 18:55:48.646  1227  1227 W SignalStrength: Signal after validate=SignalStrength: 0 25 -120 -160 -120 -1 -1 99 -115 -9 92 2147483647 2147483647 gsm|lte 2147483647 2147483647 2147483647
12-05 18:55:48.649  1227  1227 D SubscriptionController: [getPhoneId] asked for default subId=-1
12-05 18:55:48.651   728  1513 I use-Rlog/RLOG-GSM: getLTELevel - rsrp:-115 snr:92 rsrpIconLevel:1 snrIconLevel:3
12-05 18:55:48.652   728  1513 W SignalStrength: getLevel=1
12-05 18:55:53.760   646   686 I AT      : AT< +ECSQ: 21,25,1,1,1,-38,-462,7,37 (RIL_URC_READER, tid:0)
12-05 18:55:53.760   646   686 I RILC    : RIL_SOCKET_1 UNSOLICITED: UNSOL_SIGNAL_STRENGTH length:72
12-05 18:55:53.762   746   788 D RilMalClient: command Fd not ready here
12-05 18:55:53.764  1227  1227 D SST     : [GsmSST0] handle EVENT_SIGNAL_STRENGTH_UPDATE
12-05 18:55:53.765  1227  1227 W SignalStrength: Signal before validate=SignalStrength: 0 25 -1 -1 -1 -1 -1 99 115 9 92 2147483647 2147483647 gsm|lte 2147483647 2147483647 2147483647
12-05 18:55:53.765  1227  1227 W SignalStrength: Signal after validate=SignalStrength: 0 25 -120 -160 -120 -1 -1 99 -115 -9 92 2147483647 2147483647 gsm|lte 2147483647 2147483647 2147483647
12-05 18:55:55.532   646   683 I RILC    : NUMBER:1
12-05 18:55:55.532   646   683 I RILC    : arg len:14
12-05 18:55:55.532   646   683 I RILC    : ARGS[0]:THERMAL,0,-1
12-05 18:55:55.532   646   683 I RILC-MTK: set request 2502 to protocal 1, proxyId=3
12-05 18:55:55.535   646   674 I RILC-MTK: proxy id:3, proxyName: RIL_CMD_PROXY_1, QUERY_MODEM_THERMAL pRI=0xa93b9020 p=0xa93b2268 execute on RIL_CMD_PROXY_1 using channel 3
12-05 18:55:55.535   646   674 D RIL     : onRequest: QUERY_MODEM_THERMAL, datalen = 4, radioState:10
12-05 18:55:55.535   646   674 D RIL-OEM : requestQueryThermal Enter,-1
12-05 18:55:55.535   646   674 I AT      : AT> AT+ETHERMAL (RIL_CMD_READER_3, tid:2864867616)
12-05 18:55:55.549   646   689 I AT      : AT< +ETHERMAL: 3, 33, -127, -1, 32767, 18 (RIL_CMD_READER_3, tid:2864867616)
12-05 18:55:55.552   646   689 I AT      : AT< OK (RIL_CMD_READER_3, tid:2864867616)
12-05 18:55:55.552   646   674 D RIL-OEM : requestQueryThermal success
12-05 18:55:58.879   646   686 I AT      : AT< +ECSQ: 21,22,1,1,1,-37,-474,7,34 (RIL_URC_READER, tid:0)
12-05 18:55:58.880   646   686 I RILC    : RIL_SOCKET_1 UNSOLICITED: UNSOL_SIGNAL_STRENGTH length:72
12-05 18:55:58.882   746   788 D RilMalClient: command Fd not ready here
12-05 18:55:58.885  1227  1227 D SST     : [GsmSST0] handle EVENT_SIGNAL_STRENGTH_UPDATE
12-05 18:55:58.885  1227  1227 W SignalStrength: Signal before validate=SignalStrength: 0 22 -1 -1 -1 -1 -1 99 118 9 85 2147483647 2147483647 gsm|lte 2147483647 2147483647 2147483647
12-05 18:55:58.885  1227  1227 W SignalStrength: Signal after validate=SignalStrength: 0 22 -120 -160 -120 -1 -1 99 -118 -9 85 2147483647 2147483647 gsm|lte 2147483647 2147483647 2147483647
12-05 18:55:58.889  1227  1227 D SubscriptionController: [getPhoneId] asked for default subId=-1
12-05 18:55:58.891   728  1513 I use-Rlog/RLOG-GSM: getLTELevel - rsrp:-118 snr:85 rsrpIconLevel:0 snrIconLevel:3
12-05 18:55:58.891   728  1513 W SignalStrength: getTdScdmaLevel = 0
12-05 18:55:58.892   728  1513 W SignalStrength: getLevel=0
12-05 18:56:00.171   728   753 I am_pss  : [1515,10010,com.android.launcher3,42485760,36167680,0]
12-05 18:56:03.999   646   686 I AT      : AT< +ECSQ: 20,22,1,1,1,-40,-473,7,29 (RIL_URC_READER, tid:0)
12-05 18:56:04.000   646   686 I RILC    : RIL_SOCKET_1 UNSOLICITED: UNSOL_SIGNAL_STRENGTH length:72
12-05 18:56:04.002   746   788 D RilMalClient: command Fd not ready here
12-05 18:56:04.004  1227  1227 D SST     : [GsmSST0] handle EVENT_SIGNAL_STRENGTH_UPDATE
12-05 18:56:04.005  1227  1227 W SignalStrength: Signal before validate=SignalStrength: 0 22 -1 -1 -1 -1 -1 99 118 10 72 2147483647 2147483647 gsm|lte 2147483647 2147483647 2147483647
12-05 18:56:04.005  1227  1227 W SignalStrength: Signal after validate=SignalStrength: 0 22 -120 -160 -120 -1 -1 99 -118 -10 72 2147483647 2147483647 gsm|lte 2147483647 2147483647 2147483647
12-05 18:56:04.008  1227  1227 D SubscriptionController: [getPhoneId] asked for default subId=-1
12-05 18:56:04.011   728  1510 I use-Rlog/RLOG-GSM: getLTELevel - rsrp:-118 snr:72 rsrpIconLevel:0 snrIconLevel:3
12-05 18:56:04.012   728  1510 W SignalStrength: getTdScdmaLevel = 0
12-05 18:56:04.012   728  1510 W SignalStrength: getLevel=0
12-05 18:56:05.569   646   683 I RILC    : NUMBER:1
12-05 18:56:05.569   646   683 I RILC    : arg len:14
12-05 18:56:05.569   646   683 I RILC    : ARGS[0]:THERMAL,0,-1
12-05 18:56:05.570   646   683 I RILC-MTK: set request 2502 to protocal 1, proxyId=3
12-05 18:56:05.571   646   674 I RILC-MTK: proxy id:3, proxyName: RIL_CMD_PROXY_1, QUERY_MODEM_THERMAL pRI=0xa93b9100 p=0xa93b22d8 execute on RIL_CMD_PROXY_1 using channel 3
12-05 18:56:05.571   646   674 D RIL     : onRequest: QUERY_MODEM_THERMAL, datalen = 4, radioState:10
12-05 18:56:05.571   646   674 D RIL-OEM : requestQueryThermal Enter,-1
12-05 18:56:05.572   646   674 I AT      : AT> AT+ETHERMAL (RIL_CMD_READER_3, tid:2864867616)
12-05 18:56:05.589   646   689 I AT      : AT< +ETHERMAL: 3, 34, -127, -1, 32767, 18 (RIL_CMD_READER_3, tid:2864867616)
12-05 18:56:05.589   646   689 I AT      : AT< OK (RIL_CMD_READER_3, tid:2864867616)
12-05 18:56:05.590   646   674 D RIL-OEM : requestQueryThermal success
12-05 18:56:08.264  1227  1227 D FdManager: [GDCT][phoneId0]onReceive: action=android.intent.action.BATTERY_CHANGED
12-05 18:56:08.265  1227  1227 D FdManager: [GDCT][phoneId1]onReceive: action=android.intent.action.BATTERY_CHANGED
12-05 18:56:08.270   728   728 I notification_cancel: [10017,994,com.android.systemui,2131886132,low_battery,-1,0,1088,8,NULL]
12-05 18:56:09.119   646   686 I AT      : AT< +ECSQ: 20,22,1,1,1,-40,-476,7,28 (RIL_URC_READER, tid:0)
12-05 18:56:09.120   646   686 I RILC    : RIL_SOCKET_1 UNSOLICITED: UNSOL_SIGNAL_STRENGTH length:72
12-05 18:56:09.122   746   788 D RilMalClient: command Fd not ready here
12-05 18:56:09.124  1227  1227 D SST     : [GsmSST0] handle EVENT_SIGNAL_STRENGTH_UPDATE
12-05 18:56:09.124  1227  1227 W SignalStrength: Signal before validate=SignalStrength: 0 22 -1 -1 -1 -1 -1 99 119 10 70 2147483647 2147483647 gsm|lte 2147483647 2147483647 2147483647
12-05 18:56:09.125  1227  1227 W SignalStrength: Signal after validate=SignalStrength: 0 22 -120 -160 -120 -1 -1 99 -119 -10 70 2147483647 2147483647 gsm|lte 2147483647 2147483647 2147483647
12-05 18:56:09.129  1227  1227 D SubscriptionController: [getPhoneId] asked for default subId=-1
12-05 18:56:09.135   728  1102 I use-Rlog/RLOG-GSM: getLTELevel - rsrp:-119 snr:70 rsrpIconLevel:0 snrIconLevel:3
12-05 18:56:09.135   728  1102 W SignalStrength: getTdScdmaLevel = 0
12-05 18:56:09.135   728  1102 W SignalStrength: getLevel=0
12-05 18:56:14.239   646   686 I AT      : AT< +ECSQ: 23,21,1,1,1,-34,-477,7,25 (RIL_URC_READER, tid:0)
12-05 18:56:14.240   646   686 I RILC    : RIL_SOCKET_1 UNSOLICITED: UNSOL_SIGNAL_STRENGTH length:72
12-05 18:56:14.242   746   788 D RilMalClient: command Fd not ready here
12-05 18:56:14.244  1227  1227 D SST     : [GsmSST0] handle EVENT_SIGNAL_STRENGTH_UPDATE
12-05 18:56:14.244  1227  1227 W SignalStrength: Signal before validate=SignalStrength: 0 21 -1 -1 -1 -1 -1 99 119 8 62 2147483647 2147483647 gsm|lte 2147483647 2147483647 2147483647
12-05 18:56:14.245  1227  1227 W SignalStrength: Signal after validate=SignalStrength: 0 21 -120 -160 -120 -1 -1 99 -119 -8 62 2147483647 2147483647 gsm|lte 2147483647 2147483647 2147483647
12-05 18:56:14.248  1227  1227 D SubscriptionController: [getPhoneId] asked for default subId=-1
12-05 18:56:14.251   728  1102 I use-Rlog/RLOG-GSM: getLTELevel - rsrp:-119 snr:62 rsrpIconLevel:0 snrIconLevel:3
12-05 18:56:14.251   728  1102 W SignalStrength: getTdScdmaLevel = 0
12-05 18:56:14.251   728  1102 W SignalStrength: getLevel=0
12-05 18:56:15.596   646   683 I RILC    : NUMBER:1
12-05 18:56:15.596   646   683 I RILC    : arg len:14
12-05 18:56:15.596   646   683 I RILC    : ARGS[0]:THERMAL,0,-1
12-05 18:56:15.597   646   683 I RILC-MTK: set request 2502 to protocal 1, proxyId=3
12-05 18:56:15.598   646   674 I RILC-MTK: proxy id:3, proxyName: RIL_CMD_PROXY_1, QUERY_MODEM_THERMAL pRI=0xa93b91e0 p=0xa93b26c8 execute on RIL_CMD_PROXY_1 using channel 3
12-05 18:56:15.598   646   674 D RIL     : onRequest: QUERY_MODEM_THERMAL, datalen = 4, radioState:10
12-05 18:56:15.598   646   674 D RIL-OEM : requestQueryThermal Enter,-1
12-05 18:56:15.599   646   674 I AT      : AT> AT+ETHERMAL (RIL_CMD_READER_3, tid:2864867616)
12-05 18:56:15.615   646   689 I AT      : AT< +ETHERMAL: 3, 34, -127, -1, 32767, 18 (RIL_CMD_READER_3, tid:2864867616)
12-05 18:56:15.617   646   689 I AT      : AT< OK (RIL_CMD_READER_3, tid:2864867616)
12-05 18:56:15.617   646   674 D RIL-OEM : requestQueryThermal success
12-05 18:56:19.359   646   686 I AT      : AT< +ECSQ: 23,21,1,1,1,-34,-477,7,23 (RIL_URC_READER, tid:0)
12-05 18:56:19.360   646   686 I RILC    : RIL_SOCKET_1 UNSOLICITED: UNSOL_SIGNAL_STRENGTH length:72
12-05 18:56:19.362   746   788 D RilMalClient: command Fd not ready here
12-05 18:56:19.364  1227  1227 D SST     : [GsmSST0] handle EVENT_SIGNAL_STRENGTH_UPDATE
12-05 18:56:19.364  1227  1227 W SignalStrength: Signal before validate=SignalStrength: 0 21 -1 -1 -1 -1 -1 99 119 8 57 2147483647 2147483647 gsm|lte 2147483647 2147483647 2147483647
12-05 18:56:19.365  1227  1227 W SignalStrength: Signal after validate=SignalStrength: 0 21 -120 -160 -120 -1 -1 99 -119 -8 57 2147483647 2147483647 gsm|lte 2147483647 2147483647 2147483647
12-05 18:56:19.368  1227  1227 D SubscriptionController: [getPhoneId] asked for default subId=-1
12-05 18:56:19.370   728  1102 I use-Rlog/RLOG-GSM: getLTELevel - rsrp:-119 snr:57 rsrpIconLevel:0 snrIconLevel:3
12-05 18:56:19.372   728  1102 W SignalStrength: getTdScdmaLevel = 0
12-05 18:56:19.372   728  1102 W SignalStrength: getLevel=0
12-05 18:56:24.480   646   686 I AT      : AT< +ECSQ: 21,24,1,1,1,-37,-467,7,27 (RIL_URC_READER, tid:0)
12-05 18:56:24.480   646   686 I RILC    : RIL_SOCKET_1 UNSOLICITED: UNSOL_SIGNAL_STRENGTH length:72
12-05 18:56:24.482   746   788 D RilMalClient: command Fd not ready here
12-05 18:56:24.484  1227  1227 D SST     : [GsmSST0] handle EVENT_SIGNAL_STRENGTH_UPDATE
12-05 18:56:24.485  1227  1227 W SignalStrength: Signal before validate=SignalStrength: 0 24 -1 -1 -1 -1 -1 99 116 9 67 2147483647 2147483647 gsm|lte 2147483647 2147483647 2147483647
12-05 18:56:24.485  1227  1227 W SignalStrength: Signal after validate=SignalStrength: 0 24 -120 -160 -120 -1 -1 99 -116 -9 67 2147483647 2147483647 gsm|lte 2147483647 2147483647 2147483647
12-05 18:56:24.489  1227  1227 D SubscriptionController: [getPhoneId] asked for default subId=-1
12-05 18:56:24.491   728  1511 I use-Rlog/RLOG-GSM: getLTELevel - rsrp:-116 snr:67 rsrpIconLevel:0 snrIconLevel:3
12-05 18:56:24.492   728  1511 W SignalStrength: getTdScdmaLevel = 0
12-05 18:56:24.492   728  1511 W SignalStrength: getLevel=0
12-05 18:56:25.624   646   683 I RILC    : NUMBER:1
12-05 18:56:25.624   646   683 I RILC    : arg len:14
12-05 18:56:25.624   646   683 I RILC    : ARGS[0]:THERMAL,0,-1
12-05 18:56:25.625   646   683 I RILC-MTK: set request 2502 to protocal 1, proxyId=3
12-05 18:56:25.626   646   674 I RILC-MTK: proxy id:3, proxyName: RIL_CMD_PROXY_1, QUERY_MODEM_THERMAL pRI=0xa93b9080 p=0xa93b21c0 execute on RIL_CMD_PROXY_1 using channel 3
12-05 18:56:25.626   646   674 D RIL     : onRequest: QUERY_MODEM_THERMAL, datalen = 4, radioState:10
12-05 18:56:25.626   646   674 D RIL-OEM : requestQueryThermal Enter,-1
12-05 18:56:25.627   646   674 I AT      : AT> AT+ETHERMAL (RIL_CMD_READER_3, tid:2864867616)
12-05 18:56:25.642   646   689 I AT      : AT< +ETHERMAL: 3, 34, -127, -1, 32767, 18 (RIL_CMD_READER_3, tid:2864867616)
12-05 18:56:25.644   646   689 I AT      : AT< OK (RIL_CMD_READER_3, tid:2864867616)
12-05 18:56:25.645   646   674 D RIL-OEM : requestQueryThermal success
12-05 18:56:29.602   646   686 I AT      : AT< +ECSQ: 22,24,1,1,1,-35,-467,7,31 (RIL_URC_READER, tid:0)
12-05 18:56:29.602   646   686 I RILC    : RIL_SOCKET_1 UNSOLICITED: UNSOL_SIGNAL_STRENGTH length:72
12-05 18:56:29.604   746   788 D RilMalClient: command Fd not ready here
12-05 18:56:29.607  1227  1227 D SST     : [GsmSST0] handle EVENT_SIGNAL_STRENGTH_UPDATE
12-05 18:56:29.607  1227  1227 W SignalStrength: Signal before validate=SignalStrength: 0 24 -1 -1 -1 -1 -1 99 116 8 77 2147483647 2147483647 gsm|lte 2147483647 2147483647 2147483647
